0974bb68 d .bss
09749330 d .data
00000000 d .debug_abbrev
00000000 d .debug_aranges
00000000 d .debug_frame
00000000 d .debug_funcnames
00000000 d .debug_info
00000000 d .debug_line
00000000 d .debug_pubnames
0974bb5c d .lit4
09749000 d .rodata
0974bb2c d .sbss
0974bb60 d .sdata
0974bb40 d .srdata
096e6940 t .text
096e4b2c U AddResource
096e68c8 U AttendClient
096e68b4 U CloseDownClient
096e4b04 U CreateNewResourceType
096e4bf4 U ErrorF
096e4b54 U FakeClientID
096e4cf8 U FatalError
096e4bb8 U FindWindowWithOptional
096e4b40 U FreeResource
096e4af0 U FreeResourceByType
0974bdc0 D GLXScreens
096e683c U LBX_IgnoreClient
096e6828 U LbxCheckAndLbxSetForBlock
096e4ba4 U LookupDrawable
096e4c30 U LookupIDByClass
096e4adc U LookupIDByType
096e4ce4 U MakeAtom
00000000 U ProcVector
096e688c U RegisterBlockAndWakeupHandlers
096e68a0 U RemoveBlockAndWakeupHandlers
096e6814 U ResetCurrentRequest
096fa958 T SwapGroupGone
00000000 U SwappedProcVector
096e4b68 U TryClientEvents
096e4b90 U WriteToClient
096e4b18 U Xalloc
096e4ab4 U Xfree
096e4b7c U Xrealloc
097493e0 D __GLXrenderSizeTable
097499f8 D __GLXrenderSizeTable_EXT
09749ad8 D __GLXrenderSizeTable_SGI
00000000 T __dso_displacement
096d0000 T __elf_header
0974bb88 D __glXBadContext
0974bb8c D __glXBadContextState
0974bb98 D __glXBadContextTag
0974bb9c D __glXBadCurrentWindow
0974bb90 D __glXBadDrawable
0974bbac D __glXBadFBConfigSGIX
0974bba4 D __glXBadLargeRequest
0974bbb0 D __glXBadPbufferSGIX
0974bb94 D __glXBadPixmap
0974bba0 D __glXBadRenderRequest
0974bb6c D __glXClientRes
0974bbb8 D __glXClients
0974bb68 D __glXContextRes
09720d6c T __glXDispSwap_Accum
09722388 T __glXDispSwap_AlphaFunc
0971835c T __glXDispSwap_Begin
09726308 T __glXDispSwap_BindTextureEXT
097045c8 T __glXDispSwap_Bitmap
097251f4 T __glXDispSwap_BlendColorEXT
09725390 T __glXDispSwap_BlendEquationEXT
09722474 T __glXDispSwap_BlendFunc
09718234 T __glXDispSwap_CallList
09733b7c T __glXDispSwap_CallLists
09720594 T __glXDispSwap_Clear
09720628 T __glXDispSwap_ClearAccum
09720858 T __glXDispSwap_ClearColor
09720a88 T __glXDispSwap_ClearDepth
097207c4 T __glXDispSwap_ClearIndex
097209f4 T __glXDispSwap_ClearStencil
0971caf4 T __glXDispSwap_ClipPlane
097183f0 T __glXDispSwap_Color3bv
09718430 T __glXDispSwap_Color3dv
097185c8 T __glXDispSwap_Color3fv
097186b8 T __glXDispSwap_Color3iv
097187a8 T __glXDispSwap_Color3sv
09718860 T __glXDispSwap_Color3ubv
097188a0 T __glXDispSwap_Color3uiv
09718990 T __glXDispSwap_Color3usv
09718a48 T __glXDispSwap_Color4bv
09718a88 T __glXDispSwap_Color4dv
09718c20 T __glXDispSwap_Color4fv
09718d10 T __glXDispSwap_Color4iv
09718e00 T __glXDispSwap_Color4sv
09718eb8 T __glXDispSwap_Color4ubv
09718ef8 T __glXDispSwap_Color4uiv
09718fe8 T __glXDispSwap_Color4usv
09720c38 T __glXDispSwap_ColorMask
0971cce4 T __glXDispSwap_ColorMaterial
09727a88 T __glXDispSwap_ColorTableParameterfvSGI
09727c6c T __glXDispSwap_ColorTableParameterivSGI
09708094 T __glXDispSwap_ColorTableSGI
097073e4 T __glXDispSwap_ConvolutionFilter1DEXT
097077c0 T __glXDispSwap_ConvolutionFilter2DEXT
09725510 T __glXDispSwap_ConvolutionParameterfEXT
09725654 T __glXDispSwap_ConvolutionParameterfvEXT
09725838 T __glXDispSwap_ConvolutionParameteriEXT
0972597c T __glXDispSwap_ConvolutionParameterivEXT
09727e50 T __glXDispSwap_CopyColorTableSGI
09725b60 T __glXDispSwap_CopyConvolutionFilter1DEXT
09725d54 T __glXDispSwap_CopyConvolutionFilter2DEXT
09723170 T __glXDispSwap_CopyPixels
09726630 T __glXDispSwap_CopyTexImage1DEXT
097268d4 T __glXDispSwap_CopyTexImage2DEXT
09726bd0 T __glXDispSwap_CopyTexSubImage1DEXT
09726e1c T __glXDispSwap_CopyTexSubImage2DEXT
09727118 T __glXDispSwap_CopyTexSubImage3DEXT
0971cdd0 T __glXDispSwap_CullFace
0972287c T __glXDispSwap_DepthFunc
09720c94 T __glXDispSwap_DepthMask
09723364 T __glXDispSwap_DepthRange
09727708 T __glXDispSwap_DetailTexFuncSGIS
09720e58 T __glXDispSwap_Disable
097344bc T __glXDispSwap_DrawArraysEXT
09720500 T __glXDispSwap_DrawBuffer
097053b4 T __glXDispSwap_DrawPixels
097190a0 T __glXDispSwap_EdgeFlagv
09720eec T __glXDispSwap_Enable
097190e0 T __glXDispSwap_End
097219c0 T __glXDispSwap_EvalCoord1dv
09721b58 T __glXDispSwap_EvalCoord1fv
09721c48 T __glXDispSwap_EvalCoord2dv
09721de0 T __glXDispSwap_EvalCoord2fv
09721ed0 T __glXDispSwap_EvalMesh1
097220a8 T __glXDispSwap_EvalMesh2
09722014 T __glXDispSwap_EvalPoint1
0972229c T __glXDispSwap_EvalPoint2
09728a58 T __glXDispSwap_FogFuncSGIS
0971ce64 T __glXDispSwap_Fogf
0971cf50 T __glXDispSwap_Fogfv
0971d0dc T __glXDispSwap_Fogi
0971d1c8 T __glXDispSwap_Fogiv
09728ebc T __glXDispSwap_FrameZoomSGIX
0971d354 T __glXDispSwap_FrontFace
09723528 T __glXDispSwap_Frustum
0971d3e8 T __glXDispSwap_Hint
09725fa0 T __glXDispSwap_HistogramEXT
09720cd8 T __glXDispSwap_IndexMask
0971911c T __glXDispSwap_Indexdv
097192b4 T __glXDispSwap_Indexfv
097193a4 T __glXDispSwap_Indexiv
09719494 T __glXDispSwap_Indexsv
0972755c T __glXDispSwap_Indexubv
097202cc T __glXDispSwap_InitNames
0971db24 T __glXDispSwap_LightModelf
0971dc10 T __glXDispSwap_LightModelfv
0971dd9c T __glXDispSwap_LightModeli
0971de88 T __glXDispSwap_LightModeliv
0971d4d4 T __glXDispSwap_Lightf
0971d618 T __glXDispSwap_Lightfv
0971d7fc T __glXDispSwap_Lighti
0971d940 T __glXDispSwap_Lightiv
0971e014 T __glXDispSwap_LineStipple
0971e0d8 T __glXDispSwap_LineWidth
097182c8 T __glXDispSwap_ListBase
0972398c T __glXDispSwap_LoadIdentity
09723ab8 T __glXDispSwap_LoadMatrixd
097239c8 T __glXDispSwap_LoadMatrixf
09720308 T __glXDispSwap_LoadName
09722560 T __glXDispSwap_LogicOp
097330a8 T __glXDispSwap_Map1d
09732994 T __glXDispSwap_Map1f
09733500 T __glXDispSwap_Map2d
09732c6c T __glXDispSwap_Map2f
09721050 T __glXDispSwap_MapGrid1d
0972126c T __glXDispSwap_MapGrid1f
097213b0 T __glXDispSwap_MapGrid2d
09721774 T __glXDispSwap_MapGrid2f
0971e16c T __glXDispSwap_Materialf
0971e2b0 T __glXDispSwap_Materialfv
0971e494 T __glXDispSwap_Materiali
0971e5d8 T __glXDispSwap_Materialiv
09723c50 T __glXDispSwap_MatrixMode
097260ec T __glXDispSwap_MinmaxEXT
09723dd4 T __glXDispSwap_MultMatrixd
09723ce4 T __glXDispSwap_MultMatrixf
0971954c T __glXDispSwap_Normal3bv
0971958c T __glXDispSwap_Normal3dv
09719724 T __glXDispSwap_Normal3fv
09719814 T __glXDispSwap_Normal3iv
09719904 T __glXDispSwap_Normal3sv
09723f6c T __glXDispSwap_Ortho
0972039c T __glXDispSwap_PassThrough
09722bd4 T __glXDispSwap_PixelMapfv
09722d94 T __glXDispSwap_PixelMapuiv
09722f54 T __glXDispSwap_PixelMapusv
09728044 T __glXDispSwap_PixelTexGenSGIX
097229fc T __glXDispSwap_PixelTransferf
09722ae8 T __glXDispSwap_PixelTransferi
09722910 T __glXDispSwap_PixelZoom
097287e0 T __glXDispSwap_PointParameterfSGIS
097288cc T __glXDispSwap_PointParameterfvSGIS
0971e7bc T __glXDispSwap_PointSize
0971e850 T __glXDispSwap_PolygonMode
09727470 T __glXDispSwap_PolygonOffset
09725424 T __glXDispSwap_PolygonOffsetEXT
097043a8 T __glXDispSwap_PolygonStipple
09720f80 T __glXDispSwap_PopAttrib
097243d0 T __glXDispSwap_PopMatrix
09720430 T __glXDispSwap_PopName
097263f4 T __glXDispSwap_PrioritizeTexturesEXT
09720fbc T __glXDispSwap_PushAttrib
0972440c T __glXDispSwap_PushMatrix
0972046c T __glXDispSwap_PushName
097199bc T __glXDispSwap_RasterPos2dv
09719b54 T __glXDispSwap_RasterPos2fv
09719c44 T __glXDispSwap_RasterPos2iv
09719d34 T __glXDispSwap_RasterPos2sv
09719dec T __glXDispSwap_RasterPos3dv
09719f84 T __glXDispSwap_RasterPos3fv
0971a074 T __glXDispSwap_RasterPos3iv
0971a164 T __glXDispSwap_RasterPos3sv
0971a21c T __glXDispSwap_RasterPos4dv
0971a3b4 T __glXDispSwap_RasterPos4fv
0971a4a4 T __glXDispSwap_RasterPos4iv
0971a594 T __glXDispSwap_RasterPos4sv
097230dc T __glXDispSwap_ReadBuffer
09728bc0 T __glXDispSwap_ReadInstrumentsSGIX
0971a64c T __glXDispSwap_Rectdv
0971a910 T __glXDispSwap_Rectfv
0971aabc T __glXDispSwap_Rectiv
0971ac68 T __glXDispSwap_Rectsv
09728d24 T __glXDispSwap_ReferencePlaneSGIX
097261e0 T __glXDispSwap_ResetHistogramEXT
09726274 T __glXDispSwap_ResetMinmaxEXT
09724448 T __glXDispSwap_Rotated
0972475c T __glXDispSwap_Rotatef
0972759c T __glXDispSwap_SampleMaskSGIS
09727638 T __glXDispSwap_SamplePatternSGIS
097248f8 T __glXDispSwap_Scaled
09724b64 T __glXDispSwap_Scalef
0971e93c T __glXDispSwap_Scissor
09707bf0 T __glXDispSwap_SeparableFilter2DEXT
0971ead8 T __glXDispSwap_ShadeModel
097278c8 T __glXDispSwap_SharpenTexFuncSGIS
097280d8 T __glXDispSwap_SpriteParameterfSGIX
097281c4 T __glXDispSwap_SpriteParameterfvSGIX
09728350 T __glXDispSwap_SpriteParameteriSGIX
0972843c T __glXDispSwap_SpriteParameterivSGIX
09728c54 T __glXDispSwap_StartInstrumentsSGIX
097225f4 T __glXDispSwap_StencilFunc
09720ba4 T __glXDispSwap_StencilMask
09722738 T __glXDispSwap_StencilOp
09728c90 T __glXDispSwap_StopInstrumentsSGIX
097276cc T __glXDispSwap_TagSampleBufferSGIX
0971ada4 T __glXDispSwap_TexCoord1dv
0971af3c T __glXDispSwap_TexCoord1fv
0971b02c T __glXDispSwap_TexCoord1iv
0971b11c T __glXDispSwap_TexCoord1sv
0971b1d4 T __glXDispSwap_TexCoord2dv
0971b36c T __glXDispSwap_TexCoord2fv
0971b45c T __glXDispSwap_TexCoord2iv
0971b54c T __glXDispSwap_TexCoord2sv
0971b604 T __glXDispSwap_TexCoord3dv
0971b79c T __glXDispSwap_TexCoord3fv
0971b88c T __glXDispSwap_TexCoord3iv
0971b97c T __glXDispSwap_TexCoord3sv
0971ba34 T __glXDispSwap_TexCoord4dv
0971bbcc T __glXDispSwap_TexCoord4fv
0971bcbc T __glXDispSwap_TexCoord4iv
0971bdac T __glXDispSwap_TexCoord4sv
0971f1bc T __glXDispSwap_TexEnvf
0971f300 T __glXDispSwap_TexEnvfv
0971f4e4 T __glXDispSwap_TexEnvi
0971f628 T __glXDispSwap_TexEnviv
097285c8 T __glXDispSwap_TexFilterFuncSGIS
0971f80c T __glXDispSwap_TexGend
0971f9d8 T __glXDispSwap_TexGendv
0971fc7c T __glXDispSwap_TexGenf
0971fdc0 T __glXDispSwap_TexGenfv
0971ffa4 T __glXDispSwap_TexGeni
097200e8 T __glXDispSwap_TexGeniv
097049f8 T __glXDispSwap_TexImage1D
09704ed0 T __glXDispSwap_TexImage2D
09705734 T __glXDispSwap_TexImage3DEXT
09705c84 T __glXDispSwap_TexImage4DSGIS
0971eb6c T __glXDispSwap_TexParameterf
0971ecb0 T __glXDispSwap_TexParameterfv
0971ee94 T __glXDispSwap_TexParameteri
0971efd8 T __glXDispSwap_TexParameteriv
097061e0 T __glXDispSwap_TexSubImage1DEXT
09706570 T __glXDispSwap_TexSubImage2DEXT
09706914 T __glXDispSwap_TexSubImage3DEXT
09706e70 T __glXDispSwap_TexSubImage4DSGIS
09724ca8 T __glXDispSwap_Translated
09724f14 T __glXDispSwap_Translatef
0971be64 T __glXDispSwap_Vertex2dv
0971bffc T __glXDispSwap_Vertex2fv
0971c0ec T __glXDispSwap_Vertex2iv
0971c1dc T __glXDispSwap_Vertex2sv
0971c294 T __glXDispSwap_Vertex3dv
0971c42c T __glXDispSwap_Vertex3fv
0971c51c T __glXDispSwap_Vertex3iv
0971c60c T __glXDispSwap_Vertex3sv
0971c6c4 T __glXDispSwap_Vertex4dv
0971c85c T __glXDispSwap_Vertex4fv
0971c94c T __glXDispSwap_Vertex4iv
0971ca3c T __glXDispSwap_Vertex4sv
09725058 T __glXDispSwap_Viewport
0970acbc T __glXDisp_Accum
0970b2b8 T __glXDisp_AlphaFunc
097084f4 T __glXDisp_Begin
0970c28c T __glXDisp_BindTextureEXT
09717128 T __glXDisp_Bitmap
0970be48 T __glXDisp_BlendColorEXT
0970bea4 T __glXDisp_BlendEquationEXT
0970b304 T __glXDisp_BlendFunc
0970846c T __glXDisp_CallList
097314b4 T __glXDisp_CallLists
0970a994 T __glXDisp_Clear
0970a9d8 T __glXDisp_ClearAccum
0970aa78 T __glXDisp_ClearColor
0970ab18 T __glXDisp_ClearDepth
0970aa34 T __glXDisp_ClearIndex
0970aad4 T __glXDisp_ClearStencil
09709a5c T __glXDisp_ClipPlane
09708538 T __glXDisp_Color3bv
09708578 T __glXDisp_Color3dv
097085f0 T __glXDisp_Color3fv
09708630 T __glXDisp_Color3iv
09708670 T __glXDisp_Color3sv
097086b0 T __glXDisp_Color3ubv
097086f0 T __glXDisp_Color3uiv
09708730 T __glXDisp_Color3usv
09708770 T __glXDisp_Color4bv
097087b0 T __glXDisp_Color4dv
09708828 T __glXDisp_Color4fv
09708868 T __glXDisp_Color4iv
097088a8 T __glXDisp_Color4sv
097088e8 T __glXDisp_Color4ubv
09708928 T __glXDisp_Color4uiv
09708968 T __glXDisp_Color4usv
0970abd8 T __glXDisp_ColorMask
09709adc T __glXDisp_ColorMaterial
0970c7a4 T __glXDisp_ColorTableParameterfvSGI
0970c7f8 T __glXDisp_ColorTableParameterivSGI
0971812c T __glXDisp_ColorTableSGI
09717d9c T __glXDisp_ConvolutionFilter1DEXT
09717ea0 T __glXDisp_ConvolutionFilter2DEXT
0970bf34 T __glXDisp_ConvolutionParameterfEXT
0970bf88 T __glXDisp_ConvolutionParameterfvEXT
0970bfdc T __glXDisp_ConvolutionParameteriEXT
0970c030 T __glXDisp_ConvolutionParameterivEXT
0970c84c T __glXDisp_CopyColorTableSGI
0970c084 T __glXDisp_CopyConvolutionFilter1DEXT
0970c0e8 T __glXDisp_CopyConvolutionFilter2DEXT
0970b6a4 T __glXDisp_CopyPixels
0970c344 T __glXDisp_CopyTexImage1DEXT
0970c3b8 T __glXDisp_CopyTexImage2DEXT
0970c434 T __glXDisp_CopyTexSubImage1DEXT
0970c4a0 T __glXDisp_CopyTexSubImage2DEXT
0970c51c T __glXDisp_CopyTexSubImage3DEXT
09709b28 T __glXDisp_CullFace
0970b43c T __glXDisp_DepthFunc
0970ac34 T __glXDisp_DepthMask
0970b708 T __glXDisp_DepthRange
0970c6fc T __glXDisp_DetailTexFuncSGIS
0970ad08 T __glXDisp_Disable
09731518 T __glXDisp_DrawArraysEXT
0970a950 T __glXDisp_DrawBuffer
09717468 T __glXDisp_DrawPixels
097089a8 T __glXDisp_EdgeFlagv
0970ad4c T __glXDisp_Enable
097089e8 T __glXDisp_End
0970b000 T __glXDisp_EvalCoord1dv
0970b078 T __glXDisp_EvalCoord1fv
0970b0b8 T __glXDisp_EvalCoord2dv
0970b130 T __glXDisp_EvalCoord2fv
0970b170 T __glXDisp_EvalMesh1
0970b208 T __glXDisp_EvalMesh2
0970b1c4 T __glXDisp_EvalPoint1
0970b26c T __glXDisp_EvalPoint2
0970cb18 T __glXDisp_FogFuncSGIS
09709b6c T __glXDisp_Fogf
09709bb8 T __glXDisp_Fogfv
09709c04 T __glXDisp_Fogi
09709c50 T __glXDisp_Fogiv
0970cca0 T __glXDisp_FrameZoomSGIX
09709c9c T __glXDisp_FrontFace
0970b78c T __glXDisp_Frustum
09709ce0 T __glXDisp_Hint
0970c154 T __glXDisp_HistogramEXT
0970ac78 T __glXDisp_IndexMask
09708a24 T __glXDisp_Indexdv
09708a9c T __glXDisp_Indexfv
09708adc T __glXDisp_Indexiv
09708b1c T __glXDisp_Indexsv
0970c5f0 T __glXDisp_Indexubv
0970a80c T __glXDisp_InitNames
09709e7c T __glXDisp_LightModelf
09709ec8 T __glXDisp_LightModelfv
09709f14 T __glXDisp_LightModeli
09709f60 T __glXDisp_LightModeliv
09709d2c T __glXDisp_Lightf
09709d80 T __glXDisp_Lightfv
09709dd4 T __glXDisp_Lighti
09709e28 T __glXDisp_Lightiv
09709fac T __glXDisp_LineStipple
09709ff8 T __glXDisp_LineWidth
097084b0 T __glXDisp_ListBase
0970b830 T __glXDisp_LoadIdentity
0970b8ac T __glXDisp_LoadMatrixd
0970b86c T __glXDisp_LoadMatrixf
0970a848 T __glXDisp_LoadName
0970b350 T __glXDisp_LogicOp
09731190 T __glXDisp_Map1d
09730ff0 T __glXDisp_Map1f
097312d8 T __glXDisp_Map2d
09731094 T __glXDisp_Map2f
0970ae10 T __glXDisp_MapGrid1d
0970ae9c T __glXDisp_MapGrid1f
0970aef0 T __glXDisp_MapGrid2d
0970af94 T __glXDisp_MapGrid2f
0970a03c T __glXDisp_Materialf
0970a090 T __glXDisp_Materialfv
0970a0e4 T __glXDisp_Materiali
0970a138 T __glXDisp_Materialiv
0970b924 T __glXDisp_MatrixMode
0970c1b0 T __glXDisp_MinmaxEXT
0970b9a8 T __glXDisp_MultMatrixd
0970b968 T __glXDisp_MultMatrixf
09708b5c T __glXDisp_Normal3bv
09708b9c T __glXDisp_Normal3dv
09708c14 T __glXDisp_Normal3fv
09708c54 T __glXDisp_Normal3iv
09708c94 T __glXDisp_Normal3sv
0970ba20 T __glXDisp_Ortho
0970a88c T __glXDisp_PassThrough
0970b564 T __glXDisp_PixelMapfv
0970b5b8 T __glXDisp_PixelMapuiv
0970b60c T __glXDisp_PixelMapusv
0970c8b0 T __glXDisp_PixelTexGenSGIX
0970b4cc T __glXDisp_PixelTransferf
0970b518 T __glXDisp_PixelTransferi
0970b480 T __glXDisp_PixelZoom
0970ca80 T __glXDisp_PointParameterfSGIS
0970cacc T __glXDisp_PointParameterfvSGIS
0970a18c T __glXDisp_PointSize
0970a1d0 T __glXDisp_PolygonMode
0970c5a4 T __glXDisp_PolygonOffset
0970bee8 T __glXDisp_PolygonOffsetEXT
0971704c T __glXDisp_PolygonStipple
0970ad90 T __glXDisp_PopAttrib
0970bac4 T __glXDisp_PopMatrix
0970a8d0 T __glXDisp_PopName
0970c2d8 T __glXDisp_PrioritizeTexturesEXT
0970adcc T __glXDisp_PushAttrib
0970bb00 T __glXDisp_PushMatrix
0970a90c T __glXDisp_PushName
09708cd4 T __glXDisp_RasterPos2dv
09708d4c T __glXDisp_RasterPos2fv
09708d8c T __glXDisp_RasterPos2iv
09708dcc T __glXDisp_RasterPos2sv
09708e0c T __glXDisp_RasterPos3dv
09708e84 T __glXDisp_RasterPos3fv
09708ec4 T __glXDisp_RasterPos3iv
09708f04 T __glXDisp_RasterPos3sv
09708f44 T __glXDisp_RasterPos4dv
09708fbc T __glXDisp_RasterPos4fv
09708ffc T __glXDisp_RasterPos4iv
0970903c T __glXDisp_RasterPos4sv
0970b660 T __glXDisp_ReadBuffer
0970cb64 T __glXDisp_ReadInstrumentsSGIX
0970907c T __glXDisp_Rectdv
097090fc T __glXDisp_Rectfv
09709144 T __glXDisp_Rectiv
0970918c T __glXDisp_Rectsv
0970cc28 T __glXDisp_ReferencePlaneSGIX
0970c204 T __glXDisp_ResetHistogramEXT
0970c248 T __glXDisp_ResetMinmaxEXT
0970bb3c T __glXDisp_Rotated
0970bbd0 T __glXDisp_Rotatef
0970c630 T __glXDisp_SampleMaskSGIS
0970c67c T __glXDisp_SamplePatternSGIS
0970bc2c T __glXDisp_Scaled
0970bcb8 T __glXDisp_Scalef
0970a21c T __glXDisp_Scissor
09717fac T __glXDisp_SeparableFilter2DEXT
0970a278 T __glXDisp_ShadeModel
0970c750 T __glXDisp_SharpenTexFuncSGIS
0970c8f4 T __glXDisp_SpriteParameterfSGIX
0970c940 T __glXDisp_SpriteParameterfvSGIX
0970c98c T __glXDisp_SpriteParameteriSGIX
0970c9d8 T __glXDisp_SpriteParameterivSGIX
0970cba8 T __glXDisp_StartInstrumentsSGIX
0970b394 T __glXDisp_StencilFunc
0970ab94 T __glXDisp_StencilMask
0970b3e8 T __glXDisp_StencilOp
0970cbe4 T __glXDisp_StopInstrumentsSGIX
0970c6c0 T __glXDisp_TagSampleBufferSGIX
097091d4 T __glXDisp_TexCoord1dv
0970924c T __glXDisp_TexCoord1fv
0970928c T __glXDisp_TexCoord1iv
097092cc T __glXDisp_TexCoord1sv
0970930c T __glXDisp_TexCoord2dv
09709384 T __glXDisp_TexCoord2fv
097093c4 T __glXDisp_TexCoord2iv
09709404 T __glXDisp_TexCoord2sv
09709444 T __glXDisp_TexCoord3dv
097094bc T __glXDisp_TexCoord3fv
097094fc T __glXDisp_TexCoord3iv
0970953c T __glXDisp_TexCoord3sv
0970957c T __glXDisp_TexCoord4dv
097095f4 T __glXDisp_TexCoord4fv
09709634 T __glXDisp_TexCoord4iv
09709674 T __glXDisp_TexCoord4sv
0970a40c T __glXDisp_TexEnvf
0970a460 T __glXDisp_TexEnvfv
0970a4b4 T __glXDisp_TexEnvi
0970a508 T __glXDisp_TexEnviv
0970ca24 T __glXDisp_TexFilterFuncSGIS
0970a55c T __glXDisp_TexGend
0970a5e8 T __glXDisp_TexGendv
0970a6bc T __glXDisp_TexGenf
0970a710 T __glXDisp_TexGenfv
0970a764 T __glXDisp_TexGeni
0970a7b8 T __glXDisp_TexGeniv
09717234 T __glXDisp_TexImage1D
09717348 T __glXDisp_TexImage2D
09717564 T __glXDisp_TexImage3DEXT
097176c0 T __glXDisp_TexImage4DSGIS
0970a2bc T __glXDisp_TexParameterf
0970a310 T __glXDisp_TexParameterfv
0970a364 T __glXDisp_TexParameteri
0970a3b8 T __glXDisp_TexParameteriv
09717858 T __glXDisp_TexSubImage1DEXT
09717964 T __glXDisp_TexSubImage2DEXT
09717a84 T __glXDisp_TexSubImage3DEXT
09717bec T __glXDisp_TexSubImage4DSGIS
0970bd0c T __glXDisp_Translated
0970bd98 T __glXDisp_Translatef
097096b4 T __glXDisp_Vertex2dv
0970972c T __glXDisp_Vertex2fv
0970976c T __glXDisp_Vertex2iv
097097ac T __glXDisp_Vertex2sv
097097ec T __glXDisp_Vertex3dv
09709864 T __glXDisp_Vertex3fv
097098a4 T __glXDisp_Vertex3iv
097098e4 T __glXDisp_Vertex3sv
09709924 T __glXDisp_Vertex4dv
0970999c T __glXDisp_Vertex4fv
097099dc T __glXDisp_Vertex4iv
09709a1c T __glXDisp_Vertex4sv
0970bdec T __glXDisp_Viewport
0974bb74 D __glXDrawPrivRes
096e6e84 T __glXExtensionInit
0974bb7c D __glXOtherClientRes
0974bb80 D __glXPbufferRes
0974bb70 D __glXPixmapRes
096fbe44 T __glXScreenInit
0974bb84 D __glXSwapGroupRes
0974bba8 D __glXUnsupportedPrivateRequest
0974bb78 D __glXVideoSourceRes
097363c4 T __glXcombine_strings
00000000 U __gl_adapters
00000000 U __iob
096e4d98 U __oserror
096d0034 T __program_header_table
096e692c U _exit
096e4d84 U abort
00000000 U calloc
09756bc8 D clientThreadp
00000000 U clients
096e4dfc U close
096e4bcc U dbcMakeDoubleBuffered
096e4c44 U dbcSwapBuffers
096e4e38 U ddxGetBoardInfo
096e4cbc U ddxGetScreenInfo
00000000 U display
00000000 U errno
096e4de8 U exit
096e4e24 U fcntl
096e4d5c U fprintf
00000000 U free
096e4dac U getpagesize
096e5d9c U glAccum
096e5ef0 U glAlphaFunc
096e5158 U glAreTexturesResidentEXT
096e539c U glBegin
096e6274 U glBindTextureEXT
096e5270 U glBitmap
096e6170 U glBlendColorEXT
096e6184 U glBlendEquationEXT
096e5f04 U glBlendFunc
096e5374 U glCallList
096e65a8 U glCallLists
096e5cd4 U glClear
096e5ce8 U glClearAccum
096e5d10 U glClearColor
096e5d38 U glClearDepth
096e5cfc U glClearIndex
096e5d24 U glClearStencil
096e5928 U glClipPlane
096e53b0 U glColor3bv
096e53c4 U glColor3dv
096e53d8 U glColor3fv
096e53ec U glColor3iv
096e5400 U glColor3sv
096e5414 U glColor3ubv
096e5428 U glColor3uiv
096e543c U glColor3usv
096e5450 U glColor4bv
096e5464 U glColor4dv
096e5478 U glColor4fv
096e548c U glColor4iv
096e54a0 U glColor4sv
096e54b4 U glColor4ubv
096e54c8 U glColor4uiv
096e54dc U glColor4usv
096e5d60 U glColorMask
096e593c U glColorMaterial
096e65e4 U glColorPointerEXT
096e638c U glColorTableParameterfvSGI
096e63a0 U glColorTableParameterivSGI
096e5360 U glColorTableSGI
096e64e0 U glConvolutionFilter1DEXT
096e5338 U glConvolutionFilter2DEXT
096e61ac U glConvolutionParameterfEXT
096e61c0 U glConvolutionParameterfvEXT
096e61d4 U glConvolutionParameteriEXT
096e61e8 U glConvolutionParameterivEXT
096e63b4 U glCopyColorTableSGI
096e61fc U glCopyConvolutionFilter1DEXT
096e6210 U glCopyConvolutionFilter2DEXT
096e5ff4 U glCopyPixels
096e629c U glCopyTexImage1DEXT
096e62b0 U glCopyTexImage2DEXT
096e62c4 U glCopyTexSubImage1DEXT
096e62d8 U glCopyTexSubImage2DEXT
096e62ec U glCopyTexSubImage3DEXT
096e5950 U glCullFace
096e4e88 U glDeleteLists
096e516c U glDeleteTexturesEXT
096e5f54 U glDepthFunc
096e5d74 U glDepthMask
096e6008 U glDepthRange
096e6364 U glDetailTexFuncSGIS
096e5db0 U glDisable
096e6634 U glDrawArraysEXT
096e5cc0 U glDrawBuffer
096e52ac U glDrawPixels
096e6620 U glEdgeFlagPointerEXT
096e54f0 U glEdgeFlagv
096e5dc4 U glEnable
096e4d34 U glEnd
096e4e74 U glEndList
096e5e50 U glEvalCoord1dv
096e5e64 U glEvalCoord1fv
096e5e78 U glEvalCoord2dv
096e5e8c U glEvalCoord2fv
096e5ea0 U glEvalMesh1
096e5ec8 U glEvalMesh2
096e5eb4 U glEvalPoint1
096e5edc U glEvalPoint2
096e6648 U glFeedbackBuffer
096e4d20 U glFinish
096e4d0c U glFlush
096e5248 U glFlushRasterSGIX
096e6468 U glFogFuncSGIS
096e5964 U glFogf
096e5978 U glFogfv
096e598c U glFogi
096e59a0 U glFogiv
096e64cc U glFrameZoomSGIX
096e59b4 U glFrontFace
096e601c U glFrustum
096e4e9c U glGenLists
096e5180 U glGenTexturesEXT
096e4ed8 U glGetBooleanv
096e6684 U glGetClipPlane
096e51d0 U glGetColorTableParameterfvSGI
096e51e4 U glGetColorTableParameterivSGI
096e6544 U glGetColorTableSGI
096e6508 U glGetConvolutionFilterEXT
096e50e0 U glGetConvolutionParameterfvEXT
096e50f4 U glGetConvolutionParameterivEXT
096e51a8 U glGetDetailTexFuncSGIS
096e4eec U glGetDoublev
096e4f00 U glGetError
096e4f14 U glGetFloatv
096e651c U glGetHistogramEXT
096e5108 U glGetHistogramParameterfvEXT
096e511c U glGetHistogramParameterivEXT
096e520c U glGetInstrumentsSGIX
096e4f28 U glGetIntegerv
096e4f3c U glGetLightfv
096e4f50 U glGetLightiv
096e4f64 U glGetMapdv
096e4f78 U glGetMapfv
096e4f8c U glGetMapiv
096e4fa0 U glGetMaterialfv
096e4fb4 U glGetMaterialiv
096e6530 U glGetMinmaxEXT
096e5130 U glGetMinmaxParameterfvEXT
096e5144 U glGetMinmaxParameterivEXT
096e4fc8 U glGetPixelMapfv
096e4fdc U glGetPixelMapuiv
096e4ff0 U glGetPixelMapusv
096e66c0 U glGetPolygonStipple
096e64f4 U glGetSeparableFilterEXT
096e51bc U glGetSharpenTexFuncSGIS
096e6670 U glGetString
096e5004 U glGetTexEnvfv
096e5018 U glGetTexEnviv
096e51f8 U glGetTexFilterFuncSGIS
096e502c U glGetTexGendv
096e5040 U glGetTexGenfv
096e5054 U glGetTexGeniv
096e66ac U glGetTexImage
096e5090 U glGetTexLevelParameterfv
096e50a4 U glGetTexLevelParameteriv
096e5068 U glGetTexParameterfv
096e507c U glGetTexParameteriv
096e59c8 U glHint
096e6224 U glHistogramEXT
096e5d88 U glIndexMask
096e65f8 U glIndexPointerEXT
096e5504 U glIndexdv
096e5518 U glIndexfv
096e552c U glIndexiv
096e5540 U glIndexsv
096e6314 U glIndexubv
096e5c5c U glInitNames
096e5220 U glInstrumentsBufferSGIX
096e50b8 U glIsEnabled
096e50cc U glIsList
096e5194 U glIsTextureEXT
096e5a2c U glLightModelf
096e5a40 U glLightModelfv
096e5a54 U glLightModeli
096e5a68 U glLightModeliv
096e59dc U glLightf
096e59f0 U glLightfv
096e5a04 U glLighti
096e5a18 U glLightiv
096e5a7c U glLineStipple
096e5a90 U glLineWidth
096e5388 U glListBase
096e6030 U glLoadIdentity
096e6058 U glLoadMatrixd
096e6044 U glLoadMatrixf
096e5c70 U glLoadName
096e5f18 U glLogicOp
096e6580 U glMap1d
096e6558 U glMap1f
096e6594 U glMap2d
096e656c U glMap2f
096e5e00 U glMapGrid1d
096e5e14 U glMapGrid1f
096e5e28 U glMapGrid2d
096e5e3c U glMapGrid2f
096e5aa4 U glMaterialf
096e5ab8 U glMaterialfv
096e5acc U glMateriali
096e5ae0 U glMaterialiv
096e606c U glMatrixMode
096e6238 U glMinmaxEXT
096e6094 U glMultMatrixd
096e6080 U glMultMatrixf
096e4e60 U glNewList
096e5554 U glNormal3bv
096e5568 U glNormal3dv
096e557c U glNormal3fv
096e5590 U glNormal3iv
096e55a4 U glNormal3sv
096e65d0 U glNormalPointerEXT
096e60a8 U glOrtho
096e5c84 U glPassThrough
096e5fa4 U glPixelMapfv
096e5fb8 U glPixelMapuiv
096e5fcc U glPixelMapusv
096e4eb0 U glPixelStoref
096e4ec4 U glPixelStorei
096e63c8 U glPixelTexGenSGIX
096e5f7c U glPixelTransferf
096e5f90 U glPixelTransferi
096e5f68 U glPixelZoom
096e6440 U glPointParameterfSGIS
096e6454 U glPointParameterfvSGIS
096e5af4 U glPointSize
096e5234 U glPollInstrumentsSGIX
096e5b08 U glPolygonMode
096e6300 U glPolygonOffset
096e6198 U glPolygonOffsetEXT
096e525c U glPolygonStipple
096e5dd8 U glPopAttrib
096e60bc U glPopMatrix
096e5c98 U glPopName
096e6288 U glPrioritizeTexturesEXT
096e5dec U glPushAttrib
096e60d0 U glPushMatrix
096e5cac U glPushName
096e55b8 U glRasterPos2dv
096e55cc U glRasterPos2fv
096e55e0 U glRasterPos2iv
096e55f4 U glRasterPos2sv
096e5608 U glRasterPos3dv
096e561c U glRasterPos3fv
096e5630 U glRasterPos3iv
096e5644 U glRasterPos3sv
096e5658 U glRasterPos4dv
096e566c U glRasterPos4fv
096e5680 U glRasterPos4iv
096e5694 U glRasterPos4sv
096e5fe0 U glReadBuffer
096e647c U glReadInstrumentsSGIX
096e6698 U glReadPixels
096e56a8 U glRectdv
096e56bc U glRectfv
096e56d0 U glRectiv
096e56e4 U glRectsv
096e64b8 U glReferencePlaneSGIX
096e4d48 U glRenderMode
096e624c U glResetHistogramEXT
096e6260 U glResetMinmaxEXT
096e60e4 U glRotated
096e60f8 U glRotatef
096e6328 U glSampleMaskSGIS
096e633c U glSamplePatternSGIS
096e610c U glScaled
096e6120 U glScalef
096e5b1c U glScissor
096e665c U glSelectBuffer
096e534c U glSeparableFilter2DEXT
096e5b30 U glShadeModel
096e6378 U glSharpenTexFuncSGIS
096e63dc U glSpriteParameterfSGIX
096e63f0 U glSpriteParameterfvSGIX
096e6404 U glSpriteParameteriSGIX
096e6418 U glSpriteParameterivSGIX
096e6490 U glStartInstrumentsSGIX
096e5f2c U glStencilFunc
096e5d4c U glStencilMask
096e5f40 U glStencilOp
096e64a4 U glStopInstrumentsSGIX
096e6350 U glTagSampleBufferSGIX
096e56f8 U glTexCoord1dv
096e570c U glTexCoord1fv
096e5720 U glTexCoord1iv
096e5734 U glTexCoord1sv
096e5748 U glTexCoord2dv
096e575c U glTexCoord2fv
096e5770 U glTexCoord2iv
096e5784 U glTexCoord2sv
096e5798 U glTexCoord3dv
096e57ac U glTexCoord3fv
096e57c0 U glTexCoord3iv
096e57d4 U glTexCoord3sv
096e57e8 U glTexCoord4dv
096e57fc U glTexCoord4fv
096e5810 U glTexCoord4iv
096e5824 U glTexCoord4sv
096e660c U glTexCoordPointerEXT
096e5b94 U glTexEnvf
096e5ba8 U glTexEnvfv
096e5bbc U glTexEnvi
096e5bd0 U glTexEnviv
096e642c U glTexFilterFuncSGIS
096e5be4 U glTexGend
096e5bf8 U glTexGendv
096e5c0c U glTexGenf
096e5c20 U glTexGenfv
096e5c34 U glTexGeni
096e5c48 U glTexGeniv
096e5284 U glTexImage1D
096e5298 U glTexImage2D
096e52c0 U glTexImage3DEXT
096e52d4 U glTexImage4DSGIS
096e5b44 U glTexParameterf
096e5b58 U glTexParameterfv
096e5b6c U glTexParameteri
096e5b80 U glTexParameteriv
096e52e8 U glTexSubImage1DEXT
096e52fc U glTexSubImage2DEXT
096e5310 U glTexSubImage3DEXT
096e5324 U glTexSubImage4DSGIS
096e6134 U glTranslated
096e6148 U glTranslatef
096e5838 U glVertex2dv
096e584c U glVertex2fv
096e5860 U glVertex2iv
096e5874 U glVertex2sv
096e5888 U glVertex3dv
096e589c U glVertex3fv
096e58b0 U glVertex3iv
096e58c4 U glVertex3sv
096e58d8 U glVertex4dv
096e58ec U glVertex4fv
096e5900 U glVertex4iv
096e5914 U glVertex4sv
096e65bc U glVertexPointerEXT
096e615c U glViewport
096e7348 T glxAddContextToList
096e7410 T glxAddContextToListOfClient
096fa52c T glxBindSwapBarrierSGIX
096f3144 T glxBitmapReqSize
096f0e68 T glxCallListsReqSize
096edd34 T glxChangeDrawableAttributesSGIX
096fdeb0 T glxClearErrorFlag
096f02d0 T glxClientInfo
096f5324 T glxColorTableParameterfvSGIReqSize_SGI
096f5114 T glxColorTableParameterfvSGISize
096f53c8 T glxColorTableParameterivSGIReqSize_SGI
096f5184 T glxColorTableParameterivSGISize
096f51c4 T glxColorTableSGIReqSize_SGI
096f4398 T glxConvolutionFilter1DEXTReqSize_EXT
096f44f8 T glxConvolutionFilter2DEXTReqSize_EXT
096f4820 T glxConvolutionParameterfvEXTReqSize_EXT
096f473c T glxConvolutionParameterfvEXTSize
096f477c T glxConvolutionParameterivEXTReqSize_EXT
096f46a8 T glxConvolutionParameterivEXTSize
096eb310 T glxCopyContext
096e901c T glxCreateContext
096ed6b4 T glxCreateContextWithConfigSGIX
096ed7fc T glxCreateGLXPbufferSGIX
096ec1a0 T glxCreateGLXPixmap
096ed768 T glxCreateGLXPixmapWithConfigSGIX
096ec440 T glxCreateGLXVideoSourceSGIX
096e4c1c U glxDeletePbuffer
096e7df4 T glxDeliverEvents
096e90c4 T glxDestroyContext
096edc04 T glxDestroyGLXPbufferSGIX
096ec234 T glxDestroyGLXPixmap
096ec728 T glxDestroyGLXVideoSourceSGIX
096f4868 T glxDetailTexFuncSGISReqSize_SGI
096f4d10 T glxDrawArraysEXTReqSize_EXT
096f2f9c T glxDrawPixelsReqSize
096fdedc T glxErrorFlagIsSet
096f225c T glxEvalComputeK
096f5ccc T glxFogFuncSGISReqSize_SGI
096f11dc T glxFogfvReqSize
096f10f8 T glxFogfvSize
096f1138 T glxFogivReqSize
096f0f60 T glxFogivSize
096e7528 T glxFreeContext
096e716c T glxFreeDrawablePrivate
096e6ca0 T glxFreeGLXDrawable
096edcc0 T glxFreeGLXPbuffer
096ec2e8 T glxFreeGLXPixmap
096ec7e4 T glxFreeGLXVideoSource
096ec36c T glxFreeVideoSourcePrivate
0972da40 T glxGetBooleanvSize
0972e434 T glxGetColorTableParameterfvSGISize
0972e4d4 T glxGetColorTableParameterivSGISize
0972e1ec T glxGetConvolutionParameterfvEXTSize
0972e14c T glxGetConvolutionParameterivEXTSize
0972e3e4 T glxGetDetailTexFuncSGISSize
0972d974 T glxGetDoublevSize
096ee010 T glxGetDrawableAttributesSGIX
096e7cf4 T glxGetDrawableEventMask
096e71f0 T glxGetDrawablePrivate
096ec858 T glxGetFBConfigsSGIX
0972d9b8 T glxGetFloatvSize
0972e22c T glxGetHistogramParameterfvEXTSize
0972e2b8 T glxGetHistogramParameterivEXTSize
0972d9fc T glxGetIntegervSize
09729bc8 T glxGetLightfvSize
09729d04 T glxGetLightivSize
09729f38 T glxGetMapdvSize
09729f84 T glxGetMapfvSize
09729fd0 T glxGetMapivSize
0972a01c T glxGetMaterialfvSize
0972a1b4 T glxGetMaterialivSize
0972e2f8 T glxGetMinmaxParameterfvEXTSize
0972e354 T glxGetMinmaxParameterivEXTSize
0972a1f4 T glxGetPixelMapSize
0972a32c T glxGetPixelMapfvSize
0972a36c T glxGetPixelMapuivSize
0972a3ac T glxGetPixelMapusvSize
0972e394 T glxGetSharpenTexFuncSGISSize
09729524 T glxGetTexEnvfvSize
097295a8 T glxGetTexEnvivSize
0972e514 T glxGetTexFilterFuncSGISSize
09729690 T glxGetTexGendvSize
097295e8 T glxGetTexGenfvSize
097296d0 T glxGetTexGenivSize
0972dcc4 T glxGetTexImageSize
0972da84 T glxGetTexLevelParameterfvSize
0972dc84 T glxGetTexLevelParameterivSize
09729710 T glxGetTexParameterfvSize
09729b88 T glxGetTexParameterivSize
096ec3d0 T glxGetVideoSourcePrivate
096eb5a8 T glxGetVisualConfigs
096fd394 T glxInitDispatch
096e4be0 U glxInitWinPriv
096eb010 T glxIsDirect
096fa0cc T glxJoinSwapGroupSGIX
096f1618 T glxLightModelfvReqSize
096f1534 T glxLightModelfvSize
096f1574 T glxLightModelivReqSize
096f148c T glxLightModelivSize
096f1444 T glxLightfvReqSize
096f1360 T glxLightfvSize
096f13a0 T glxLightivReqSize
096f1224 T glxLightivSize
096e9438 T glxLookupContextByTag
096e7790 T glxLookupFBConfig
096e78cc T glxLookupFBConfigFromVid
096e7568 T glxLookupVisual
096e7654 T glxLookupVisualConfig
0972e80c T glxMakeBitmapsFromFont
096eaefc T glxMakeCurrent
096e9970 T glxMakeCurrentHelper
096eaf80 T glxMakeCurrentRead
096f237c T glxMap1dReqSize
096f2494 T glxMap1fReqSize
096f2628 T glxMap2dReqSize
096f2794 T glxMap2fReqSize
096f18dc T glxMaterialfvReqSize
096f17f8 T glxMaterialfvSize
096f1838 T glxMaterialivReqSize
096f1660 T glxMaterialivSize
096e4c08 U glxNewPbuffer
096f2900 T glxPixelMapfvReqSize
096f2984 T glxPixelMapuivReqSize
096f2a08 T glxPixelMapusvReqSize
096f5c28 T glxPointParameterfvSGISReqSize_SGI
096f5b84 T glxPointParameterfvSGISSize
096f4970 T glxPrioritizeTexturesEXTReqSize_EXT
09749330 D glxProcTable
096ee90c T glxQueryContextInfoEXT
096efe98 T glxQueryExtensionsString
096fa824 T glxQueryMaxSwapBarriersSGIX
096f0054 T glxQueryServerString
096eb11c T glxQueryVersion
09728f50 T glxReadPixelsSize
096e737c T glxRemoveContextFromList
096e749c T glxRemoveContextFromListOfClient
096eeb5c T glxRender
096eeeb8 T glxRenderLarge
09749f38 D glxRenderTable
09749bf0 D glxRenderTable_EXT
09749d50 D glxRenderTable_SGI
096e6a0c T glxResetLargeCommandStatus
096fc604 T glxRtDispRender
096fc844 T glxRtDispRenderLarge
096fc9d4 T glxRtDispVendorPrivate
00000000 U glxScreenPrivateIndex
096f05c0 T glxSendCopyContext
096f0378 T glxSendCreateContext
096f0678 T glxSendDestroyContext
096f0470 T glxSendMakeCurrent
096f0794 T glxSendRenderCommand
096f0974 T glxSendRenderLargeCommand
096f0a04 T glxSendReplyForSingle
096f0b98 T glxSendReplyForVendorPrivate
096f052c T glxSendSwapBuffers
096f0828 T glxSendVendorPrivateCommand
096f08cc T glxSendVendorPrivateWithReplyCommand
096f070c T glxSendWaitGL
096f49f4 T glxSeparableFilter2DEXTReqSize_EXT
096e7a98 T glxSetDrawableEventMask
096f48ec T glxSharpenTexFuncSGISReqSize_SGI
09749e90 D glxSingleTable
096f5a14 T glxSpriteParameterfvSGIXReqSize_SGI
096f5940 T glxSpriteParameterfvSGIXSize
096f5ab8 T glxSpriteParameterivSGIXReqSize_SGI
096f59d4 T glxSpriteParameterivSGIXSize
096ee4fc T glxSwapBuffers
096f7dec T glxSwapChangeDrawableAttributesSGIX
096f70f8 T glxSwapClientInfo
096f6748 T glxSwapCopyContext
096f5d50 T glxSwapCreateContext
096f7698 T glxSwapCreateContextWithConfigSGIX
096f7a58 T glxSwapCreateGLXPbufferSGIX
096f8bb8 T glxSwapCreateGLXPbufferSGIXReply
096f6978 T glxSwapCreateGLXPixmap
096f78a0 T glxSwapCreateGLXPixmapWithConfigSGIX
096f7260 T glxSwapCreateGLXVideoSourceSGIX
096f5f08 T glxSwapDestroyContext
096f7d24 T glxSwapDestroyGLXPbufferSGIX
096f6b30 T glxSwapDestroyGLXPixmap
096f7530 T glxSwapDestroyGLXVideoSourceSGIX
096f7f78 T glxSwapGetDrawableAttributesSGIX
096f8c7c T glxSwapGetDrawableAttributesSGIXReply
096f75d0 T glxSwapGetFBConfigsSGIX
096f68b0 T glxSwapGetVisualConfigs
096f63d8 T glxSwapIsDirect
096f85a0 T glxSwapIsDirectReply
096f5fd0 T glxSwapMakeCurrent
096f6148 T glxSwapMakeCurrentRead
096f8154 T glxSwapMakeCurrentReadReply
096f8040 T glxSwapMakeCurrentReply
09749388 D glxSwapProcTable
096f6310 T glxSwapQueryContextInfoEXT
096f83a8 T glxSwapQueryContextInfoEXTReply
096f6f18 T glxSwapQueryExtensionsString
096f87c8 T glxSwapQueryExtensionsStringReply
096f6fe0 T glxSwapQueryServerString
096f89c0 T glxSwapQueryServerStringReply
096f64a0 T glxSwapQueryVersion
096f8664 T glxSwapQueryVersionReply
096f8e24 T glxSwapRender
096f9248 T glxSwapRenderLarge
0974a2f0 D glxSwapRenderTable
09749ca0 D glxSwapRenderTable_EXT
09749df0 D glxSwapRenderTable_SGI
0974a248 D glxSwapSingleTable
096f6bf8 T glxSwapSwapBuffers
096f6d10 T glxSwapUseXFont
09749d10 D glxSwapVendorPrivTable_EXT
09749e68 D glxSwapVendorPrivTable_SGI
096f9b1c T glxSwapVendorPrivate
096f9ddc T glxSwapVendorPrivateWithReply
096f65b8 T glxSwapWaitGL
096f6680 T glxSwapWaitX
096f2214 T glxTexEnvfvReqSize
096f2130 T glxTexEnvfvSize
096f2170 T glxTexEnvivReqSize
096f20ac T glxTexEnvivSize
096f5b00 T glxTexFilterFuncSGISReqSize_SGI
096f1a38 T glxTexGendvReqSize
096f19f8 T glxTexGendvSize
096f1adc T glxTexGenfvReqSize
096f19b8 T glxTexGenfvSize
096f1b80 T glxTexGenivReqSize
096f1924 T glxTexGenivSize
096f37c8 T glxTexImage1DReqSize
096f3970 T glxTexImage2DReqSize
096f3b68 T glxTexImage3DEXTReqSize_EXT
096f5410 T glxTexImage4DSGISReqSize_SGI
096f2064 T glxTexParameterfvReqSize
096f1f80 T glxTexParameterfvSize
096f1fc0 T glxTexParameterivReqSize
096f1bc8 T glxTexParameterivSize
096f3db0 T glxTexSubImage1DEXTReqSize_EXT
096f3f58 T glxTexSubImage2DEXTReqSize_EXT
096f4150 T glxTexSubImage3DEXTReqSize_EXT
096f56a8 T glxTexSubImage4DSGISReqSize_SGI
096fc2fc T glxThreadCleanup
096fcb7c T glxThreadDispatch
096fcef4 T glxThreadInit
096f4bfc T glxTypeSize
0972e9ec T glxUseXFont
09749c60 D glxVendorPrivTable_EXT
09749dc8 D glxVendorPrivTable_SGI
096ef5d4 T glxVendorPrivate
096efaac T glxVendorPrivateWithReply
096eb1cc T glxWaitGL
096eb280 T glxWaitX
00000000 U glxWindowPrivateIndex
096fc200 T glx_rt_CopyContext
096fdf40 T glx_rt_CreateContext
096fbf4c T glx_rt_DestroyContext
09702e48 T glx_rt_DispAreTexturesResidentEXT
096fe288 T glx_rt_DispDeleteLists
09703038 T glx_rt_DispDeleteTexturesEXT
096fe24c T glx_rt_DispEndList
09735e48 T glx_rt_DispFeedbackBuffer
09736344 T glx_rt_DispFinish
096fe384 T glx_rt_DispFlush
0970436c T glx_rt_DispFlushRasterSGIX
096fe2e0 T glx_rt_DispGenLists
09703090 T glx_rt_DispGenTexturesEXT
096fe470 T glx_rt_DispGetBooleanv
09736984 T glx_rt_DispGetClipPlane
09703804 T glx_rt_DispGetColorTableParameterfvSGI
09703a80 T glx_rt_DispGetColorTableParameterivSGI
09730d5c T glx_rt_DispGetColorTableSGI
09730598 T glx_rt_DispGetConvolutionFilterEXT
09701f60 T glx_rt_DispGetConvolutionParameterfvEXT
097021dc T glx_rt_DispGetConvolutionParameterivEXT
0970331c T glx_rt_DispGetDetailTexFuncSGIS
096fe6d0 T glx_rt_DispGetDoublev
096fe944 T glx_rt_DispGetError
096fe9d4 T glx_rt_DispGetFloatv
09730854 T glx_rt_DispGetHistogramEXT
09702458 T glx_rt_DispGetHistogramParameterfvEXT
097026d4 T glx_rt_DispGetHistogramParameterivEXT
09703f88 T glx_rt_DispGetInstrumentsSGIX
096fec48 T glx_rt_DispGetIntegerv
096feebc T glx_rt_DispGetLightfv
096ff138 T glx_rt_DispGetLightiv
096ff3b4 T glx_rt_DispGetMapdv
096ff640 T glx_rt_DispGetMapfv
096ff8cc T glx_rt_DispGetMapiv
096ffb58 T glx_rt_DispGetMaterialfv
096ffdd4 T glx_rt_DispGetMaterialiv
09730af0 T glx_rt_DispGetMinmaxEXT
09702950 T glx_rt_DispGetMinmaxParameterfvEXT
09702bcc T glx_rt_DispGetMinmaxParameterivEXT
09700050 T glx_rt_DispGetPixelMapfv
097002c4 T glx_rt_DispGetPixelMapuiv
09700538 T glx_rt_DispGetPixelMapusv
09735c7c T glx_rt_DispGetPolygonStipple
09730238 T glx_rt_DispGetSeparableFilterEXT
09703590 T glx_rt_DispGetSharpenTexFuncSGIS
0973668c T glx_rt_DispGetString
097007ac T glx_rt_DispGetTexEnvfv
09700a28 T glx_rt_DispGetTexEnviv
09703cfc T glx_rt_DispGetTexFilterFuncSGIS
09700ca4 T glx_rt_DispGetTexGendv
09700f20 T glx_rt_DispGetTexGenfv
0970119c T glx_rt_DispGetTexGeniv
09735924 T glx_rt_DispGetTexImage
09701910 T glx_rt_DispGetTexLevelParameterfv
09701b94 T glx_rt_DispGetTexLevelParameteriv
09701418 T glx_rt_DispGetTexParameterfv
09701694 T glx_rt_DispGetTexParameteriv
09704018 T glx_rt_DispInstrumentsBufferSGIX
09701e18 T glx_rt_DispIsEnabled
09701ebc T glx_rt_DispIsList
09703278 T glx_rt_DispIsTextureEXT
096fe1f4 T glx_rt_DispNewList
096fe3c0 T glx_rt_DispPixelStoref
096fe418 T glx_rt_DispPixelStorei
09704200 T glx_rt_DispPollInstrumentsSGIX
09735688 T glx_rt_DispReadPixels
09736048 T glx_rt_DispRenderMode
09735f50 T glx_rt_DispSelectBuffer
09714cc8 T glx_rt_DispSwapAreTexturesResidentEXT
0970ce20 T glx_rt_DispSwapDeleteLists
09715018 T glx_rt_DispSwapDeleteTexturesEXT
0970cde4 T glx_rt_DispSwapEndList
09731954 T glx_rt_DispSwapFeedbackBuffer
09732268 T glx_rt_DispSwapFinish
0970d05c T glx_rt_DispSwapFlush
09717010 T glx_rt_DispSwapFlushRasterSGIX
0970cf18 T glx_rt_DispSwapGenLists
0971518c T glx_rt_DispSwapGenTexturesEXT
0970d288 T glx_rt_DispSwapGetBooleanv
09732670 T glx_rt_DispSwapGetClipPlane
09715d58 T glx_rt_DispSwapGetColorTableParameterfvSGI
0971617c T glx_rt_DispSwapGetColorTableParameterivSGI
0972fe60 T glx_rt_DispSwapGetColorTableSGI
0972f2d0 T glx_rt_DispSwapGetConvolutionFilterEXT
097133f0 T glx_rt_DispSwapGetConvolutionParameterfvEXT
09713814 T glx_rt_DispSwapGetConvolutionParameterivEXT
097155c0 T glx_rt_DispSwapGetDetailTexFuncSGIS
0970d588 T glx_rt_DispSwapGetDoublev
0970d9c4 T glx_rt_DispSwapGetError
0970daa4 T glx_rt_DispSwapGetFloatv
0972f720 T glx_rt_DispSwapGetHistogramEXT
09713c38 T glx_rt_DispSwapGetHistogramParameterfvEXT
0971405c T glx_rt_DispSwapGetHistogramParameterivEXT
097169d4 T glx_rt_DispSwapGetInstrumentsSGIX
0970de70 T glx_rt_DispSwapGetIntegerv
0970e23c T glx_rt_DispSwapGetLightfv
0970e660 T glx_rt_DispSwapGetLightiv
0970ea84 T glx_rt_DispSwapGetMapdv
0970ef28 T glx_rt_DispSwapGetMapfv
0970f35c T glx_rt_DispSwapGetMapiv
0970f790 T glx_rt_DispSwapGetMaterialfv
0970fbb4 T glx_rt_DispSwapGetMaterialiv
0972fb00 T glx_rt_DispSwapGetMinmaxEXT
09714480 T glx_rt_DispSwapGetMinmaxParameterfvEXT
097148a4 T glx_rt_DispSwapGetMinmaxParameterivEXT
0970ffd8 T glx_rt_DispSwapGetPixelMapfv
097103a4 T glx_rt_DispSwapGetPixelMapuiv
09710770 T glx_rt_DispSwapGetPixelMapusv
097354bc T glx_rt_DispSwapGetPolygonStipple
0972eddc T glx_rt_DispSwapGetSeparableFilterEXT
0971598c T glx_rt_DispSwapGetSharpenTexFuncSGIS
097322e8 T glx_rt_DispSwapGetString
09710b04 T glx_rt_DispSwapGetTexEnvfv
09710f28 T glx_rt_DispSwapGetTexEnviv
097165a0 T glx_rt_DispSwapGetTexFilterFuncSGIS
0971134c T glx_rt_DispSwapGetTexGendv
097117e0 T glx_rt_DispSwapGetTexGenfv
09711c04 T glx_rt_DispSwapGetTexGeniv
09734ee0 T glx_rt_DispSwapGetTexImage
09712870 T glx_rt_DispSwapGetTexLevelParameterfv
09712cec T glx_rt_DispSwapGetTexLevelParameteriv
09712028 T glx_rt_DispSwapGetTexParameterfv
0971244c T glx_rt_DispSwapGetTexParameteriv
09716ab4 T glx_rt_DispSwapInstrumentsBufferSGIX
09713168 T glx_rt_DispSwapIsEnabled
097132ac T glx_rt_DispSwapIsList
0971547c T glx_rt_DispSwapIsTextureEXT
0970ccec T glx_rt_DispSwapNewList
0970d098 T glx_rt_DispSwapPixelStoref
0970d190 T glx_rt_DispSwapPixelStorei
09716da4 T glx_rt_DispSwapPollInstrumentsSGIX
09734a60 T glx_rt_DispSwapReadPixels
09731c44 T glx_rt_DispSwapRenderMode
09731afc T glx_rt_DispSwapSelectBuffer
096fbfac T glx_rt_MakeCurrent
096e8a00 T glx_rt_NoSuchRenderOpcode
096e89ec T glx_rt_NoSuchSingleOpcode
096e8a14 T glx_rt_NoSuchVendorPrivOpcode
096fc270 T glx_rt_SwapBuffers
096fe170 T glx_rt_SwapIntervalSGI
0972ed3c T glx_rt_UseXFont
096fc2c0 T glx_rt_WaitGL
096fde48 T impErrorCallback
096fde94 T impGetXPrivates
096fd9fc T impUnbindHWContextFromThread
096e4ca8 U ioctl
00000000 U malloc
096e4c58 U memcpy
096e6878 U memmove
096e4ac8 U memset
096e4dd4 U mmap
00000000 U nmbxAccAlphaSizeString
00000000 U nmbxAccBlueSizeString
00000000 U nmbxAccGreenSizeString
00000000 U nmbxAccRedSizeString
00000000 U nmbxAlphaBufferString
00000000 U nmbxBlueSizeString
00000000 U nmbxCaveatsString
00000000 U nmbxDepthBufferString
00000000 U nmbxFrameBufferLayerString
00000000 U nmbxGreenSizeString
00000000 U nmbxMaxDisplayBuffersString
00000000 U nmbxNumMultisamplesString
00000000 U nmbxNumNondisplayBuffersString
00000000 U nmbxOpenGLCapableString
00000000 U nmbxPbufferCapableString
00000000 U nmbxRGBARenderOnlyString
00000000 U nmbxRedSizeString
00000000 U nmbxScreenPrivateIndex
00000000 U nmbxStencilBufferString
00000000 U nmbxStereoString
00000000 U nmbxTransparentPixelString
096e4dc0 U open
096e4e10 U perror
096e68f0 U prctl
00000000 U realloc
00000000 U screenInfo
00000000 U serverGeneration
097373e8 T sgiAsyncDispatch
097371c8 T sgiAsyncExec
09736b38 T sgiGetThread
097377fc T sgiGetThreadCmdStatus
09737464 T sgiSendToThread
09756dc8 D sgimtx_arena
096e6724 U sigaction
096e6710 U sigemptyset
096e6918 U sigignore
096e68dc U signal
096e6904 U sigset
096e67ec U sproc
096e66fc U strcat
096e4e4c U strcmp
096e66e8 U strcspn
096e4c94 U strdup
096e4c6c U strlen
096e4cd0 U strncmp
096e4c80 U strncpy
096e66d4 U strtok
0974bdc8 D threadTable
096e6738 U unlink
096e679c U usclosepollsema
096e674c U usconfig
096e67b0 U usfreepollsema
096e6774 U usfreesema
096e6760 U usinit
096e67c4 U usnewpollsema
096e6788 U usnewsema
096e67d8 U usopenpollsema
096e6864 U uspsema
096e6800 U ustestsema
096e6850 U usvsema
096e4d70 U vfprintf
