5f08b5e8 T *clone*1*miPolyArc
5f000e8c T *clone*2*cfbCopyPlane8to1
5ef90d44 T *clone*3*nfbChangeClip
5f05e080 T *clone*4*miPolyFillArc
5f065fd8 T *clone*5*miZeroPolyArc
5f0443b8 T *clone*6*mfbPolyFillRect
5f05888c T *clone*7*miRegionCreate
5f0b9b80 d .bss
5f0b3668 d .data
00000000 d .debug_abbrev
00000000 d .debug_aranges
00000000 d .debug_frame
00000000 d .debug_funcnames
00000000 d .debug_info
00000000 d .debug_line
00000000 d .debug_pubnames
5f0b9a98 d .lit4
5f0b9aa8 d .lit8
5f0b1000 d .rodata
5f0b8998 d .sbss
5f0b8c50 d .sdata
5f0b7400 d .srdata
5ef3503c t .text
5f08ef88 T ALcloseport
5f08ed4c T ALfreeconfig
5f08eeec T ALgetchannels
5f08edb4 T ALgetconfig
5f08eff0 T ALgetfd
5f08eb3c T ALgetfillable
5f08eb7c T ALgetfilled
5f08ebb4 T ALgetfillpoint
5f08ef54 T ALgetfloatmax
5f08f024 T ALgetframenumber
5f08f058 T ALgetframetime
5f08f08c T ALgetparams
5f08e840 T ALgetqueuesize
5f08ee84 T ALgetsampfmt
5f08ee1c T ALgetwidth
5f08ed18 T ALnewconfig
5f08efbc T ALopenport
5f08ea14 T ALreadsamps
5f08eeb8 T ALsetchannels
5f08ed80 T ALsetconfig
5f08fee4 T ALseterrorhandler
5f08ec64 T ALsetfillpoint
5f08ef20 T ALsetfloatmax
5f08f720 T ALsetparams
5f08e904 T ALsetqueuesize
5f08ee50 T ALsetsampfmt
5f08ede8 T ALsetwidth
5f08eaa8 T ALwritesamps
5ef34ac4 U AddResource
00000000 U AllocColor
5ef34c2c U AllocateGCPrivate
5ef34c54 U AllocateGCPrivateIndex
5ef34ed4 U AllocatePixmap
00000000 U AllocateScreenPrivateIndex
5ef34d80 U AllocateWindowPrivate
5ef34ee8 U AllocateWindowPrivateIndex
5ef70ef4 T AssignID..LIC
00000000 U ChangeGC
00000000 U ChangeWindowProperty
5ef34f24 U CheckCursorConfinement
5ef34e20 U ConfineCursorToWindow
5ef34f88 U CopyGC
5ef34d1c U CreateColormap
5ef34f74 U CreateGC
5ef34f9c U CreateNewResourceType
5ef34e0c U CreateWindow
5ef34d6c U DeliverEvents
00000000 U DoChangeGC
00000000 U ErrorF
00000000 U FakeClientID
00000000 U FatalError
5ef72bd0 T FindBestID
5ef6dab0 T FindFreeCID
5ef72eac T FindFreeID
00000000 U FindWindowWithOptional
5ef34ad8 U FlushClientCaches
5ef34f60 U FreeGC
00000000 U FreeResource
00000000 U FreeScratchGC
5ef34ec0 U FreeScratchPixmapHeader
00000000 U GetBestVisualForPEX
5ef34efc U GetGlyphs
00000000 U GetScratchGC
5ef34eac U GetScratchPixmapHeader
5ef34e70 U GetSpriteCursor
5ef34e5c U GetSpritePosition
5ef34b8c U GetTimeInMillis
00000000 U GravityTranslate
5f0b8958 D InverseAlu
00000000 U LookupIDByType
00000000 U MakeAtom
5ef34de4 U MakeWindowOptional
00000000 U MapWindow
5ef34d30 U MoveWindowInStack
00000000 U Must_have_memory
5ef7101c T NewID..FIC
00000000 U NoopDDA
00000000 U NotClippedByChildren
00000000 U Ones
5ef34dd0 U OsLookupColor
00000000 U PixmapWidthPaddingInfo
5ef34e34 U QueryGlyphExtents
5ef34c90 U QueueWorkProc
5ef34b3c U ReadDisplayRegisterInfo
5ef34ca4 U RegisterBlockAndWakeupHandlers
5ef34c7c U RemoveBlockAndWakeupHandlers
5ef34d44 U ResizeChildrenWinSize
00000000 U ScreenSaverInterval
00000000 U SendVisibilityNotify
00000000 U SetBorderSize
5ef70bd8 T SetDIDMode
5ef72564 T SetReservedID
00000000 U SetWinSize
5ef34dbc U ShmRegisterFuncs
5ef71158 T StealID
00000000 U TellLostMap
5ef34c68 U TimerFree
5ef34ccc U TimerSet
00000000 U TraverseTree
5ef34f4c U TryClientEvents
00000000 U UnmapWindow
00000000 U ValidateGC
00000000 U WalkTree
00000000 U WindowTable
5ef34d58 U WindowsRestructured
5ef34e84 U WriteToClient
5ef34f10 U XNFalloc
5ef34c18 U XSGIvcScreenInit
00000000 U XSGIvcScreens
00000000 U Xalloc
00000000 U Xfree
00000000 U Xrealloc
5ef34cf4 U XvcSendScreenLockChangeEvent
5f095a04 T _AL2Read4ChanFromStereo_16
5f0958cc T _AL2Read4ChanFromStereo_24
5f095c08 T _AL2Read4ChanFromStereo_8
5f096074 T _AL2Read4ChanFromStereo_d
5f095e0c T _AL2Read4ChanFromStereo_f
5f092a70 T _AL2ReadMonoFromStereo_16
5f09d178 T _AL2ReadMonoFromStereo_16v
5f092c60 T _AL2ReadMonoFromStereo_24
5f09d300 T _AL2ReadMonoFromStereo_24v
5f092960 T _AL2ReadMonoFromStereo_8
5f09ce98 T _AL2ReadMonoFromStereo_8v
5f093038 T _AL2ReadMonoFromStereo_d
5f09d770 T _AL2ReadMonoFromStereo_dv
5f092e50 T _AL2ReadMonoFromStereo_f
5f09d488 T _AL2ReadMonoFromStereo_fv
5f0945e4 T _AL2ReadNFromN_16
5f09aa0c T _AL2ReadNFromN_16v
5f094978 T _AL2ReadNFromN_24
5f09a520 T _AL2ReadNFromN_24v
5f0942f0 T _AL2ReadNFromN_8
5f09af34 T _AL2ReadNFromN_8v
5f094930 T _AL2ReadNFromN_ADAT
5f099fd8 T _AL2ReadNFromN_ADATv
5f0948dc T _AL2ReadNFromN_AES
5f09a4e4 T _AL2ReadNFromN_AESv
5f094f68 T _AL2ReadNFromN_d
5f09bdb8 T _AL2ReadNFromN_dv
5f094c5c T _AL2ReadNFromN_f
5f09b440 T _AL2ReadNFromN_fv
5f095404 T _AL2Write4ChanTo2Chan_16
5f095580 T _AL2Write4ChanTo2Chan_24
5f095288 T _AL2Write4ChanTo2Chan_8
5f0957d8 T _AL2Write4ChanTo2Chan_d
5f0956e4 T _AL2Write4ChanTo2Chan_f
5f0922f0 T _AL2WriteMonoToStereo_16
5f09c838 T _AL2WriteMonoToStereo_16v
5f0924e0 T _AL2WriteMonoToStereo_24
5f09c9e8 T _AL2WriteMonoToStereo_24v
5f092104 T _AL2WriteMonoToStereo_8
5f09c688 T _AL2WriteMonoToStereo_8v
5f092820 T _AL2WriteMonoToStereo_d
5f09ccf0 T _AL2WriteMonoToStereo_dv
5f0926e0 T _AL2WriteMonoToStereo_f
5f09cb48 T _AL2WriteMonoToStereo_fv
5f093588 T _AL2WriteNToN_16
5f0974d0 T _AL2WriteNToN_16v
5f093904 T _AL2WriteNToN_24
5f096be0 T _AL2WriteNToN_24v
5f093294 T _AL2WriteNToN_8
5f097b30 T _AL2WriteNToN_8v
5f0938c8 T _AL2WriteNToN_ADAT
5f0965a8 T _AL2WriteNToN_ADATv
5f093880 T _AL2WriteNToN_AES
5f096ba4 T _AL2WriteNToN_AESv
5f093f3c T _AL2WriteNToN_d
5f094020 T _AL2WriteNToN_dnl
5f09852c T _AL2WriteNToN_dv
5f099420 T _AL2WriteNToN_dvnl
5f093be8 T _AL2WriteNToN_f
5f093ccc T _AL2WriteNToN_fnl
5f098114 T _AL2WriteNToN_fv
5f098944 T _AL2WriteNToN_fvnl
5f0b5cf0 D _AL2_atten_table
5f0913fc T _AL2assignfuncs
5f0b5a70 D _AL2default_config
5f0bf540 D _AL2error
5f0b60f8 D _AL2errortab
5f0b6168 D _AL2errortab_nofmt
5f0b5a98 D _AL2rate_table
5f0b5ce8 D _AL2rate_table_size
5f09164c T _AL2recalcscalefactors
5f0b60f0 D _ALhdsp0master
5f09e270 T __alParams
5ef34f38 U __dcis
00000000 T __dso_displacement
5ef20000 T __elf_header
00000000 U __iob
5ef20034 T __program_header_table
5f09e758 T _alGetResourceValue
5ef34e48 U abort
00000000 U acos
5f0902e8 T alClosePort
5f090240 T alFreeConfig
5f090a04 T alGetChannels
5f090f9c T alGetConfig
5f090160 T alGetErrorString
5f090a98 T alGetFD
5f09e148 T alGetFloatMax
5f08ff18 T alGetFrameNumber
5f090b28 T alGetFrameTime
5f09e858 T alGetParams
5f09e894 T alGetResourceByName
5f091224 T alGetSampFmt
5f09e1dc T alGetWidth
5f09ed8c T alIsSubtype
5f0901a0 T alNewConfig
5f09169c T alOpenPort
5f0903d4 T alReadFrames
5f0908d8 T alSetChannels
5f090c48 T alSetConfig
5f090120 T alSetErrorHandler
5f09e050 T alSetFloatMax
5f0910b4 T alSetSampFmt
5f09da08 T alSetWidth
5f09db34 T alWriteFrames
5ef34fb0 U asin
5ef34fc4 U atan2
5ef34d94 U atof
5ef35000 U bcopy
5ef35028 U bzero
00000000 U calloc
00000000 U cbrt
00000000 U ceil
5efb5180 T cfb16AllocatePrivates
5efb52c8 T cfb16BitBlt
5efd89ac T cfb16ClippedLineCopy
5efc6e64 T cfb16ClippedLineGeneral
5efda4a0 T cfb16ClippedLineXor
5efb5c3c T cfb16CopyArea
5efb5cd8 T cfb16CopyPlane
5efba554 T cfb16CopyRotatePixmap
5efb5bf4 T cfb16DoBitblt
5efde33c T cfb16DoBitbltCopy
5efc389c T cfb16DoBitbltGeneral
5efd25dc T cfb16DoBitbltOr
5efb5d1c T cfb16DoBitbltXor
5efcd0e0 T cfb16FillBoxTile32sCopy
5efca6d0 T cfb16FillBoxTile32sGeneral
5efcbb08 T cfb16FillBoxTileOddCopy
5efc95dc T cfb16FillBoxTileOddGeneral
5efe0210 T cfb16FillPoly1RectCopy
5efc5c40 T cfb16FillPoly1RectGeneral
5efb977c T cfb16FillRectSolidCopy
5efd036c T cfb16FillRectSolidGeneral
5efb88cc T cfb16FillRectSolidXor
5efcf5e4 T cfb16FillRectTile32Copy
5efd12a0 T cfb16FillRectTile32General
5efcef00 T cfb16FillRectTileOdd
5efcdb3c T cfb16FillSpanTile32sCopy
5efcb1c8 T cfb16FillSpanTile32sGeneral
5efcc670 T cfb16FillSpanTileOddCopy
5efc9eb4 T cfb16FillSpanTileOddGeneral
5f0b8b34 D cfb16GCPrivateIndex
5efb77cc T cfb16GetImage
5efce444 T cfb16GetSpans
5efe0ac4 T cfb16ImageGlyphBlt8
5efd5e00 T cfb16LineSD
5efd3d2c T cfb16LineSS
5efd86dc T cfb16LineSS1Rect
5efd7e50 T cfb16LineSS1RectCopy
5efc662c T cfb16LineSS1RectGeneral
5efdb6dc T cfb16LineSS1RectPreviousCopy
5efd9c98 T cfb16LineSS1RectXor
5f0b97b0 D cfb16NonTEOps
5f0b9700 D cfb16NonTEOps1Rect
5efdbc80 T cfb16PolyFillArcSolidCopy
5efba8a0 T cfb16PolyFillArcSolidGeneral
5efcefbc T cfb16PolyFillRect
5efbe80c T cfb16PolyGlyphBlt8
5efddac4 T cfb16PolyPoint
5efb7468 T cfb16PutImage
5f0b7618 D cfb16QuartetBitsTable
5f0b7628 D cfb16QuartetPixelMaskTable
5f0b8b38 D cfb16ScreenPrivateIndex
5efc1c3c T cfb16SegmentSD
5efbfd78 T cfb16SegmentSS
5efbdf0c T cfb16SegmentSS1Rect
5efbd5c4 T cfb16SegmentSS1RectCopy
5efbe060 T cfb16SegmentSS1RectGeneral
5efdd3c4 T cfb16SegmentSS1RectXor
5efbc8ec T cfb16SetSpans
5efb9eb4 T cfb16SolidSpansCopy
5efd0d94 T cfb16SolidSpansGeneral
5efb92e4 T cfb16SolidSpansXor
5f0b9758 D cfb16TEOps
5f0b96a8 D cfb16TEOps1Rect
5efcfd0c T cfb16Tile32FSCopy
5efd1fd0 T cfb16Tile32FSGeneral
5efc83a0 T cfb16UnnaturalStippleFS
5efc8104 T cfb16UnnaturalTileFS
5efb79b0 T cfb16ValidateGC
5f0b8b30 D cfb16WindowPrivateIndex
5efba2c0 T cfb16XRotatePixmap
5efba3ec T cfb16YRotatePixmap
5efe0c2c T cfb16ZeroPolyArcSSCopy
5efc51f8 T cfb16ZeroPolyArcSSGeneral
5efdf8ec T cfb16ZeroPolyArcSSXor
5f0b7608 D cfb16endpartial
5f0b75f8 D cfb16endtab
5f0b7610 D cfb16mask
5f0b7600 D cfb16startpartial
5f0b75f0 D cfb16starttab
5ef92b9c T cfb32AllocatePrivates
5ef92fa4 T cfb32BitBlt
5efad9a8 T cfb32ClippedLineCopy
5efa3afc T cfb32ClippedLineGeneral
5efaf498 T cfb32ClippedLineXor
5ef93914 T cfb32CopyArea
5ef939ac T cfb32CopyPlane
5ef961f0 T cfb32CopyRotatePixmap
5ef938d0 T cfb32DoBitblt
5efb33d0 T cfb32DoBitbltCopy
5efa0a4c T cfb32DoBitbltGeneral
5efac2f4 T cfb32DoBitbltOr
5ef939f0 T cfb32DoBitbltXor
5ef9acf8 T cfb32FillBoxTile32sCopy
5ef9bf54 T cfb32FillBoxTile32sGeneral
5ef9a2f0 T cfb32FillBoxTileOddCopy
5ef9b53c T cfb32FillBoxTileOddGeneral
5efb3fcc T cfb32FillPoly1RectCopy
5efa2330 T cfb32FillPoly1RectGeneral
5ef95934 T cfb32FillRectSolidCopy
5efa5bb0 T cfb32FillRectSolidGeneral
5ef9c880 T cfb32FillRectSolidXor
5efa5428 T cfb32FillRectTile32Copy
5efa63fc T cfb32FillRectTile32General
5efa4d7c T cfb32FillRectTileOdd
5ef9b170 T cfb32FillSpanTile32sCopy
5ef9c454 T cfb32FillSpanTile32sGeneral
5ef9a86c T cfb32FillSpanTileOddCopy
5ef9baa8 T cfb32FillSpanTileOddGeneral
5f0b8b1c D cfb32GCPrivateIndex
5ef948ac T cfb32GetImage
5efa2be8 T cfb32GetSpans
5efb47bc T cfb32ImageGlyphBlt8
5efa8d60 T cfb32LineSD
5efa6de4 T cfb32LineSS
5efad6d8 T cfb32LineSS1Rect
5eface4c T cfb32LineSS1RectCopy
5efa32c4 T cfb32LineSS1RectGeneral
5efb06d4 T cfb32LineSS1RectPreviousCopy
5efaec90 T cfb32LineSS1RectXor
5f0b9650 D cfb32NonTEOps
5f0b95a0 D cfb32NonTEOps1Rect
5efb0c78 T cfb32PolyFillArcSolidCopy
5ef96538 T cfb32PolyFillArcSolidGeneral
5efa4e04 T cfb32PolyFillRect
5efaad18 T cfb32PolyGlyphBlt8
5efb2234 T cfb32PolyPoint
5ef94548 T cfb32PutImage
5f0b75e0 D cfb32QuartetBitsTable
5f0b75e8 D cfb32QuartetPixelMaskTable
5f0b8b20 D cfb32ScreenPrivateIndex
5ef9ee70 T cfb32SegmentSD
5ef9d0e0 T cfb32SegmentSS
5ef98eb4 T cfb32SegmentSS1Rect
5ef98630 T cfb32SegmentSS1RectCopy
5ef99008 T cfb32SegmentSS1RectGeneral
5efb1bdc T cfb32SegmentSS1RectXor
5ef97de0 T cfb32SetSpans
5ef95c20 T cfb32SolidSpansCopy
5efa5fc0 T cfb32SolidSpansGeneral
5ef9ccf8 T cfb32SolidSpansXor
5f0b95f8 D cfb32TEOps
5f0b9548 D cfb32TEOps1Rect
5efa5724 T cfb32Tile32FSCopy
5efa6910 T cfb32Tile32FSGeneral
5ef99954 T cfb32UnnaturalStippleFS
5ef996ec T cfb32UnnaturalTileFS
5ef94a8c T cfb32ValidateGC
5f0b8b18 D cfb32WindowPrivateIndex
5ef95f64 T cfb32XRotatePixmap
5ef96088 T cfb32YRotatePixmap
5efb490c T cfb32ZeroPolyArcSSCopy
5efa18e8 T cfb32ZeroPolyArcSSGeneral
5efb2aac T cfb32ZeroPolyArcSSXor
5f0b75d0 D cfb32endpartial
5f0b8b28 D cfb32endtab
5f0b75d8 D cfb32mask
5f0b7678 D cfb8BitLenMasks
5f002b10 T cfb8ClippedLineCopy
5f004570 T cfb8ClippedLineGeneral
5f006494 T cfb8ClippedLineXor
5f014bd0 T cfb8FillRectOpaqueStippled32
5f0179b0 T cfb8FillRectStippledUnnatural
5f0156a8 T cfb8FillRectTransparentStippled32
5f002840 T cfb8LineSS1Rect
5f002068 T cfb8LineSS1RectCopy
5f003d88 T cfb8LineSS1RectGeneral
5f005774 T cfb8LineSS1RectPreviousCopy
5f005cd4 T cfb8LineSS1RectXor
5eff35c0 T cfb8OpaqueStipple32FS
5f013528 T cfb8SegmentSS1Rect
5f012c88 T cfb8SegmentSS1RectCopy
5f01367c T cfb8SegmentSS1RectGeneral
5f013de4 T cfb8SegmentSS1RectXor
5efe9f84 T cfb8SetOpaqueStipple
5eff1358 T cfb8Stipple32FS
5f0b8b44 D cfb8StippleAlu
5f0b8b58 D cfb8StippleAnd
5f0b8b50 D cfb8StippleBg
5f0b8b4c D cfb8StippleFg
5f0b7638 D cfb8StippleMasks
5f0b8b40 D cfb8StippleMode
5f0b8b54 D cfb8StipplePm
5f0b8b48 D cfb8StippleRRop
5f0b8b98 D cfb8StippleXor
5efebd20 T cfbAllocatePrivates
5eff7b58 T cfbBitBlt
5eff84d0 T cfbCopyArea
5eff9950 T cfbCopyPlane
5eff8570 T cfbCopyPlane1to8
5f000170 T cfbCopyPlane8to1
5efec280 T cfbCopyRotatePixmap
5efebe3c T cfbCreatePixmap
5efebf94 T cfbDestroyPixmap
5eff8488 T cfbDoBitblt
5f00b678 T cfbDoBitbltCopy
5effb570 T cfbDoBitbltGeneral
5eff9e44 T cfbDoBitbltOr
5f009f4c T cfbDoBitbltXor
5f008c08 T cfbFillBoxTile32sCopy
5eff510c T cfbFillBoxTile32sGeneral
5f007650 T cfbFillBoxTileOddCopy
5eff4010 T cfbFillBoxTileOddGeneral
5efef438 T cfbFillPoly1RectCopy
5effcec0 T cfbFillPoly1RectGeneral
5f019408 T cfbFillRectSolidCopy
5efee29c T cfbFillRectSolidGeneral
5efeabe8 T cfbFillRectSolidXor
5f0186a0 T cfbFillRectTile32Copy
5efe258c T cfbFillRectTile32General
5f014498 T cfbFillRectTileOdd
5f009654 T cfbFillSpanTile32sCopy
5eff5c08 T cfbFillSpanTile32sGeneral
5f0081a8 T cfbFillSpanTileOddCopy
5eff48ec T cfbFillSpanTileOddGeneral
5f0b8bdc D cfbGCPrivateIndex
5efea93c T cfbGetImage
5f0015c0 T cfbGetSpans
5efe84b4 T cfbImageGlyphBlt8
5f01037c T cfbLineSD
5f00e328 T cfbLineSS
5f0b9910 D cfbNonTEOps
5f0b9860 D cfbNonTEOps1Rect
5f00cc04 T cfbPolyFillArcSolidCopy
5effe144 T cfbPolyFillArcSolidGeneral
5f014554 T cfbPolyFillRect
5efec5c8 T cfbPolyGlyphBlt8
5efe863c T cfbPolyGlyphRop8
5efedaf8 T cfbPolyPoint
5f0b8c4c A cfbPuntCopyPlane
5efe38c8 T cfbPushPixels8
5efea5d8 T cfbPutImage
5ef92ce4 T cfbResolveColor
5efe67a8 T cfbSegmentSD
5efe49ac T cfbSegmentSS
5eff6e70 T cfbSetSpans
5f019ca0 T cfbSolidSpansCopy
5efeee00 T cfbSolidSpansGeneral
5efeb798 T cfbSolidSpansXor
5f01a10c T cfbTEGlyphBlt8
5f0b98b8 D cfbTEOps
5f0b9808 D cfbTEOps1Rect
5f018db8 T cfbTile32FSCopy
5efe32bc T cfbTile32FSGeneral
5efeff78 T cfbUnnaturalStippleFS
5efefcdc T cfbUnnaturalTileFS
5efe14a0 T cfbValidateGC
5f0b8bd8 D cfbWindowPrivateIndex
5efebfec T cfbXRotatePixmap
5efec118 T cfbYRotatePixmap
5f01248c T cfbZeroPolyArcSS8Copy
5eff654c T cfbZeroPolyArcSS8General
5effd898 T cfbZeroPolyArcSS8Xor
5f0b7728 D cfbendpartial
5f0b7708 D cfbendtab
5f0b7738 D cfbmask
5f0b7718 D cfbstartpartial
5f0b76f8 D cfbstarttab
00000000 U close
5ef6e98c T cmapDID
5f0b8be0 D copyPlaneGeneration..NOC
5f0b9964 D copyPlaneScreenIndex..OOC
00000000 U cos
00000000 U dbcDelayedSwapBufferDone
5ef34ce0 U dbcNoticeSwapInitiated
00000000 U dbcWindowPrivateIndex
00000000 U ddxActiveScreens
00000000 U ddxDfltClass
00000000 U ddxDfltDepth
00000000 U ddxDfltVisualID
5ef34b00 U ddxFindFirstTypedBoard
5ef34b14 U ddxGetBoardInfo
5ef34aec U ddxGetBoardName
5ef34d08 U ddxGetScreenInfo
00000000 U ddxOverlayFlag
00000000 U defaultScreenSaverInterval
00000000 U deltaSaveUndersViewable
00000000 U dixChangeGC
5f0b77d0 D endtab
00000000 U errno
00000000 U exit
5ef5b634 T expAttachXvc
5ef57474 T expBell
5ef56594 T expBlankScreen
5ef532cc T expChangeDIDCmap
5ef5a958 T expCheckTimingTable
5ef4ebd0 T expClearOverlays
5ef5721c T expCloseScreen
5f0b8c98 D expCmapGroups
5f0b7440 D expCommonOps
5ef52280 T expCopyRect
5ef40604 T expCopyWindow
5ef61010 T expCursorInit
5ef60f8c T expCursorOn
5f0b8f40 D expDepths
5ef6115c T expDisplayCursor
5ef4d4b4 T expDrawCID
5ef4d5f4 T expDrawImage
5ef4edec T expDrawImage12
5ef5033c T expDrawImage12TC
5ef514cc T expDrawImage24
5ef42304 T expDrawMonoImage
5ef47ab8 T expDrawOpaqueMonoImage
5ef4d28c T expDrawPoints
5ef39a54 T expDrawSolidRects
5ef60fd8 T expDummySetCursorColor
5ef690b4 T expFastLineSD
5ef5d12c T expFillPolygon
5ef5c58c T expFillTriangle
5f0b3718 D expFormats
5f0b9c58 D expGCOpsCache..EMC
5f0b8ae4 D expGCPrivateIndex
5f0b8db8 D expHWCmaps
5ef5dcc4 T expImageGlyphBltCW16
5ef5f620 T expImageGlyphBltCW32
5ef5e58c T expImageGlyphBltTE16
5ef601a0 T expImageGlyphBltTE32
5ef5ed70 T expImageGlyphBltTE8
5ef56908 T expInit
5ef567b0 T expInitHW
5ef3503c T expInitRootWindow
5ef52584 T expInitWindowType
5ef3856c T expInitializeColormap
5ef41594 T expInitiateBufferSwap
5ef363d4 T expInstall24Map
5ef60e70 T expInstallCursor
5ef373f8 T expInstallNormalMap
5ef38154 T expInstallOverlay4Map
5ef37d48 T expInstallOverlayMap
5ef37878 T expInstallPupMap
5ef5ba70 T expKernInit
5ef579b4 T expKeyClick
5ef6625c T expLineSD
5ef64460 T expLineSS
5ef5b08c T expLoadAndFree
5ef5acd4 T expLoadTimingTable
5ef5b1bc T expLstVideoFmt
5ef5360c T expNeedCID
5f0b7430 D expNumCmapGroups
5f0b7434 D expNumHWCmaps
5ef3be68 T expOpStippledFillRects
5f0b8fe8 D expOpStippledPrivOps
5ef53708 T expPolyGlyphBltCW16
5ef54f0c T expPolyGlyphBltCW32
5ef53ebc T expPolyGlyphBltTE16
5ef55980 T expPolyGlyphBltTE32
5ef54680 T expPolyGlyphBltTE8
5ef5bbb8 T expPolyPoint
5ef5664c T expProbe
5f0b3b70 D expPrototypeGCPriv
5f0b9138 D expRRMPriv
5ef63574 T expReadConvertPixels
5f0b93d8 D expReadDisplayInfo
5ef4df8c T expReadImage
5ef4f76c T expReadImage12
5ef50e0c T expReadImage12TC
5ef51dac T expReadImage24
5ef60be4 T expRealizeCursor
5ef3f728 T expRealizeWindow
5ef5a608 T expResetProc
5f0b8ae0 D expScreenPrivateIndex
5f0b3cf0 D expScreenRec
5f0b3be0 D expScrnPriv
5ef3d08c T expSegmentSS
5ef563a0 T expSetBacklight..EHB
5ef366e0 T expSetColor
5f0b8f70 D expSolidPrivOps
5ef351f4 T expSolidSpans
5ef3add4 T expStippledFillRects
5f0b8fd0 D expStippledPrivOps
5ef356b4 T expStippledSpans
5ef395cc T expStore24Colors
5ef36718 T expStoreNormalColors
5ef39690 T expStoreOverlay4Colors
5ef37020 T expStoreOverlayColors
5ef36bd0 T expStorePupColors
5ef39cd4 T expTileRects
5f0b8fa0 D expTiledPrivOps12
5f0b8fb8 D expTiledPrivOps24
5f0b8f88 D expTiledPrivOps8
5ef354cc T expTiledSpans
5ef36650 T expUninstall24Map
5ef3f984 T expUnrealizeWindow
5f0b9b80 D expVIDs
5ef525d8 T expValidateClip
5ef52fe8 T expValidateMode
5ef3c22c T expValidateReducedGC
5ef52ed4 T expValidateSwapbuf
5ef61864 T expValidateVisual
5ef3c5bc T expValidateWindowGC
5ef3fa18 T expValidateWindowPriv
5f0b38e8 D expVisuals
5f0b90c0 D expWinOps12
5f0b90e8 D expWinOps12TC
5f0b9070 D expWinOps2
5f0b9110 D expWinOps24
5f0b9098 D expWinOps8
5ef5abb8 T expWriteTimingTable
5ef6a5dc T expZeroPolyArc
5f0b89a0 D exp_corona_present
5f0b91f8 D exp_nmbxScreenInfo
5f0b9000 D expglxScreenPriv
5ef583b8 T expvc1ComputeDIDTable
5ef57e44 T expvc1Init
5f0b9240 D expvc1ModeTable
00000000 U fclose
5ef34df8 U ffs
00000000 U floor
00000000 U fopen
5ef34bc8 U fprintf
00000000 U free
5ef34bb4 U fscanf
5ef34bdc U fstat
00000000 U gammaAdjust
5f0b8b00 D gammaAdjustVal
00000000 U getenv
5f0b52b0 D gl_blue_map..BIB
5f0b51b0 D gl_green_map..AIB
5f0b50b0 D gl_red_map..PHB
00000000 U globalSerialNumber
5ef34cb8 U glxInitWinPriv
5ef34b50 U glxScreenInit
00000000 U glxScreenPrivateIndex
00000000 U glxWindowPrivateIndex
5f0b7420 D gr2FlatPanelSizeTable
5f0b7400 D gr2MonitorSizeTable
5f0b3ef0 D gr2ScreenInfo
00000000 U hypot
5ef6c5b8 T incrRRMpriv
5f0b9458 D init4sight
5f0b9428 D initEnvm
5f0b9418 D initGL
5f0b9440 D initPseudo
00000000 U inputInfo
00000000 U ioctl
5ef34c40 U irixKernInit
00000000 U malloc
5f0b8858 D mask
00000000 U memcpy
00000000 U memmove
00000000 U memset
5f0b9968 D mergeRopBits
5f02916c T mfbAllocatePrivates
5f02ec00 T mfbBlackSolidFS
5f02ff74 T mfbBlackStippleFS
5f04f29c T mfbBresS
5f024d38 T mfbCopyArea
5f0256d0 T mfbCopyPlane
5f02acbc T mfbCopyRotatePixmap
5f022070 T mfbDoBitblt
5f029574 T mfbDoBitbltCopy
5f025904 T mfbDoBitbltCopyInverted
5f026f8c T mfbDoBitbltGeneral
5f02afe4 T mfbDoBitbltOr
5f04b214 T mfbDoBitbltXor
5f03cd60 T mfbFillPolyBlack
5f03a8f0 T mfbFillPolyInvert
5f0507d0 T mfbFillPolyWhite
5f0b5438 D mfbFuncs..EHG
5f0b8be8 D mfbGCPrivateIndex
5f02943c T mfbGetImage
5f042b88 T mfbImageGlyphBltBlack
5f0490dc T mfbImageGlyphBltWhite
5f02f560 T mfbInvertSolidFS
5f0304bc T mfbInvertStippleFS
5f040538 T mfbLineSD
5f03dd98 T mfbLineSS
5f04a218 T mfbPixmapToRegion
5f037e00 T mfbPolyFillArcSolid
5f043d10 T mfbPolyFillRect
5f051014 T mfbPolyGlyphBltBlack
5f04d50c T mfbPolyGlyphBltInvert
5f03bc80 T mfbPolyGlyphBltWhite
5f03d5a0 T mfbPolyPoint
5f028bfc T mfbPushPixels
5f02924c T mfbPutImage
5f02c6fc T mfbRealizeFont
5f02d454 T mfbReduceRop
5f035b64 T mfbSegmentSD
5f032d08 T mfbSegmentSS
5f044794 T mfbSetScanline
5f04508c T mfbSetSpans
5f02d5bc T mfbSolidBlackArea
5f047a2c T mfbSolidInvertArea
5f028890 T mfbSolidPP
5f045d88 T mfbSolidWhiteArea
5f02e004 T mfbStippleBlackArea
5f048570 T mfbStippleInvertArea
5f0467c8 T mfbStippleWhiteArea
5f04fc90 T mfbTEGlyphBltBlack
5f03b17c T mfbTEGlyphBltWhite
5f047334 T mfbTileAreaPPWCopy
5f04e5ec T mfbTileAreaPPWGeneral
5f0309ec T mfbTileFS
5f03221c T mfbUnnaturalStippleFS
5f031200 T mfbUnnaturalTileFS
5f02c704 T mfbUnrealizeFont
5f02c710 T mfbValidateGC
5f02f0b0 T mfbWhiteSolidFS
5f02fa44 T mfbWhiteStippleFS
5f0b8be4 D mfbWindowPrivateIndex
5f02aae8 T mfbXRotatePixmap
5f02abbc T mfbYRotatePixmap
5f04c930 T mfbZeroPolyArcSS
5f075bdc T miAppendSpans
5f05a70c T miChangeBorderWidth
5f052860 T miChangeClip
5f052700 T miChangeGC
5f058dac T miChangeSaveUnder
5f06e1ac T miCleanupSpanData
5f068ed4 T miClearDrawable
5f0588f0 T miClearToBackground
5f05859c T miClipSpans
5f05aa3c T miCloseScreen
5f052aa8 T miComputeCompositeClip
5f0616cc T miCopyArea
5f052994 T miCopyClip
5f052aa0 T miCopyGC
5f062cbc T miCopyPlane
5f080464 T miCreateETandAET
5f05aa70 T miCreateScreenResources
5f0527bc T miDestroyClip
5f052708 T miDestroyGC
5f076348 T miDisposeSpanGroup
5f05bd8c T miEllipseAngleToSlope
5f0b8bf8 D miEmptyBox
5f0b8c00 D miEmptyData
5f05c1f8 T miFillArcSliceSetup
5f06788c T miFillConvexPoly
5f07fae0 T miFillGeneralPoly
5f0691e0 T miFillPolyHelper
5f07f518 T miFillPolygon
5f08d544 T miFillSppPoly
5f0763d4 T miFillUniqueSpanGroup
5f080a68 T miFreeArcCache
5f075d40 T miFreeSpanGroup
5f0b8bf0 D miGCPrivateIndex..GOC
5f06305c T miGetImage
5f05a3c0 T miGetLayerWindow
5f067ef4 T miHandleExposures
5f05925c T miHandleValidateExposures
5f08e260 T miImageGlyphBlt
5f052638 T miImageText16
5f0525a8 T miImageText8
5f0757f0 T miInitSpanGroup
5f076d8c T miInitializeBackingStore
5f0549a0 T miIntersect
5f05743c T miInverse
5f06c824 T miLineProjectingCap
5f059078 T miMarkOverlappedWindows
5f05a948 T miMarkUnrealizedWindow
5f05900c T miMarkWindow
5f05a9c4 T miModifyPixmapHeader
5f0593b8 T miMoveWindow
5f062770 T miOpqStipDrawable
5f057f70 T miPointInRegion
5f082aec T miPolyArc
5f05deb8 T miPolyFillArc
5f063398 T miPolyFillRect
5f08dd20 T miPolyGlyphBlt
5f08e438 T miPolyRectangle
5f067e64 T miPolySegment
5f052350 T miPolyText16
5f052120 T miPolyText8
5f058e90 T miPostChangeSaveUnder
5f05f224 T miPushPixels
5f053030 T miRectAlloc
5f0576d4 T miRectIn
5f0569e8 T miRectsToRegion
5f055698 T miRegionAppend
5f053148 T miRegionCopy
5f052dc4 T miRegionCreate
5f052f94 T miRegionDestroy
5f0580c0 T miRegionEmpty
5f058124 T miRegionExtents
5f052ec8 T miRegionInit
5f05809c T miRegionNotEmpty
5f057f00 T miRegionReset
5f052fec T miRegionUninit
5f055c88 T miRegionValidate
5f068900 T miSendExposures
5f068630 T miSendGraphicsExpose
5f05a3c8 T miSetShape
5f06e118 T miSetupSpanData
5f05ab98 T miShapedWindowIn
5f059780 T miSlideAndSizeWindow
5f068f94 T miStepDash
5f057194 T miSubtract
5f075810 T miSubtractSpans
5f05787c T miTranslateRegion
5f05533c T miUnion
5f05b76c T miValidateTree
5f072a7c T miWideDash
5f06e2e0 T miWideLine
5f068b30 T miWindowExposures
5f0646c4 T miZeroArcPts
5f0637f0 T miZeroArcSetup
5f05f7e0 T miZeroClipLine
5f061684 T miZeroDashLine
5f05fde8 T miZeroLine
5f0b8c0c D miZeroLineGeneration
5f0b8c08 D miZeroLineScreenIndex
5f065858 T miZeroPolyArc
5ef34bf0 U mmap
5ef34c04 U munmap
5ef88c28 T nfbAbort
5f0b9470 D nfbBSFuncRec
5ef75408 T nfbChangeSaveUnder
5ef744c4 T nfbChangeWindowAttributes
5ef7acc0 T nfbCloseScreen
5ef7daac T nfbCopyArea
5ef7c4b0 T nfbCopyPlane
5ef79468 T nfbCreateHWColormap
5ef90bc0 T nfbCreateStereoGC
5ef73f94 T nfbCreateWindow
5ef810d4 T nfbCursorLimits
5ef78754 T nfbDestroyHWColormap
5ef743f0 T nfbDestroyWindow
5ef7cd2c T nfbDoBitBltPS
5ef7ce6c T nfbDoBitBltSP
5ef7ca4c T nfbDoBitBltSS
5ef7a358 T nfbFillSpans
5f0b8b0c D nfbGCPrivateIndex
5ef7ada4 T nfbGenericScreenInit
5ef7bb04 T nfbGetBestVisualForPEX
5ef7e5d0 T nfbGetImage
5ef781d0 T nfbGetLayerWindow
5ef8a488 T nfbGetSpans
5ef7956c T nfbHWColormapScreenInit
5ef79000 T nfbHWStoreColors
5ef8ac5c T nfbImageGlyphBlt
5f0b94f0 D nfbInferiorOps
5ef7bb1c T nfbInitRootWindow
5ef78798 T nfbInstallHWColormap
5ef8f280 T nfbLayerValidateTree
5ef78684 T nfbListInstalledHWColormaps
5ef77570 T nfbMarkOverlappedWindows
5ef78564 T nfbMarkUnrealizedWindow
5ef774c0 T nfbMarkWindow
5f0b7580 D nfbMaskRopFcn
5ef757b0 T nfbMoveWindow
5ef7aa20 T nfbOpStippledFS
5ef88844 T nfbOpStippledFillRects
5ef8bb84 T nfbPaintWindowBackground
5ef8b970 T nfbPaintWindowBorder
5ef8b3d4 T nfbPolyFillRect
5ef811cc T nfbPolyPoint
5ef744bc T nfbPositionWindow
5ef75638 T nfbPostChangeSaveUnder
5ef87cb4 T nfbPostValidateTree
5ef79d94 T nfbPutImage
5ef81138 T nfbQueryBestSize
5f0b9488 D nfbRDGeneration..FPC
5f0b9484 D nfbRDScreenPrivateIndex..GPC
5f0b5408 D nfbRDinfo..EPC
5ef88c5c T nfbReadDisplay
5ef80fd0 T nfbRecolorCursor
5ef7c394 T nfbRestoreAreas
5f0b7540 D nfbRopFcn
5ef7c348 T nfbSaveAreas
5ef88be8 T nfbSaveScreen
5ef73b10 T nfbSetDidFlags
5ef87f18 T nfbSetSpans
5ef87444 T nfbSetStereoBuffer
5ef86d34 T nfbSetStereoMode
5ef8ccac T nfbShmCreatePixmap
5f0b9490 D nfbShmFuncs
5ef8ca24 T nfbShmPutImage
5ef75e14 T nfbSlideAndSizeWindow
5ef7a544 T nfbSolidFS
5ef883c0 T nfbSolidFillRects
5f0b9498 D nfbSolidOps
5ef87688 T nfbSolidPolyGlyphBlt
5ef8bdbc T nfbSolidZeroSeg
5ef82624 T nfbStereoCopyArea
5ef82988 T nfbStereoCopyPlane
5ef83cc0 T nfbStereoFillPolygon
5ef8153c T nfbStereoFillSpans
5ef85058 T nfbStereoImageGlyphBlt
5ef84e44 T nfbStereoImageText16
5ef84c30 T nfbStereoImageText8
5ef838f8 T nfbStereoPolyArc
5ef84440 T nfbStereoPolyFillArc
5ef8403c T nfbStereoPolyFillRect
5ef8528c T nfbStereoPolyGlyphBlt
5ef82d08 T nfbStereoPolyPoint
5ef834f4 T nfbStereoPolyRectangle
5ef830f0 T nfbStereoPolySegment
5ef84a1c T nfbStereoPolyText16
5ef84808 T nfbStereoPolyText8
5ef82efc T nfbStereoPolyline
5ef854c0 T nfbStereoPushPixels
5ef823a0 T nfbStereoPutImage
5ef81c64 T nfbStereoSetSpans
5f0b53b0 D nfbStereoWrapperOps
5ef7a794 T nfbStippledFS
5ef884c8 T nfbStippledFillRects
5ef78afc T nfbTellGainedMap
5ef7a654 T nfbTiledFS
5ef88434 T nfbTiledFillRects
5ef78c7c T nfbUninstallHWColormap
5ef73e70 T nfbUnmapTree
5ef81008 T nfbUnrealizeCursor
5ef87d84 T nfbValidateWindowVisual
5f0b8b08 D nfbWindowPrivateIndex
00000000 U nmbxAccAlphaSizeString
00000000 U nmbxAccBlueSizeString
00000000 U nmbxAccGreenSizeString
00000000 U nmbxAccRedSizeString
00000000 U nmbxAccumulationBufferString
00000000 U nmbxBestUpdateActionString
5ef34e98 U nmbxCanSupportBuffers
00000000 U nmbxCmapGroupSizeString
00000000 U nmbxDepthBufferString
00000000 U nmbxErrorBase
00000000 U nmbxFrameBufferLayerString
00000000 U nmbxHWRGBString
00000000 U nmbxLookupCapability
00000000 U nmbxMaxDisplayBuffersString
00000000 U nmbxOpenGLCapableString
5ef34da8 U nmbxScreenInit
00000000 U nmbxStencilBufferString
00000000 U nmbxTransparentPixelString
00000000 U numSaveUndersViewable
00000000 U open
5ef34fd8 U oserror
5f0b7858 D partmasks
00000000 U perror
00000000 U pow
00000000 U printf
5f0889c0 T realAllocSpan
5f0b88d8 D rmask
5f0b7530 D rop_needs_dst
5f0b7520 D rop_needs_src
5ef6c6c8 T rrmBindRNToClip
5ef34b78 U rrmCloseScreen
5ef70b5c T rrmCopyWindow
5ef73278 T rrmCreateDefColormap
5ef70a64 T rrmCreateWindow
5ef6d94c T rrmDestroyDrawable
5ef70adc T rrmDestroyWindow
5ef6d8d8 T rrmDisposeClip
5ef735d8 T rrmDoubleBufferWindow
5f0b5078 D rrmFunctionTable
5ef34b28 U rrmInit
5ef6c214 T rrmInvalidate
5ef70880 T rrmMapWindow
5ef6cfd8 T rrmOGLBindRNToClip
5ef6d3b8 T rrmOGLUnbindRNFromClip
5ef6eae8 T rrmProcessRequestQueue
00000000 U rrmScreenPrivateIndex
00000000 U rrmSetReservedDID
5ef6ca0c T rrmUnbindRNFromClip
5ef73938 T rrmUndoubleBufferWindow
5ef704ac T rrmUnmapWindow
5ef6e520 T rrmValidateCID
5ef703f4 T rrmValidateTree
00000000 U rrmWindowPrivateIndex
5ef6ecf8 T rrmWorkProc
00000000 U savedScreenInfo
5ef34b64 U scaninvent
00000000 U screenInfo
00000000 U select
00000000 U serverClient
00000000 U serverGeneration
00000000 U setoserror
5ef73240 T sgiEnableCapabilityUnsupported
00000000 U sgiOverrideColorCompare
5ef7325c T sgiReleaseCapabilityUnsupported
00000000 U sgiSetCursorPosition
00000000 U sginap
00000000 U sin
00000000 U solidRootOverrideColorName
00000000 U sprintf
00000000 U sqrt
00000000 U sscanf
5f0b7748 D starttab
5f0b75c0 D stereoWrapperOps
5ef34ba0 U strcat
00000000 U strcmp
00000000 U strcpy
00000000 U strlen
5ef35014 U strncpy
00000000 U vcScreenPrivateIndex
5ef34fec U vfprintf
5f0b55b8 D whiteCopyOps..DHG
