1019e070 T *clone*1*CloseFont
100bf154 T *clone*10*_XkbDDXBeepExpire
10066588 T *clone*11*calloc
100ac6ac T *clone*12*bdfReadFont
100d6520 T *clone*13*FontFileCloseFont
100b17a0 T *clone*14*BitmapOpenScalable
100db41c T *clone*15*_fs_load_glyphs
101a5660 T *clone*16*CIDGetMetrics
10149844 T *clone*17*CIDOpenScalable
1014a318 T *clone*18*Type1OpenScalable
1019e9d4 T *clone*19*GiveUp
1019e460 T *clone*2*FreeCursor
101b1314 T *clone*20*XETrapDestroyEnv
1010ead8 T *clone*21*RecordFlushAllContexts
101860fc T *clone*3*XkbWriteXKBGeometry
101878a8 T *clone*4*XkbWriteXKBSymbols
101893b4 T *clone*5*XkbWriteXKBCompatMap
1018b658 T *clone*6*XkbWriteXKBKeyTypes
1018a180 T *clone*7*XkbWriteXKBKeycodes
101a8ef4 T *clone*8*ScreenSaverResetProc
101602b8 T *clone*9*DeleteWindow
105410b0 d .bss
1052f8c0 d .data
00000000 d .debug_abbrev
00000000 d .debug_aranges
00000000 d .debug_frame
00000000 d .debug_funcnames
00000000 d .debug_info
00000000 d .debug_line
00000000 d .debug_pubnames
101b28e0 t .init
105410a8 d .lit4
10541068 d .lit8
10503000 d .rodata
1053a5e0 d .sbss
1053ee48 d .sdata
10535de8 d .srdata
100a4500 t .text
101248e4 T AbortDDX
1053ef34 D AccessEnabled..JAK
10043c08 T AccessXFilterPressEvent
10044110 T AccessXFilterReleaseEvent
10093d30 T AccessXInit
1004d304 T ActivateKeyboardGrab
1003d908 T ActivatePointerGrab
100a8b18 T AddAuthorization
1008454c T AddCallback
10084a9c T AddExtension
100d2ec8 T AddExtensionAlias
100d0bdc T AddExtensionClient
1019ef6c T AddFontNamesName
10073cb8 T AddHost
100806f4 T AddInputDevice
100683a4 T AddLocalHosts
100658e0 T AddOtherInputDevices
1004977c T AddPassiveGrabToList
100371f0 T AddResource
100a8370 T AddXdpsExtension
1053b7a8 D AllClients
1053e650 D AllExtensionVersions
1053b788 D AllSockets
1003432c T AllocColor
1006c5e4 T AllocColorCells
100bc768 T AllocColorPlanes
10051a38 T AllocCursor
10051348 T AllocGlyphCursor
1019e510 T AllocNewConnection..PDGC
1008cdd0 T AllocateClientPrivate
100302dc T AllocateColormapPrivateIndex
1008ccac T AllocateFontPrivateIndex
1008ccc8 T AllocateGCPrivate
1008d0f8 T AllocateGCPrivateIndex
100a8314 T AllocateGCPrivateIndexForDPS
10089174 T AllocateInputBuffer
100f067c T AllocateLargeReqBuffer
1004d640 T AllocateOutputBuffer
100301b0 T AllocatePixmap
1008cf00 T AllocateScreenPrivateIndex
100391e4 T AllocateWindow
1008cff0 T AllocateWindowPrivate
1008d114 T AllocateWindowPrivateIndex
10047a1c T AllowSome
1019dd00 T AlterSaveSetForClient
1053b84c D AnyClientsWriteBlocked
100f07a4 T AppendFakeRequest
1019e36c T AtomError
1004e994 T AttendClient
1015fd1c T AuditF
100a7fcc T AugmentSelf
1053ef24 D AuthenticationData
1053bcc0 D AuthenticationFuncs
1053ef20 D AuthenticationName
10542aa0 D AuthorizationNames..CJG
100750a4 T AutoResetServer
1053a648 D AuxillaryScreenProcs
1053bd08 D AvailableInput
1053c71c D AvailableWords
10540294 D BadClass
1053e5bc D BadDevice
10540288 D BadEvent
1053eafc D BadLbxClientCode..HJGC
1054028c D BadMode
1053e0d8 D BadShmSegCode
1015f590 T BitOrderInvert
10535150 D BitRevTable..HCIC
1011b90c T BitVectorCreateSet..ALKC
10541038 D BitVectorNoFreeOperations
10541028 D BitVectorSetOperations
100ae798 T BitmapGetInfoBitmap
100affec T BitmapGetInfoScalable
1019fbd8 T BitmapGetRenderIndex
10050d4c T BitmapOpenBitmap
100b148c T BitmapOpenScalable
1002ca14 T BlockHandler
105429b8 D BroadcastAddresses..NJG
100b38fc T BufFileFlush
10050fa4 T BufFileOpenRead
100524e4 T BufFilePushCompressed
10536750 D BuiltInSets
1015b0a4 T CIDChar
1014954c T CIDCloseFont
1014c7b4 T CIDFillFontInfo
1053c6b8 D CIDFontP
100b6ce0 T CIDGetAFM
100b821c T CIDGetGlyphInfo
10147abc T CIDGetGlyphs
1014eb90 T CIDGetInfoScalable
1014c2a8 T CIDGetMetrics
10146430 T CIDOpenScalable
1014b9a8 T CIDRenderGlyph
1053f588 D CIDRendererInfo
101a592c T CIDfontfcnA
1053c6bc D CMapP
1005a754 T CacheFontPattern
100a7f84 T ChangeAccessControl
1053e61c D ChangeDeviceNotify
1053e5d0 D ChangeDeviceNotifyMask
10035f04 T ChangeGC
100d29d0 T ChangeKeyMapping
1011dc00 T ChangeKeyboardDevice
10031284 T ChangeWindowAttributes
1008d130 T ChangeWindowProperty
10068690 T CheckAuthorization
10071c68 T CheckConnections
1004d564 T CheckCursorConfinement
100d2450 T CheckDeviceGrabAndHintWindow
1019cb30 T CheckDeviceGrabs
10059f54 T CheckFSFormat
10035b04 T CheckGrabForSyncs
1019bc4c T CheckWindowOptionalNeed
10160370 T CirculateWindow
10125394 T CleanupCells
100692f4 T ClientAuthorized
101349ec T ClientSleepUntil
1053a8b4 D ClientStateCallback
100ca8d8 T ClientWakeup
1053b7e8 D ClientsWithInput
1053b808 D ClientsWriteBlocked
100390ac T ClippedRegionFromBox
1006e9b4 T CloseDownClient
1006e680 T CloseDownConnection
10075f64 T CloseDownDevices
1007692c T CloseDownExtensions
1006e794 T CloseDownFileDescriptor
100711ac T CloseFont
1011dc54 T CloseInputDevice
1014d8c0 T ComputeBoundsAll
1003a330 T ComputeFreezes
100e3ba4 T ComputeHint..DLGB
1003806c T ConfigureWindow
1004964c T ConfineCursorToWindow
10542a90 D ConnectionAddresses..FKG
1053a5f8 D ConnectionInfo
1053b880 D ConnectionTranslation
10542a88 D ConnectionTypes..EKG
1053f5e9 D Continuity
100bcb1c T CopyColormapAndFree
1003fd2c T CopyGC
1013dadc T CopySwap16Write
1013d4dc T CopySwap32Write
10542150 D CoreDump
10041be4 T CoreProcessKeyboardEvent
10023410 T CoreProcessPointerEvent
100845c4 T CreateCallbackList
100688fc T CreateColormap
10035bc4 T CreateGC
1019d96c T CreateGrab
100fa85c T CreateImageBuffers
100e27bc T CreateMaskFromList
10066688 T CreateNewResourceType
1004b50c T CreateRootCursor
10086674 T CreateScratchGC
1009ed90 T CreateWellKnownSockets
100392b8 T CreateWindow
1053bcf8 D CriticalOutputPending
1053beb8 D CurCIDFontName
1053c2b8 D CurCMapName
1053be10 D CurFontName
1053a898 D CurrentSelections
1053ef04 D CursorBGBlue
1053d7f4 D CursorBGColorName
1053ef00 D CursorBGGreen
1053eefc D CursorBGRed
1053b738 D CursorFGBlue
1053d7f0 D CursorFGColorName
1053b734 D CursorFGGreen
1053b730 D CursorFGRed
1006b478 T CursorMetricsFromGlyph
1009dac8 T DEC_XTRAPInit
1007ef10 T DbeExtensionInit
1004b1c0 T DeactivateKeyboardGrab
1003dea0 T DeactivatePointerGrab
1053c788 D Decrypt..PNDB
1053eef8 D DefaultDash
100847b4 T DefineInitialRootWindow
100b914c T DeleteEventsFromChildren
10047f1c T DeletePassiveGrab
1004222c T DeletePassiveGrabFromList
1004a26c T DeleteProperty
1003cf70 T DeleteWindow
1003a060 T DeleteWindowFromAnyEvents
1003ab6c T DeleteWindowFromAnyExtEvents
1003c7bc T DeleteWindowFromAnySaveSet
10021520 T DeliverDeviceEvents
100261f8 T DeliverEvents
1019c608 T DeliverEventsToWindow
1019cda8 T DeliverFocusedEvent
1003da88 T DeliverGrabbedEvent
10540290 D DeviceBusy
1053e620 D DeviceButtonBaseShift
1053e5dc D DeviceButtonGrabMask
1053e5e0 D DeviceButtonMotionMask
1053e5f0 D DeviceButtonPress
1053e5f4 D DeviceButtonRelease
1053e614 D DeviceButtonStateNotify
1053a864 D DeviceEventCallback
1053e5c8 D DeviceFocusChangeMask
100d158c T DeviceFocusEvent
1053e5fc D DeviceFocusIn
1053e600 D DeviceFocusOut
1053e5e8 D DeviceKeyPress
1053e5ec D DeviceKeyRelease
1053e610 D DeviceKeyStateNotify
1053e618 D DeviceMappingNotify
1053e5d4 D DeviceMappingNotifyMask
1053e5f8 D DeviceMotionNotify
1053e5d8 D DeviceOwnerGrabButtonMask
1053e5c4 D DevicePointerMotionHintMask
1053e5c0 D DevicePointerMotionMask
1053e60c D DeviceStateNotify
1053e5cc D DeviceStateNotifyMask
1053e5e4 D DeviceValuator
100a8130 T DisableLocalHost
10024b08 T Dispatch
1053bcc8 D DisplayClass
10035f48 T DoChangeGC
10027318 T DoFocusEvents
1006208c T DoGetImage
1053a868 D DontPropagateMasks
10541bb8 D DontPropagateRefCnts..CKH
1019e2a8 T EnableDevice
100684b8 T EnableLocalHost
1053b768 D EnabledDevices
100628dc T EnqueueEvent
1015fe50 T ErrorF
1006959c T EstablishNewConnections
1053a860 D EventCallback
1053e4b8 D EventInfo
1053edd0 D EventProcVector
10026898 T EventSelectForWindow
105302c8 D EventSwapVector
100a3a10 T ExpandCommandLine
1053e458 D ExtEventIndex
1053e488 D ExtExclusiveMasks
1053e460 D ExtValidMasks
1053c70c D FDArrayIndex
1053c708 D FDArrayP
1004d7c8 T FakeClientID
1015fea8 T FatalError
1004b68c T FindCachedFontPattern
1011143c T FindClientResourcesByType
1004c2c8 T FindColor
100b6374 T FindInterestedChildren
1002a17c T FindWindowWithOptional
10084d84 T FixExtensionEvents
1019ea94 T FlushAllOutput
1053bcf4 D FlushCallback
10039d40 T FlushClientCaches
100eb130 T FlushOutBuf
10062b34 T FontComputeInfoAccelerators
101a0620 T FontCouldBeTerminal
10052878 T FontDefaultFormat
10086330 T FontFileAddEntry
1004212c T FontFileAddScaledInstance
1053bd68 D FontFileBitmapSources
100d4b68 T FontFileCheckListFonts
100d4b38 T FontFileCheckListNextFontOrAlias
100d4e20 T FontFileCheckListNextFontWithInfo
100d4b94 T FontFileCheckOpenFont
100d4bdc T FontFileCheckRegisterFpeFunctions
100d4e50 T FontFileCheckStartListFontsAndAliases
100d4df0 T FontFileCheckStartListFontsWithInfo
100713b0 T FontFileCloseFont
100610a8 T FontFileCompleteXLFD
100c8180 T FontFileDirectoryChanged
1007ddd4 T FontFileEmptyBitmapSource
10055a54 T FontFileFindNameInScalableDir
10055e80 T FontFileFindNamesInScalableDir
10068148 T FontFileFreeFPE
10076d84 T FontFileFreeTable
100865d4 T FontFileInitFPE
1019fbac T FontFileListFonts
100d642c T FontFileListNextFontOrAlias
100d55cc T FontFileListNextFontWithInfo
10086180 T FontFileMakeDir
10061c1c T FontFileMatchBitmapSource
1019fbec T FontFileMatchRenderer
100865c4 T FontFileNameCheck
10055640 T FontFileOpen
1019faf4 T FontFileOpenBitmap
100577fc T FontFileOpenFont
10082bf4 T FontFileReadDirectory
1007de24 T FontFileRegisterBitmapSource
1008d40c T FontFileRegisterFpeFunctions
100a04fc T FontFileRegisterLazyFontFileFunctions
1008d638 T FontFileRegisterRenderer
101a06c8 T FontFileRemoveScaledInstance
1053bda8 D FontFileReportDecompression
100d63ac T FontFileResetFPE
1008645c T FontFileSortDir
100d54ac T FontFileStartListFontsAndAliases
100d56b4 T FontFileStartListFontsWithInfo
10075b80 T FontFileUnregisterBitmapSource
1053be8c D FontP
10059cdc T FontParseRanges
100590ac T FontParseXLFDName
100712f4 T FontWakeup
1015fb64 T FourByteSwap
10077634 T FreeAllResources
1007462c T FreeAtom
1006fe48 T FreeClientNeverRetainResources
1007067c T FreeClientPixels
1019d4a0 T FreeClientResources
100706e4 T FreeColormap
100bbb50 T FreeColors
1004b0fc T FreeCursor
1019e390 T FreeCursorBits..OIH
10125308 T FreeCycleList
1019dffc T FreeFPE..HIM
10058f30 T FreeFontNames
10075eb4 T FreeFonts
1003b048 T FreeGC
1053bd00 D FreeInputs
1006f0e0 T FreeOsBuffers
1053bd04 D FreeOutputs
1003b464 T FreeResource
10072538 T FreeResourceByType
1003afbc T FreeScratchGC
1003b41c T FreeScratchPixmapHeader
1008680c T GLXExtensionInit
10064814 T GLXLoadExtension
10551390 D GetBestVisualForPEX
10060f80 T GetClientResolutions
100c9bac T GetFontPath
1002aba4 T GetGeometry
1002d664 T GetGlyphs
1007db6c T GetHosts
100eb014 T GetInputPtr
100ca810 T GetNewFontClientID
1003605c T GetScratchGC
10037128 T GetScratchPixmapHeader
100d0bd0 T GetSpriteCursor
10022064 T GetSpritePosition
1002a0ec T GetTimeInMillis
10113f14 T GetType1CharString
1004e2d0 T GetWindowAttributes
1007dcc4 T GetXDPSState
100a468c T GiveUp
100d13d0 T GrabButton
1004cf8c T GrabDevice
10541d38 D GrabInProgress
100d1bc8 T GrabKey
1004df18 T GravityTranslate
10070160 T HandleSaveSet
1053f658 D HighHex
1053e5b8 D IReqCode
10076aec T IResetProc
10532018 D ISO8859Enc..BBKB
1053c748 D ISOLatin1EncArrayP
1004eaf8 T IgnoreClient
1053b860 D IgnoredClientsWithInput
100808f0 T InitAndStartDevices
1007dd3c T InitAtoms
10080d30 T InitButtonClassDeviceStruct
100846fc T InitCallbackManager
1006a3c0 T InitClientPrivates
1006bcb8 T InitClientResources
1007e684 T InitCorePointer
10084928 T InitEvents
1008bf3c T InitExtensions
10083a10 T InitFonts
1008f548 T InitInput
10080abc T InitKbdFeedbackClassDeviceStruct
100813d8 T InitKeyClassDeviceStruct
10080664 T InitKeyboardDeviceStruct
1008ee80 T InitOutput
1008084c T InitPtrFeedbackClassDeviceStruct
10080ba8 T InitValuatorClassDeviceStruct
1053eee8 D InitialVector
100d1da4 T InputClientGone
1006b614 T InsertFakeRequest
1011b568 T IntervalListCreateSet..BLKC
10541058 D IntervalListNoFreeOperations
10541048 D IntervalListSetOperations
100681a8 T InvalidHost
1019db88 T IsMapInstalled
100ec68c T LBXInitDeltaCache
100bdbc0 T LBX_IgnoreClient
1053b7c8 D LastSelectMask
10089798 T LbxAddExtension
100ee158 T LbxAddExtensionAlias
105402c8 D LbxBitmapCompMethods
100f6950 T LbxChangeProperty
1002f2b8 T LbxChangeWindowProperty
100f3510 T LbxCheckAndLbxSetForBlock
10036290 T LbxCheckColorRequest
100f0d00 T LbxClientOutput..MLFC
100f14cc T LbxCloseClient
10077258 T LbxCloseDownExtensions
1008961c T LbxCmapInit
100eeedc T LbxDecodeArc
100eec54 T LbxDecodeCopyArea
100ee9c4 T LbxDecodeCopyPlane
100ee3f0 T LbxDecodeDrawableCache
100efb88 T LbxDecodeFillPoly
100ef854 T LbxDecodeGFXCache
100f013c T LbxDecodeGetImage
100ee504 T LbxDecodeImageText
101b0bb0 T LbxDecodePoints
100efa60 T LbxDecodePoly
100ee768 T LbxDecodePolyText
100ef22c T LbxDecodePutImage
100eff9c T LbxDecodeRectangle
100efd94 T LbxDecodeSegment
1053eaf8 D LbxEventCode
100898e0 T LbxExtensionInit
100f0f50 T LbxFlushClient
100ecfd4 T LbxFlushQTag
100f88c4 T LbxFlushTag..KEGC
100f0a4c T LbxForceOutput
101b04cc T LbxFreeFontTag
100edb20 T LbxGetKeyboardMapping
100eca38 T LbxGetModifierMapping
100f6c7c T LbxGetProperty
100c6758 T LbxImageDecodeFaxG42D
100ce2d8 T LbxImageEncodeFaxG42D
105402e0 D LbxInitialVector
100f611c T LbxOptionParse
1053ed18 D LbxPixmapCompMethods
100bdae4 T LbxProxyConnection
100edfc4 T LbxQueryExtension
10071560 T LbxQueryFont
100ece78 T LbxQueueSendTag..BAM
100f1f4c T LbxReencodeOutput
101b0aa0 T LbxReleaseCmap
1053eaf4 D LbxReqCode
100ec744 T LbxSendConnSetup
100edeb8 T LbxSendSendTagData..CAM
100f65c0 T LbxStallPropRequest
100f7270 T LbxSwapFontInfo
100eccb0 T LbxTagData
100f18bc T LbxWaitForUnblocked..PDN
100552ac T ListFonts
1053bc80 D ListenTransConns
1053bc88 D ListenTransCount
1053bc84 D ListenTransFds
1006855c T LoadAuthorization
100ce12c T LoadDynamicXDPS
10073af4 T LocalClient
1053bd2c D LocalHostEnabled..FJG
10065a30 T LookupAnyDeviceIntRec
10048430 T LookupClient
1006e1e4 T LookupDrawable
1003061c T LookupIDByClass
10029f68 T LookupIDByType
1011dbc8 T LookupOpenDeviceIntRec
1019dc4c T LookupWindow
1053f760 D LowHex
1053e100 D MITReqCode..PEG
100773fc T MITResetProc..OEG
10031230 T MMmallocBlockHandler
100500e8 T MakeAtom
100bd834 T MakeClientGrabImpervious
100bd740 T MakeClientGrabPervious
10116a64 T MakeEncodingArrayP..OAKB
10058fec T MakeFontNamesRecord
1008ca40 T MakeFontPatternCache
10086efc T MakePredeclaredAtoms
1019b3ec T MakeRootTile..GAH
10037890 T MakeWindowOptional
1053bcd0 D ManufacturerDisplayID
1003c14c T MapSubwindows
10037cd4 T MapWindow
10535e6c D MaxClients
1019ca28 T MaybeDeliverEventsToClient
100fbc50 T MitAddCookie
100fbd24 T MitCheckCookie
100fbde4 T MitFromID
100fbe2c T MitRemoveCookie
10074cd8 T MitResetCookie
100fbba4 T MitToID
10037a14 T MoveWindowInStack
100f95d8 T MultibufferExpose
1008c1c8 T MultibufferExtensionInit
105401d4 D MultibufferWindowIndex
1053c710 D MustCrash
10542154 D Must_have_memory
10068518 T NameForAtom
1008c36c T NewMultiBufferingInit
1053b848 D NewOutputPending
1006a4bc T NextAvailableClient
10025cc8 T NoopDDA
100632a0 T NotClippedByChildren
100f8bbc T NotImplemented
10542a58 D NumBroadcastAddresses..MJG
1053a89c D NumCurrentSelections
1053a84c D NumExtensions..EO
105429b0 D OneSession..OAK
1002a2ec T Ones
10051050 T OnlyListenToOneClient
10053edc T OpenFont
10065950 T OpenInputDevice
1053bd34 D OsDelayInitColors
1008c808 T OsInit
1005a39c T OsLookupColor
100488f4 T OtherClientGone
1053b828 D OutputPending
101066e4 T PEXLoadExtension
1012b660 T PackSelected
1053b854 D PartialNetwork
1008cbac T PexExtensionInit
105414b0 D PixmapWidthPaddingInfo
10026cd4 T PostNewCursor..BJH
100f13b8 T PrepareLargeReqBuffer
10106918 T PrinterFontInitFPE
101069e8 T PrinterFontListFonts
100302ac T PrinterFontListNextFontOrAlias
10106a14 T PrinterFontListNextFontWithInfo
10106a74 T PrinterFontNameCheck
101068d0 T PrinterFontOpenFont
101069b8 T PrinterFontStartListFontsAndAliases
10106a44 T PrinterFontStartListFontsWithInfo
100358d8 T ProcAllocColor
1006dd10 T ProcAllocColorCells
100c919c T ProcAllocColorPlanes
10052ac0 T ProcAllocNamedColor
10047818 T ProcAllowEvents
100c85d4 T ProcBadRequest
100c46b8 T ProcBell
100c8708 T ProcChangeAccessControl
10041600 T ProcChangeActivePointerGrab
1006adc8 T ProcChangeCloseDownMode
1002ad78 T ProcChangeGC
10073e08 T ProcChangeHosts
100c5494 T ProcChangeKeyboardControl
100c3f74 T ProcChangeKeyboardMapping
100c47c4 T ProcChangePointerControl
100303fc T ProcChangeProperty
1004833c T ProcChangeSaveSet
1002af80 T ProcChangeWindowAttributes
100c8a48 T ProcCirculateWindow
1002a8f4 T ProcClearToBackground
10071e08 T ProcCloseFont
100355d0 T ProcConfigureWindow
1003fac4 T ProcConvertSelection
1002b330 T ProcCopyArea
100c82dc T ProcCopyColormapAndFree
1003f94c T ProcCopyGC
10033e78 T ProcCopyPlane
1006a0c4 T ProcCreateColormap
10052f7c T ProcCreateCursor
100356b8 T ProcCreateGC
10053418 T ProcCreateGlyphCursor
1003503c T ProcCreatePixmap
1003527c T ProcCreateWindow
1004a35c T ProcDeleteProperty
100c90ec T ProcDestroySubwindows
1003e488 T ProcDestroyWindow
1006ae18 T ProcEstablishConnection
1002ba54 T ProcFillPoly
100c842c T ProcForceScreenSaver
10071ea4 T ProcFreeColormap
100c88d4 T ProcFreeColors
1003f8b0 T ProcFreeCursor
10034f84 T ProcFreeGC
1004ceec T ProcFreePixmap
1006a290 T ProcGetAtomName
100fb1a0 T ProcGetBufferAttributes
100c84c4 T ProcGetFontPath
1002acd8 T ProcGetGeometry
10062024 T ProcGetImage
1002d394 T ProcGetInputFocus
100c5e5c T ProcGetKeyboardControl
10069f08 T ProcGetKeyboardMapping
10069e14 T ProcGetModifierMapping
100c6090 T ProcGetMotionEvents
100c45f8 T ProcGetPointerControl
100c5fa4 T ProcGetPointerMapping
1005ddfc T ProcGetProperty
10073ff0 T ProcGetScreenSaver
1004cca8 T ProcGetSelectionOwner
1004ce14 T ProcGetWindowAttributes
10048698 T ProcGrabButton
100484b0 T ProcGrabKey
1004d46c T ProcGrabKeyboard
10048eb0 T ProcGrabPointer
100529b8 T ProcGrabServer
10063b98 T ProcIDispatch
100c964c T ProcImageText16
10020c54 T ProcImageText8
1006a740 T ProcInitialConnection
1002a33c T ProcInstallColormap
10052894 T ProcInternAtom
1007292c T ProcKillClient
100ebe70 T ProcLbxAllocColor
100f48e4 T ProcLbxDispatch
100f51bc T ProcLbxEstablishConnection
100f3218 T ProcLbxGetWinAttrAndGeom
100ec068 T ProcLbxGrabCmap
100ebc78 T ProcLbxIncrementPixel
100f1614 T ProcLbxInternAtoms
100f4838 T ProcLbxInvalidateTag
100f3168 T ProcLbxLargeRequestData
100f5280 T ProcLbxNewClient
100f4764 T ProcLbxQueryVersion
100ebfb0 T ProcLbxReleaseCmap
100f2bb0 T ProcLbxStartProxy
100f46e8 T ProcLbxStopProxy
100d2b24 T ProcListExtensions
10052ccc T ProcListFonts
100c8ec4 T ProcListFontsWithInfo
10083868 T ProcListHosts
100c8b00 T ProcListInstalledColormaps
10106f54 T ProcListProperties
1004f644 T ProcLookupColor
100fc074 T ProcMITDispatch..MEG
100354cc T ProcMapSubwindows
10034f00 T ProcMapWindow
100c84a8 T ProcNoOperation
10053584 T ProcOpenFont
10020514 T ProcPolyArc
100207a8 T ProcPolyFillArc
1002b7cc T ProcPolyFillRectangle
1002a3dc T ProcPolyLine
1001ff40 T ProcPolyPoint
1002bd10 T ProcPolyRectangle
1002a66c T ProcPolySegment
1002b068 T ProcPolyText
100333c0 T ProcPutImage
1006a878 T ProcQueryBestSize
100337c4 T ProcQueryColors
1006b0e0 T ProcQueryExtension
10052d2c T ProcQueryFont
100c4948 T ProcQueryKeymap
100230f8 T ProcQueryPointer
100c8f24 T ProcQueryTextExtents
1006d8e4 T ProcQueryTree
100554ec T ProcRecolorCursor
100481e0 T ProcReparentWindow
10106bb8 T ProcRotateProperties
10126104 T ProcSGIStereoDispatch..MDG
1012d82c T ProcSGIvcChannelInputRectangle
10127e14 T ProcSGIvcDisableChannel
1012d56c T ProcSGIvcInitMonitorBaseProtocol
1012a0ac T ProcSGIvcListFormatsInCombination
1012c474 T ProcSGIvcListVideoFormatCombinations
1012bee8 T ProcSGIvcListVideoFormats
10127898 T ProcSGIvcLoadVideoCombination
10127aac T ProcSGIvcLoadVideoFormat
1012d3bc T ProcSGIvcMonitorBaseProtocol
1012d178 T ProcSGIvcMonitorCommand
10126658 T ProcSGIvcNVListVideoFormatCombinations
10126aa4 T ProcSGIvcNVListVideoFormats
10127048 T ProcSGIvcNVLoadFormatByName
10127214 T ProcSGIvcNVLoadVideoCombination
101262a0 T ProcSGIvcNVLoadVideoFormat
10127f14 T ProcSGIvcQueryChannelInfo
1012c6b4 T ProcSGIvcQueryControl
101268b4 T ProcSGIvcQueryExternalSyncSourceName
1012cd5c T ProcSGIvcQueryGammaColors
1012e528 T ProcSGIvcQueryGammaMap
10129164 T ProcSGIvcQueryMonitorName
10129edc T ProcSGIvcQueryOutputSync
1012dfd4 T ProcSGIvcQueryPlatformParameter
1012d71c T ProcSGIvcQueryScreenExternalSyncSource
1012e428 T ProcSGIvcQueryScreenGammaMaps
1012de90 T ProcSGIvcQueryScreenInputSyncSource
1012bc80 T ProcSGIvcQueryVersion
1012bd24 T ProcSGIvcQueryVideoScreenInfo
1012d014 T ProcSGIvcSelectInput
10129388 T ProcSGIvcSetControl
10129cf8 T ProcSGIvcSetOutputSync
1012dce8 T ProcSGIvcSetPlatformParameter
1012d65c T ProcSGIvcSetScreenExternalSyncSource
1012db50 T ProcSGIvcSetScreenInputSyncSource
1012e1f8 T ProcSGIvcStoreGammaColors16
1012e318 T ProcSGIvcStoreGammaColors8
1002ccb0 T ProcSendEvent
1002aa48 T ProcSetClipRectangles
10063a78 T ProcSetDashes
100c8790 T ProcSetFontPath
100214c0 T ProcSetInputFocus
100c40e0 T ProcSetModifierMapping
100c3cb0 T ProcSetPointerMapping
10073ec0 T ProcSetScreenSaver
1004c8a0 T ProcSetSelectionOwner
1006d7ec T ProcStoreColors
100c85dc T ProcStoreNamedColor
1004f7d4 T ProcTranslateCoords
10041ad8 T ProcUngrabButton
10041fc4 T ProcUngrabKey
10048cc4 T ProcUngrabKeyboard
10049460 T ProcUngrabPointer
100536b8 T ProcUngrabServer
100c9920 T ProcUninstallColormap
100c89cc T ProcUnmapSubwindows
1003554c T ProcUnmapWindow
1052fac8 D ProcVector
100d0898 T ProcWarpPointer
100a8728 T ProcXAllowDeviceEvents
10161ebc T ProcXCMiscDispatch..BEG
100b39e8 T ProcXChangeDeviceControl
100b5844 T ProcXChangeDeviceDontPropagateList
100b5490 T ProcXChangeDeviceKeyMapping
100b4380 T ProcXChangeFeedbackControl
100b3ef0 T ProcXChangeKeyboardDevice
100b5f60 T ProcXChangePointerDevice
100b9284 T ProcXCloseDevice
100c3a44 T ProcXDeviceBell
100df670 T ProcXGetDeviceButtonMapping
100df834 T ProcXGetDeviceControl
100e0aa8 T ProcXGetDeviceDontPropagateList
100dfc0c T ProcXGetDeviceFocus
100e062c T ProcXGetDeviceKeyMapping
100e08fc T ProcXGetDeviceModifierMapping
100e335c T ProcXGetDeviceMotionEvents
10064424 T ProcXGetExtensionVersion
100dfd80 T ProcXGetFeedbackControl
100e0fe4 T ProcXGetSelectedExtensionEvents
100e2964 T ProcXGrabDevice
100e2c74 T ProcXGrabDeviceButton
100e2f34 T ProcXGrabDeviceKey
100648e0 T ProcXListInputDevices
10065514 T ProcXOpenDevice
10107318 T ProcXQueryDeviceState
1011a634 T ProcXSelectExtensionEvent
1011b0c0 T ProcXSendExtensionEvent
1011cc60 T ProcXSetDeviceButtonMapping
1011d3f0 T ProcXSetDeviceFocus
1011d6dc T ProcXSetDeviceMode
1011d4fc T ProcXSetDeviceModifierMapping
1011d0a8 T ProcXSetDeviceValuators
10191360 T ProcXTestDispatch..BFG
1015ece4 T ProcXUngrabDevice
1015ef08 T ProcXUngrabDeviceButton
1015f1e0 T ProcXUngrabDeviceKey
10040b18 T ProcXkbBell
1005e590 T ProcXkbDispatch..IEG
101749e0 T ProcXkbGetCompatMap
101704cc T ProcXkbGetControls
101768b0 T ProcXkbGetDeviceInfo
1016d3f0 T ProcXkbGetGeometry
101716dc T ProcXkbGetIndicatorMap
101726f0 T ProcXkbGetIndicatorState
10169a68 T ProcXkbGetKbdByName
1005ef3c T ProcXkbGetMap
10171dcc T ProcXkbGetNamedIndicator
101658e4 T ProcXkbGetNames
1016faf8 T ProcXkbGetState
1016fd54 T ProcXkbLatchLockState
10166748 T ProcXkbListComponents
10093860 T ProcXkbPerClientFlags
1005e8b4 T ProcXkbSelectEvents
10174c6c T ProcXkbSetCompatMap
101708f8 T ProcXkbSetControls
10176630 T ProcXkbSetDebuggingFlags
1017531c T ProcXkbSetDeviceInfo
1016c720 T ProcXkbSetGeometry
101718ec T ProcXkbSetIndicatorMap
10172a28 T ProcXkbSetMap
101721a4 T ProcXkbSetNamedIndicator
10166d1c T ProcXkbSetNames
1006c480 T ProcXkbUseExtension
10198480 T ProcXvDispatch
100a237c T ProcessCommandLine
1053f5e8 D ProcessHints
101a84a8 T ProcessInputEvents
1004642c T ProcessKeyboardEvent
10023854 T ProcessOtherEvent
10024328 T ProcessPointerEvent
1053e628 D PropagateMask
1053e604 D ProximityIn
1053e608 D ProximityOut
10032e5c T QueryColors
10055048 T QueryFont
101a5a8c T QueryFontLib
1002d46c T QueryGlyphExtents
100d6684 T QueryTextExtents
100c9ec0 T QueueFontWakeup
10035a78 T QueueWorkProc
1053ee48 D RRMBOARDBASE
1053ee4c D RRMBOARDSIZE
1053e624 D RT_INPUTCLIENT
1053e0b0 D RT_SGICapInterest
1053dffc D RT_XDEVCLIENT
1053ea98 D RT_XKBCLIENT
1008d230 T ReadDisplayExtensionInit
1008d18c T ReadDisplayRegisterInfo
101b26b4 T RecordCreateSet
1008d308 T RecordExtensionInit
1053c711 D RegionDebug
100a8978 T RegisterAuthorizations
1003e524 T RegisterBlockAndWakeupHandlers
10083d94 T RegisterFPEFunctions
10080ea0 T RegisterKeyboardDevice
100805bc T RegisterPointerDevice
1003e5d8 T RemoveBlockAndWakeupHandlers
1019f368 T RemoveCachedFontPattern
100c4a5c T RemoveDevice
1019eda0 T RemoveHost
1015f6c8 T RepadBitmap
1019b568 T ReparentWindow
1053bcf0 D ReplyCallback
105304c8 D ReplySwapVector
1006b9ec T ResetCurrentRequest
1007cd34 T ResetHosts
10074c24 T ResetOsBuffers
100746b4 T ResetWellKnownSockets
1004e034 T ResizeChildrenWinSize
10076c24 T RestoreExtensionEvents
1053b850 D RunFromSmartParent
1013c74c T SAllocColorCellsReply
1013e194 T SAllocColorPlanesReply
1013bc3c T SAllocColorReply
1013b9e8 T SAllocNamedColorReply
1013c204 T SCirculateEvent
1013c290 T SClientMessageEvent
1013bb8c T SColormapEvent
1013e758 T SConfigureNotifyEvent
1013c5ec T SConfigureRequestEvent
1013d15c T SCreateNotifyEvent
1013d100 T SDestroyNotifyEvent
1013e014 T SEnterLeaveEvent
1013cc98 T SErrorEvent
100d2f90 T SEventIDispatch
1013e890 T SExposeEvent
1013dfc8 T SFocusEvent
10123dc4 T SGICapCaptureCursor
10090538 T SGICapExtensionInit
10121bc0 T SGICapGLCapture..JDMB
1011f3d8 T SGICapStartCapture
1011fc24 T SGICapStopCapture
1003cb10 T SGIDeliverSpecialDestroy
100907bc T SGIMiscExtensionInit
1053e098 D SGIStereoReqCode..PDG
10077ac8 T SGIStereoResetProc..ODG
1013ddec T SGenericReply
1013d85c T SGetAtomNameReply
1013c054 T SGetFontPathReply
1013d974 T SGetGeometryReply
1013c12c T SGetImageReply
1013e6fc T SGetInputFocusReply
1013cb90 T SGetKeyboardControlReply
1013c498 T SGetKeyboardMappingReply
1013cb34 T SGetModifierMappingReply
1013c6d0 T SGetMotionEventsReply
1013cc2c T SGetPointerControlReply
1013c824 T SGetPointerMappingReply
1013da20 T SGetPropertyReply
1013c880 T SGetScreenSaverReply
1013d414 T SGetSelectionOwnerReply
1013de28 T SGetWindowAttributesReply
1013e558 T SGraphicsExposureEvent
1013baa4 T SGravityEvent
1013d800 T SInternAtomReply
1019d870 T SKeyButtonPtrEvent
1013c910 T SKeymapNotifyEvent
1019d7f8 T SLHostsExtend
1013c4f4 T SListExtensionsReply
1013bcc8 T SListFontsReply
1013bd34 T SListFontsWithInfoReply
1013bb20 T SListHostsReply
1013c0c0 T SListInstalledColormapsReply
1013d470 T SListPropertiesReply
1013c550 T SLookupColorReply
1013e82c T SMapNotifyEvent
1013e6a0 T SMapRequestEvent
1013c8dc T SMappingEvent
1013e260 T SNoExposureEvent
1013ed48 T SProcAllocColor
1013ef84 T SProcAllocColorCells
1013eec0 T SProcAllocColorPlanes
1013e91c T SProcAllocNamedColor
1013fc20 T SProcChangeActivePointerGrab
1013f898 T SProcChangeGC
101410e4 T SProcChangeHosts
10141b34 T SProcChangeKeyboardControl
101419a0 T SProcChangeKeyboardMapping
10141bd0 T SProcChangePointerControl
1013f148 T SProcChangeProperty
10141ea0 T SProcChangeWindowAttributes
10140220 T SProcClearToBackground
1013f028 T SProcConfigureWindow
101407b4 T SProcConvertSelection
101409e0 T SProcCopyArea
10140710 T SProcCopyColormapAndFree
1013f954 T SProcCopyGC
10140b04 T SProcCopyPlane
1014064c T SProcCreateColormap
10142714 T SProcCreateCursor
1013f7bc T SProcCreateGC
101425d0 T SProcCreateGlyphCursor
1013fcd4 T SProcCreatePixmap
1013f5dc T SProcCreateWindow
1013f3f4 T SProcDeleteProperty
1013fd98 T SProcFillPoly
1013ec8c T SProcFreeColors
101403c8 T SProcGetImage
1013f330 T SProcGetMotionEvents
1013e9b0 T SProcGetProperty
10140e78 T SProcGrabButton
1014018c T SProcGrabKey
1013fb7c T SProcGrabKeyboard
10140f5c T SProcGrabPointer
100d4290 T SProcIDispatch
1014057c T SProcImageText
1013f0d4 T SProcInternAtom
100f875c T SProcLbxBeginLargeRequest
100f7ee8 T SProcLbxDispatch
1013fe58 T SProcListFonts
1013f738 T SProcListFontsWithInfo
10141c64 T SProcLookupColor
100fbf1c T SProcMITDispatch..NEG
10141214 T SProcNoOperation
1013fedc T SProcOpenFont
10140c48 T SProcPoly
101404ac T SProcPolyText
101402e4 T SProcPutImage
10141a90 T SProcQueryBestSize
1013f294 T SProcQueryColors
10141a1c T SProcQueryExtension
10141dbc T SProcRecolorCursor
10141cf8 T SProcReparentWindow
1013f54c T SProcResourceReq
10141158 T SProcRotateProperties
10125f40 T SProcSGIStereoDispatch..NDG
101408b8 T SProcSendEvent
1013fabc T SProcSetClipRectangles
1013fa18 T SProcSetDashes
1013ff70 T SProcSetFontPath
1013ffe4 T SProcSetInputFocus
1014191c T SProcSetScreenSaver
1013edfc T SProcSetSelectionOwner
1014125c T SProcSimpleReq
1013eab4 T SProcStoreColors
1013f498 T SProcStoreNamedColor
10140db4 T SProcTranslateCoords
10140d20 T SProcUngrabButton
10141050 T SProcUngrabKey
10140088 T SProcWarpPointer
10162258 T SProcXCMiscDispatch..CEG
100b5784 T SProcXChangeDeviceDontPropagateList
100b55a0 T SProcXChangeDeviceKeyMapping
100e32d8 T SProcXGetDeviceMotionEvents
100e26dc T SProcXGrabDevice
100e2ba4 T SProcXGrabDeviceButton
100e3208 T SProcXGrabDeviceKey
1011a574 T SProcXSelectExtensionEvent
1011b2e0 T SProcXSendExtensionEvent
1011d36c T SProcXSetDeviceFocus
101915e4 T SProcXTestDispatch..CFG
1017cc28 T SProcXkbDispatch
10197f10 T SProcXvDispatch
1012e958 T SProcXvcDispatch
1013bfd0 T SPropertyEvent
1013e40c T SQColorsExtend
1013c7c8 T SQueryBestSizeReply
1013c93c T SQueryColorsReply
1013ccf0 T SQueryFontReply
1013d2ec T SQueryKeymapReply
1013d348 T SQueryPointerReply
1013d210 T SQueryTextExtentsReply
1013d8c8 T SQueryTreeReply
1013e5fc T SReparentEvent
100d3b60 T SReplyIDispatch
1013c1a8 T SResizeRequestEvent
1013e2b4 T SSelectionClearEvent
1013b92c T SSelectionNotifyEvent
1013e330 T SSelectionRequestEvent
1013e118 T STranslateCoordsReply
1013df64 T SUnmapNotifyEvent
1013bbf8 T SVisibilityEvent
10160e38 T SaveScreens
10541cd8 D SavedAllClients..HBK
10541cf8 D SavedAllSockets..GBK
10541d18 D SavedClientsWithInput..IBK
1053a61c D ScreenSaverAllowExposures
1053a618 D ScreenSaverBlanking
10079d54 T ScreenSaverExtensionInit
105417a4 D ScreenSaverInterval
1053a614 D ScreenSaverTime
1012a9e0 T SearchRequestedFmt
1006aa20 T SendConnSetup
1004e944 T SendErrorToClient
100d0d70 T SendEvent
100b671c T SendEventToAllWindows
100ebac8 T SendFreeCellsEvent..LEK
100c5cfc T SendMappingNotify
100379bc T SendVisibilityNotify
1006b214 T ServerBitsFromGlyph
1053a8a8 D ServerGrabCallback
10038f6c T SetBorderSize
1002e3d4 T SetClipRects
100640c4 T SetDashes
10084414 T SetDefaultFont
10083c90 T SetDefaultFontPath
10083eac T SetFontPathElements..CDK
10022080 T SetInputFocus
10080f4c T SetKeySymsMap
10084ccc T SetMaskForExtEvent
100d2574 T SetModifierMapping
10037b80 T SetWinSize
10091fa8 T ShapeExtensionInit
1009204c T ShmExtensionInit
10133544 T ShmInfoAddError
10037544 T ShmInfoAddWindow
1003d0d4 T ShmInfoDeleteWindow
1009224c T ShmInfoInit
10073940 T ShmInfoPropAppend
1004dca4 T ShmInfoPropCreate
1004ac10 T ShmInfoPropDelete
1003cc5c T ShmInfoPropDeleteAll
10133288 T ShmInfoPropPrepend
10030b0c T ShmInfoPropReplace
10133440 T ShmInfoPropTagData
1053e0e0 D ShmPixType
1013311c T ShmRegisterFbFuncs
10092230 T ShmRegisterFuncs
1053e0dc D ShmSegType
1053ef30 D ShouldLoadAuth..EIG
1053bd0c D SkippedRequestsCallback
1053f650 D SpaceID..LGGB
105313d8 D SpecialAtoms..GEO
1009325c T SpeechExtensionInit
10138ff4 T SpeedoCloseFont
101384c4 T SpeedoErr
10138ee8 T SpeedoFontLoad
10139a84 T SpeedoGetInfoScaleable
10139b70 T SpeedoOpenScalable
1053ef58 D SpeedoRendererInfo
1007b928 T SrvXkbAddGeomDoodad
100a7a3c T SrvXkbAddGeomOverlay
101aa480 T SrvXkbAddGeomSection
1007c990 T SrvXkbAllocClientMap
1007b574 T SrvXkbAllocCompatMap
1007b510 T SrvXkbAllocControls
1007b71c T SrvXkbAllocGeometry
1007b4ac T SrvXkbAllocIndicatorMaps
1007b0d8 T SrvXkbAllocNames
1007c53c T SrvXkbAllocServerMap
1007d17c T SrvXkbApplyCompatMapToKey
1007baf4 T SrvXkbChangeKeycodeRange
100a7cac T SrvXkbCopyKeyTypes
10075a00 T SrvXkbFreeClientMap
10075268 T SrvXkbFreeCompatMap
100754e4 T SrvXkbFreeGeomDoodads
100782ec T SrvXkbFreeGeometry
10075444 T SrvXkbFreeKeyboard
10075300 T SrvXkbFreeNames
100758fc T SrvXkbFreeServerMap
10179c00 T SrvXkbLatchGroup
10179ac0 T SrvXkbLatchModifiers
101a9700 T SrvXkbResizeKeyActions
101a9364 T SrvXkbResizeKeySyms
10028300 T StandardFlushClient
100d2b18 T StandardMinorOpcode
1002e6ac T StandardReadRequestFromClient
100c99d0 T StartListFontsWithInfo
10531b68 D StdEnc..PAKB
10547484 D StdEncArrayP..ABKB
100bdde8 T StepBezierRecurse..AKGB
1004bad0 T StoreColors
1019d620 T Swap32Write
1004accc T SwapConnSetupInfo
10141f5c T SwapLongs
101412b0 T SwapShorts
1013c9a8 T SwapTimeCoordWrite
1052fec8 D SwappedProcVector
10142fd0 T SyncAlarmCounterDestroyed
10143d30 T SyncChangeCounter
100933a0 T SyncCreateSystemCounter
10093530 T SyncExtensionInit
101a7738 T T1Close
101a7774 T T1Fill..OODB
1014de48 T T1FillFontInfo
101a7684 T T1Getc
101a7618 T T1Open
1014ec28 T T1Read
105122a8 D TIFFFax1DAction
105208a8 D TIFFFax1DNextState
10536900 D TIFFFax2DMode
10537d00 D TIFFFax2DNextState
10540580 D TIFFFaxBlackCodes
10539100 D TIFFFaxUncompAction
10510ea8 D TIFFFaxUncompNextState
105402f0 D TIFFFaxWhiteCodes
101b051c T TagDeleteTag
1053eae8 D TagResType..KAG
100f89c0 T TagSaveTag
100bccf8 T TellGainedMap
10024a3c T TellLostMap
105474c8 D TheBuffer..CAKB
1053c6c0 D TheCurrentCIDFont
1053c6f0 D TheCurrentCMap
1053be90 D TheCurrentFont
105474b0 D TheFile..BAKB
1053eec8 D TimeOutValue
100745b4 T TimerFree
100418cc T TimerSet
101383ec T TmpSpeechCloseDownProc
10138274 T TmpSpeechDispatchProc
10138354 T TmpSpeechSwappedDispatchProc
1002a1d8 T TraverseTree
10027008 T TryClientEvents
1015f9c0 T TwoByteSwap
1015ae74 T Type1Char
1014c1a8 T Type1CloseFont
1014c71c T Type1GetInfoScalable
1009379c T Type1InitStdProps
10146f04 T Type1OpenScalable
1053f5a8 D Type1RendererInfo
101a4e00 T Type1ReturnCodeToXReturnCode
10160640 T UnmapSubwindows
1003beb4 T UnmapWindow
1053ef28 D UnwillingMessage
1002aeb0 T UpdateCurrentTime
1019e708 T UseMsg
10542b64 D UsingXdmcp..EJG
1002d690 T ValidateGC
10025a84 T WakeupHandler
1002a194 T WalkTree
1053b748 D WellKnownConnections
10541798 D WindowTable
1003a304 T WindowsRestructured
10025cf4 T WriteEventsToClient
10028954 T WriteToClient
1053e0a4 D XCMiscCode..EEG
10077fa0 T XCMiscResetProc..DEG
10530cf4 D XDM_INIT_STATE..NHG
100ce218 T XDPS_FAKE_Dispatch..GFG
100cdebc T XDPS_FAKE_ExtReset..IFG
100ce278 T XDPS_FAKE_SwapDispatch..HFG
1053ee10 D XDPSbaseIndex..JFG
1053de38 D XDevice
10194fec T XETSwAllocColor
101956a8 T XETSwAllocColorCells
10195634 T XETSwAllocColorPlanes
101956fc T XETSwAllocNamedColor
10196db8 T XETSwChangeActivePointerGrab
10194b64 T XETSwChangeGC
101953cc T XETSwChangeHosts
10195050 T XETSwChangeKeyboardControl
101950c4 T XETSwChangeKeyboardMapping
101952ec T XETSwChangePointerControl
10195c60 T XETSwChangeProperty
10195f14 T XETSwChangeWindowAttributes
10194e8c T XETSwClearToBackground
1019601c T XETSwConfigureWindow
10196b88 T XETSwConvertSelection
10194db8 T XETSwCopyArea
101948c0 T XETSwCopyColormapAndFree
10194d44 T XETSwCopyGC
10194a70 T XETSwCopyPlane
10194914 T XETSwCreateColormap
10195898 T XETSwCreateCursor
10194bf8 T XETSwCreateGC
101957a4 T XETSwCreateGlyphCursor
10194cac T XETSwCreatePixmap
101960c4 T XETSwCreateWindow
10196cb0 T XETSwDeleteProperty
1053a528 D XETSwDispatchVector
10194700 T XETSwFillPoly
10195a44 T XETSwFreeColors
1019482c T XETSwGetImage
1019698c T XETSwGetMotionEvents
10196d04 T XETSwGetProperty
10196e1c T XETSwGrabButton
10196740 T XETSwGrabKey
10196784 T XETSwGrabKeyboard
10196a00 T XETSwGrabPointer
10194988 T XETSwImageText
101960a0 T XETSwInternAtom
101968c0 T XETSwListFonts
1019688c T XETSwListFontsWithInfo
1019598c T XETSwLookupColor
10195330 T XETSwNoOperation
101968f4 T XETSwOpenFont
10194668 T XETSwPoly
101949fc T XETSwPolyText
10540820 D XETSwProcVector
10194798 T XETSwPutImage
10195298 T XETSwQueryBestSize
101959d0 T XETSwQueryColors
10195274 T XETSwQueryExtension
10195424 T XETSwRecolorCursor
10195fa8 T XETSwReparentWindow
10196578 T XETSwResourceReq
10195338 T XETSwRotateProperties
10196aa4 T XETSwSendEvent
10194f00 T XETSwSetClipRectangles
10194f98 T XETSwSetDashes
10194d20 T XETSwSetFontPath
10196938 T XETSwSetInputFocus
101953f0 T XETSwSetScreenSaver
10196c3c T XETSwSetSelectionOwner
10196564 T XETSwSimpleReq
101954b8 T XETSwStoreColors
10195740 T XETSwStoreNamedColor
10196688 T XETSwTranslateCoords
10196eb0 T XETSwUngrabButton
101966fc T XETSwUngrabKey
101967d8 T XETSwWarpPointer
10552340 D XETenv..IAJC
100780e0 T XETrapCloseDown
10193c18 T XETrapConfig
101936bc T XETrapCreateEnv
101935f8 T XETrapDestroyEnv
10193850 T XETrapDispatch
1053a500 D XETrapDispatchVector
1053ed80 D XETrapErrorBase
1053edf0 D XETrapEventProcVector
1019458c T XETrapGetAvailable
101b10bc T XETrapGetCurrent
101b11f4 T XETrapGetLastInpTime
10193a78 T XETrapGetStatistics
101934ec T XETrapGetVersion
1053ed78 D XETrapKbdDev
10192a04 T XETrapKeyboard
10192cf4 T XETrapPointer
10540c20 D XETrapProcVector
1053ed7c D XETrapPtrDev
10192508 T XETrapRequestVector
10194430 T XETrapReset
10192380 T XETrapSimulateXEvent
10192e40 T XETrapStampAndMail
101b1190 T XETrapStartTrap
101939d0 T XETrapStopTrap
10193110 T XETrapWriteXLib
1053ed88 D XETrap_avail
10085f50 T XInputExtensionInit
10160244 T XNFalloc
10091998 T XSGIvcScreenInit
105527c0 D XSGIvcScreens
1053e060 D XTestReqCode..EFG
100780d8 T XTestResetProc..DFG
10029df4 T Xalloc
100a5a94 T XauDisposeAuth
100a5c9c T XauReadAuth
10066ec8 T Xcalloc
100a46ac T XdmcpARRAY8Equal
100a4708 T XdmcpAllocARRAY8
101644b0 T XdmcpBlockHandler..OHG
1009ebc4 T XdmcpDisposeARRAY16
100a5f0c T XdmcpDisposeARRAY8
1009ec14 T XdmcpDisposeARRAYofARRAY8
100a5f5c T XdmcpFill
100a604c T XdmcpFlush
100a3e18 T XdmcpInit
10164074 T XdmcpOptions
100a60c0 T XdmcpReadARRAY8
100a61f4 T XdmcpReadCARD16
100a6278 T XdmcpReadCARD32
100a6348 T XdmcpReadCARD8
100a6384 T XdmcpReadHeader
1009ecb0 T XdmcpReallocARRAY16
1009ed20 T XdmcpReallocARRAYofARRAY8
10163f78 T XdmcpSelectHost
10163be4 T XdmcpUseMsg
1016463c T XdmcpWakeupHandler..PHG
100a6c28 T XdmcpWriteARRAY16
100a6d10 T XdmcpWriteARRAY8
100a6de4 T XdmcpWriteARRAYofARRAY8
100a6ec8 T XdmcpWriteCARD16
100a6f50 T XdmcpWriteCARD32
100a7058 T XdmcpWriteCARD8
100a7094 T XdmcpWriteHeader
10029ea4 T Xfree
1018da74 T XkbActionText
10191100 T XkbActionTypeText
1004b9ec T XkbAddClientResource
101aa990 T XkbAllocSrvLedInfo
101ab298 T XkbApplyLedMapChanges
101ab0a0 T XkbApplyLedNameChanges
10045b78 T XkbApplyLedStateChanges
1017de58 T XkbApplyMappingChange
101aee34 T XkbAtomText
1054029c D XkbAutoLoad
10540298 D XkbBaseDirectory
101b003c T XkbBehaviorText
10182eb4 T XkbCFApplyRtrnValues
10181dec T XkbCFBindMods
10536890 D XkbCFDflts
10182f6c T XkbCFFreeRtrn
10182624 T XkbCFParse
101824a8 T XkbCFReportError
101ac684 T XkbCFScan
1017e018 T XkbCheckSecondaryEffects
10179580 T XkbClearAllLatchesAndLocks
10071c20 T XkbClientGone..KEG
1017b544 T XkbComputeControlsNotify
101af7c4 T XkbConfigText
10190d38 T XkbControlsMaskText
100bf500 T XkbDDXApplyConfig
10080184 T XkbDDXCompileKeymapByNames
100c0bf0 T XkbDDXCompileNamedKeymap
101b02ac T XkbDDXFakeDeviceButton
101abb70 T XkbDDXFakePointerButton
100bf8f4 T XkbDDXFakePointerMotion
1007f75c T XkbDDXKeybdCtrlProc
100bf9f8 T XkbDDXList
1007f8a8 T XkbDDXLoadKeymapByNames
1007ffb0 T XkbDDXNamesFromRules
1007fdc0 T XkbDDXOpenConfigFile
1007f3e8 T XkbDDXPreloadConfig
10133e74 T XkbDDXUpdateDeviceIndicators
10134090 T XkbDDXUpdateIndicators
105402b8 D XkbDfltAccessXFeedback
105402bc D XkbDfltAccessXOptions
105402b0 D XkbDfltAccessXTimeout
105402b4 D XkbDfltAccessXTimeoutMask
105367e0 D XkbDfltAccessXTimeoutOptionsMask
1053eab8 D XkbDfltAccessXTimeoutOptionsValues
1053eab4 D XkbDfltAccessXTimeoutValues
105402a8 D XkbDfltRepeatDelay
105402ac D XkbDfltRepeatInterval
1053ea7c D XkbDisableLockActions
10190f60 T XkbDoodadTypeText
101801bc T XkbEnableDisableControls
1053ea84 D XkbErrorBase
1053ea80 D XkbEventBase
10183890 T XkbFindKeycodeByName
10047060 T XkbFindSrvLedInfo
10094fe4 T XkbFinishDeviceInit
101aaf9c T XkbFlushLedEvents
10077fa8 T XkbFreeInfo
101aaf10 T XkbFreeSrvLedInfo
101aff78 T XkbGeomFPText
100445b0 T XkbHandleActions
100412f4 T XkbHandleBell
10190b2c T XkbIMWhichStateMaskText
10046390 T XkbIndicatorsToUpdate
10094b08 T XkbInitDevice
10095478 T XkbInitKeyboardDeviceStruct
1053ea50 D XkbInitialMap
101afb04 T XkbKeyNameText
1053ea8c D XkbKeyboardErrorCode
101afa94 T XkbKeysymText
1053eab0 D XkbLastRepeatEvent
1053ea6c D XkbLayoutUsed
10180324 T XkbLookupNamedGeometry
101af4f8 T XkbModIndexText
101af610 T XkbModMaskText
1053ea68 D XkbModelUsed
1053ea74 D XkbOptionsUsed
100a4038 T XkbProcessArguments
100464b4 T XkbProcessKeyboardEvent
10024928 T XkbProcessOtherEvent
1008bce4 T XkbRF_ApplyPartialMatches
101abcb0 T XkbRF_ApplyRule
1008b8d4 T XkbRF_CheckApplyDelayedRules
1008b5b0 T XkbRF_CheckApplyRules
1008a4cc T XkbRF_Create
1008a1f8 T XkbRF_Free
1008bb3c T XkbRF_GetComponents
1008a500 T XkbRF_LoadRules
1008b168 T XkbRF_SubstituteVars
101a91e4 T XkbRemoveResourceClient
1053ea88 D XkbReqCode
10047810 T XkbResetProc..JEG
101afba0 T XkbSIMatchText
1017bfd4 T XkbSendAccessXNotify
1017badc T XkbSendActionMessage
1017bc4c T XkbSendCompatMapNotify
1017af50 T XkbSendControlsNotify
1017b830 T XkbSendExtensionDeviceNotify
1016e950 T XkbSendIndicatorMap
1017b154 T XkbSendIndicatorNotify
1017b37c T XkbSendMapNotify
1017be10 T XkbSendNamesNotify
1017c428 T XkbSendNewKeyboardNotify
1017c16c T XkbSendNotification
1003e2ac T XkbSendStateNotify
101800c0 T XkbSetRepeatKeys
10171484 T XkbSetRepeatRate
10094564 T XkbSetRulesDflts
100949dc T XkbSetRulesUsed
101afc3c T XkbStringText
10095928 T XkbUpdateActions
10046878 T XkbUpdateAllDeviceIndicators
10096538 T XkbUpdateCoreDescription
10095a14 T XkbUpdateDescActions
1017e488 T XkbUpdateKeyTypesFromCore
101ab720 T XkbUpdateLedAutoState
1017c674 T XkbUseMsg
101aefd0 T XkbVModIndexText
101af0f4 T XkbVModMaskText
1053ea70 D XkbVariantUsed
1053ea54 D XkbWantAccessX
1050d2d0 D XkbWantRulesProp
10094630 T XkbWriteRulesProp
101855a4 T XkbWriteXKBCompatMap
10183f78 T XkbWriteXKBGeometry
10185bac T XkbWriteXKBKeyTypes
10183b10 T XkbWriteXKBKeycodes
1018a7a0 T XkbWriteXKBKeymap
100970f8 T XkbWriteXKBKeymapForNames
10185fb8 T XkbWriteXKBLayout
10183ea8 T XkbWriteXKBSemantics
1018a924 T XkbWriteXKBSymbols
105367dc D XkbXIUnsupported
100991f8 T XkmReadFile
1019115c T XkmReadFileSection
1009d9a4 T XkmReadTOC
1003650c T Xrealloc
1019a37c T XvCloseScreen
10199e24 T XvDestroyPixmap
1019a414 T XvDestroyWindow
1053e11c D XvErrorBase
1053e118 D XvEventBase
1053e108 D XvExtensionGeneration
1009e84c T XvExtensionInit
1053e124 D XvRTGrab
1053e120 D XvRTPort
1053e130 D XvRTPortNotify
1053e128 D XvRTVideoNotify
1053e12c D XvRTVideoNotifyList
1053e114 D XvReqCode
10078238 T XvResetProc
1053e110 D XvResourceGeneration
1053e10c D XvScreenGeneration
1053e104 D XvScreenIndex
101277d4 T XvcClientGone
1053ee18 D XvcEventBase
1053ee1c D XvcEventType
100919b8 T XvcExtensionInit
10077ad0 T XvcResetProc
1012bb98 T XvcSendScreenLockChangeEvent
10199ca8 T XvdiDestroyEncoding
1019a668 T XvdiDestroyGrab
1019a638 T XvdiDestroyPort
101999a8 T XvdiDestroyPortNotify
101999a0 T XvdiDestroyVideoNotify
1019991c T XvdiDestroyVideoNotifyList
1019ad80 T XvdiGetStill
1019aef4 T XvdiGetVideo
1019a048 T XvdiGrabPort
1019ac74 T XvdiMatchPort
10199cb0 T XvdiPutStill
101999b0 T XvdiPutVideo
1019b258 T XvdiSelectPortNotify
1019a6ac T XvdiSelectVideoNotify
1019a9c8 T XvdiStopVideo
1019b06c T XvdiUngrabPort
100ea1a0 T ZlibCompressOff
100ea7c4 T ZlibCompressOn
100ea1c0 T ZlibFlush
100ea2ac T ZlibFree
100ea390 T ZlibInit
100ea7e0 T ZlibInputAvail
100eabd8 T ZlibRead
100eaef4 T ZlibStuffInput
100ea8f8 T ZlibWriteV
100bfac8 T _AddListComponent
10058a14 T _FontFileListFonts..DFP
1053bd48 D _FontPrivateAllocateIndex
10106ad8 T _FontSetNewPrivate
10154f0c T _FontTransConnect
10153ee4 T _FontTransFreeConnInfo
10154078 T _FontTransOpen..GECB
105317d0 D _FontTransSocketINETFuncs
10531828 D _FontTransSocketLocalFuncs
10531778 D _FontTransSocketTCPFuncs
10531880 D _FontTransSocketUNIXFuncs
10155148 T _FontTransStandardSetOption
1006ffb0 T _XSERVTransFreeConnInfo
100a1a84 T _XSERVTransMakeAllCOTSServerListeners
1006bf98 T _XSERVTransShmBufAccept
10530c18 D _XSERVTransShmBufBufferFuncs
10155008 T _XSERVTransShmBufBytesReadable
10070028 T _XSERVTransShmBufClose
101541d0 T _XSERVTransShmBufCloseForCloning
100a0dfc T _XSERVTransShmBufCreateListener
100a1790 T _XSERVTransShmBufCreateUNIXListener
100700fc T _XSERVTransShmBufDisconnect
10530c28 D _XSERVTransShmBufFuncs
10530c70 D _XSERVTransShmBufLocalFuncs
10155064 T _XSERVTransShmBufOpenCLTSServer
100a1404 T _XSERVTransShmBufOpenCOTSServer
100a142c T _XSERVTransShmBufOpenSocketConnection
10154b38 T _XSERVTransShmBufRead
10154200 T _XSERVTransShmBufReadv
10030f1c T _XSERVTransShmBufReceive
10030f4c T _XSERVTransShmBufReceiveInternal
1006e610 T _XSERVTransShmBufRelease
100311cc T _XSERVTransShmBufReleaseSwap
10074fa0 T _XSERVTransShmBufResetListener
1006c36c T _XSERVTransShmBufSetOption
100a13a8 T _XSERVTransShmBufVerifyPort
10154278 T _XSERVTransShmBufWrite
1002a12c T _XSERVTransShmBufWritev
10530b88 D _XSERVTransSocketINETFuncs
10530b40 D _XSERVTransSocketTCPFuncs
10530bd0 D _XSERVTransSocketUNIXFuncs
1006648c T _XSERVTransStandardSetOption
100bebc0 T _XkbDDXBeepExpire..JDM
10099194 T _XkbDupString
1053eac8 D _XkbErrCode
1053eacc D _XkbErrLocation
105367f0 D _XkbErrMessages
101aa32c T _XkbGeomAlloc..BAC
101ae078 T _XkbStrCaseCmp
10554250 A __Argc
10554270 A __Argv
1052f868 D __Release_ID
00000000 T __dso_displacement
10000000 T __elf_header
00000000 U __filbuf
00000000 U __iob
101b28ec T __istart
00000000 U __libc_attr
1001fc34 U __libc_lockmalloc
1001fc48 U __libc_unlockmalloc
00000000 U __oserror
10000034 T __program_header_table
1001f9b4 U __readenv_sigfpe
10554260 A __rld_obj_head
00000000 U __semgetc
100a4500 T __start
00000000 U __us_rsthread_malloc
00000000 U __us_rsthread_stdio
10542000 D _edata
10554274 D _end
00000000 U _environ
101b28f8 T _etext
10542000 D _fbss
10503000 D _fdata
101a3cac T _fs_clean_aborted_loadglyphs
100d7424 T _fs_convert_lfwi_reply
100d7ddc T _fs_convert_props
100de82c T _fs_drain_bytes
1053bdd8 D _fs_fd_mask
100d8880 T _fs_get_glyphs
100d7fe8 T _fs_get_metrics..ACCB
1053bdc9 D _fs_glyph_requested
1053bdc8 D _fs_glyph_undefined
1053bdca D _fs_glyph_zero_length
100d8724 T _fs_init_fontinfo
100d9300 T _fs_load_glyphs
100df364 T _fs_open_server
101a3de0 T _fs_read
100df48c T _fs_read_pad
100dec50 T _fs_setup_connection..AHCB
100d8568 T _fs_unload_font
101a413c T _fs_write
100debd4 T _fs_write_pad
1001f9b0 T _ftext
1001fc5c U _getpagesize
105368e0 D _lbx_fi_junklen
1001fc70 U _madvise
100bdddc T _mcount
00000000 U _sbrk
1001fc84 U _setoserror
1001fc98 U _sysconf
101580ac T _tr_align
10157814 T _tr_flush_block
101589f4 T _tr_init
1015838c T _tr_stored_block
10157698 T _tr_tally
1001fc20 U abort
00000000 U abs
1001faf4 U accept
1001fe64 U access
10193018 T add_accelerator_node..DBJC
100d68c4 T add_range
1014fc64 T addmemory
100a84f4 T adler32
00000000 U alarm
1053ef38 D allowBitmapFontScaling
1052f8c0 D answer..LGG
1053d7ec D argLists..EPG
1053a644 D argvGlobal
1053c784 D asc..MODB
00000000 U atof
00000000 U atoi
1001fb58 U atol
1053ef10 D auditTrailLevel
1053bcd8 D authorization_file..POG
1053bdc4 D awaiting_reconnect..KKBB
100adb3c T bdfError
1053bd90 D bdfFileLineNum
100ad8f0 T bdfFreeFontBits
101a0a54 T bdfGetLine
101a0bcc T bdfHexByte
100a9c60 T bdfReadFont
100ad9ec T bdfReadFontInfo
100ada70 T bdfUnloadFont
100adabc T bdfWarning
1053bd50 D beenhere..KEB
00000000 U bind
1053bd9c D bit_order..NKAB
100adf90 T bitmapAddInkMetrics
1019fccc T bitmapComputeFontBounds
101a0194 T bitmapComputeFontInkBounds
101a0618 T bitmapComputeWeight
101a0d14 T bitmapGetGlyphs
10050638 T bitmapGetMetrics
100af8b8 T bitmapUnloadScalable
1053def8 D boardInfo
00000000 U bsearch
10551ea0 D buf..CGE
1053ead4 D buf..HBD
10551f18 D buf..JGD
10551ec8 D buf..KIE
100f8b1c T calloc
00000000 U ceil
00000000 U ceilf
1053f580 D cfmDefaultDir
1053ef78 D cfv..JKAB
1053a568 D characteristics
10541c58 D checkForInput
100db38c T check_fs_list_fonts..EEB
100db3ec T check_fs_next_list_with_info..GEB
100dbbc8 T check_fs_open_font..DEB
100db3bc T check_fs_start_list_with_info..FEB
1001fae0 U chmod
10533270 D classActionTable..FODB
1053a8bc D clientErrorValue
1053b6d8 D clientPrivateCount..HBG
1053b6dc D clientPrivateLen
1053b6e0 D clientPrivateSizes
1053a8d8 D clientTable
10541790 D clients
00000000 U close
1001fd88 U closedir
1053b6f8 D colormapPrivateCount
1053fd20 D commonArgs
10534c20 D componentSpecLegal..DBF
1053a608 D connBlockScreenStart
1053a600 D connSetupPrefix
1001fdc4 U connect
1007e8c0 T coreAddDevice
1053de3c D coreKbd
105400fc D coreKbdName
1007dee8 T corePointerControl
10020ba4 T corePointerEvent
1053de58 D corePriv
1053de50 D corePtr
105400f8 D corePtrName
1053de48 D corePtrXIndex
10540100 D corePtrYIndex
100bdd04 T coreRemoveDevice
101a83cc T coreSendBtnEvent
1007e160 T coreSetCursorPosition
1053de40 D coreX
1053de44 D coreY
105527a8 D coroutineStack
1001fbe4 U ctime
1053a610 D currentMaxClients
1053a630 D currentTime
1004e5a0 T dbcDelayedSwapBufferDone
1006d19c T dbcMakeDoubleBuffered
10075d28 T dbcNoticeSwapInitiated
101a8874 T dbcReset
10033a0c T dbcSetDrawBuffer
1004ec38 T dbcSwapBuffers
1004efe0 T dbcTicketDelete..HPF
1053e070 D dbcTicketQueueEnd..JPF
1053e06c D dbcTicketQueueFront..IPF
1053e068 D dbcTicketResType..GPF
10534148 D dbcWindowPrivateIndex
105401cc D dbeScreenPrivIndex..PPF
105401d0 D dbeWindowPrivIndex..AAG
1001fd38 U dbm_fetch
1001fcac U dbm_open
10550e68 D ddxActiveScreens
100c0a88 T ddxAddScreenRequest
1011ddc4 T ddxChangeToScreen
10550e60 D ddxCurrentScreen
1053fd18 D ddxDeviceConfigDir
10533bc4 D ddxDfltClass
10533bc0 D ddxDfltDepth
105400d8 D ddxDfltLoadType
105400dc D ddxDfltPseudoCmap
105400e0 D ddxDfltStaticCmap
10550e58 D ddxDfltVisualID
100a0828 T ddxFindAvailableBoards..BGG
1008f9a4 T ddxFindDeviceOptions
1011dcf8 T ddxFindFirstTypedBoard
100be9bc T ddxFlaggedUseMsg
1009051c T ddxGetBoardInfo
100a0b6c T ddxGetBoardName
100805a0 T ddxGetScreenInfo
100a460c T ddxGiveUp
1053d7fc D ddxGroupID
1009f8d0 T ddxInitArguments
10540128 D ddxInputConfigDir
10551290 D ddxLocatorFilter
10060efc T ddxMakeDynamicModulePath
1053d810 D ddxNRequestedScreens
1053de18 D ddxNumActiveScreens
1053d80c D ddxOpenOnlyOneScreen
1009fa58 T ddxOpenScreens
10550e5c D ddxOverlayFlag
100a0664 T ddxRequestBoards
1053d818 D ddxRequestedScreens
100bfd28 T ddxSetBoardsRequest
100a02f8 T ddxSetColormapDflts
1009f994 T ddxSetIDs
100c0780 T ddxSetLoadType
100c0810 T ddxSetVisualRequest
1053d800 D ddxStacked
1053d7f8 D ddxUserID
1053d804 D ddxWrapX
1053d808 D ddxWrapY
1053a850 D defaultBackingStore
10535e30 D defaultBellControl
1053eebc D defaultCursorFont
1053eec4 D defaultDisplayClass
1053a620 D defaultFont
1053eeb4 D defaultFontPath
1053bd88 D defaultGlyphCachingMode..MOG
10535e40 D defaultIntegerControl
1053ee58 D defaultKeyboardControl
10535e20 D defaultLedControl
1053ee98 D defaultPointerControl
10535e10 D defaultScreenSaverAllowExposures
1053eeac D defaultScreenSaverBlanking
1052fac0 D defaultScreenSaverInterval
1053eea8 D defaultScreenSaverTime
1053eeb8 D defaultTextFont
1053bd20 D defeatAccessControl
100c27a8 T deflate
100c2f4c T deflateCopy
100c2fa0 T deflateEnd
100c22fc T deflateInit2_
100c22b4 T deflateInit_
100c332c T deflateParams
100c3180 T deflateReset
100c2600 T deflateSetDictionary
10535320 D deflate_copyright
1053bca8 D delay_val..MFMB
101a6bb4 T delmemory
10541bb4 D deltaSaveUndersViewable
105401f8 D dev_type
10540114 D devicesPath
10535fa0 D digit_value
1053a854 D disableBackingStore
1053a858 D disableSaveUnders
1053a8b8 D dispatchException
105417a8 D display
1002d6ec T dixChangeGC
1004b65c T dixDestroyPixmap
00000000 U dlclose
00000000 U dlerror
00000000 U dlopen
00000000 U dlsym
10020f24 T doImageText
100c9f84 T doListFontsWithInfo
1002bf98 T doPolyText
1001fcc0 U dup2
1053de1c D dynaDDXDir
10542000 D edata
10554274 D end
00000000 U errno
101b28f8 T etext
1053e4b0 D event_base
00000000 U exit
1053a848 D extensions..FO
1053c78c D extrach..GPDB
00000000 U fabs
10542000 D fbss
00000000 U fchmod
00000000 U fclose
00000000 U fcntl
10503000 D fdata
00000000 U fflush
00000000 U ffs
00000000 U fgets
105308c8 D filters..NBG
100c807c T findFontName
10535ee8 D find_scale
1053f64c D firstcombined..DNHB
10547008 D firstfree..BNHB
00000000 U floor
00000000 U floorf
1053bd4c D font_file_type..LEB
1053bd54 D font_file_type..OBB
1053b710 D font_path_elements..ICK
100d4e80 T fontfcnA
101a57bc T fontfcnB
00000000 U fopen
1053b718 D fpe_functions..JCK
00000000 U fprintf
00000000 U fread
1003b358 T free
10547028 D freearea..FNHB
100d75f4 T fs_build_range
101a39a8 T fs_client_died..AEB
100d8d98 T fs_close_conn..JKBB
100d9e98 T fs_close_font..LDB
1053bdc0 D fs_font_type..BEB
100dd290 T fs_free_fpe..IDB
100d95f4 T fs_init_fpe..HDB
100dc784 T fs_list_fonts..MDB
100dabc4 T fs_load_all_glyphs
100d92b0 T fs_name_check..GDB
100dceac T fs_next_list_with_info..ODB
100d9cc0 T fs_open_font..KDB
100dd260 T fs_reset_fpe..JDB
100dcda0 T fs_start_list_with_info..NDB
101a374c T fs_wakeup..PDB
00000000 U fscanf
00000000 U fseek
00000000 U fstat
1001f9b0 T ftext
10550e48 D gammaAdjust
1053b6f0 D gcPrivateCount..HBH
10123cd4 T gc_check
1001fe8c U getegid
1001fe3c U getenv
1001fe78 U geteuid
00000000 U gethostbyname
1001fba8 U gethostname
1001f9c8 U getpagesize
1001fa54 U getpeername
1001fce8 U getpgrp
1001facc U getpid
1001fa04 U getppid
1001fcfc U getrlimit
1001faa4 U getservbyname
1001fa40 U getsockname
00000000 U gettxt
1001fef0 U getuid
00000000 U getw
1054179c D globalSerialNumber
10062e20 T glxAddDeepWindow
100e23b8 T glxClobberDeepDrawable
100e1ccc T glxDeletePbuffer
10064514 T glxInitWinPriv
10062f5c T glxMiAllocDeepWindow
100e1df8 T glxMiAllocPbuffer
100771f4 T glxMiCloseAllocator
10071f58 T glxMiFreeDeepWindow
100e248c T glxMiFreePbuffer
10086d50 T glxMiInitAllocator
1003eee4 T glxMiUpdateDeepWindow
1003e744 T glxMiValidateDrawable
100e1898 T glxNewPbuffer
100722f4 T glxRemoveDeepWindow
10086e3c T glxScreenInit
1053414c D glxScreenPrivateIndex
10086a44 T glxServerStartUpInit
1003b120 T glxUpdateDeepWindowList
100e179c T glxUpdateIrisGLWinDepth
1003f554 T glxValidateDeepDrawable
10534150 D glxWindowPrivateIndex
10036210 T glxWrapCreateWindow
1003ca50 T glxWrapDestroyWindow
1003b2f0 T glxWrapPostValidateTree
10035fbc T glxWrapRealizeWindow
1003b250 T glxWrapUnrealizeWindow
1053bd8c D glyphCachingMode
1053b6fc D handlers..ICH
105474a8 D haveextrach..FPDB
1053ded0 D here..IO
1053e000 D hwIRIXdebug
00000000 U hypot
00000000 U index
1052f920 D indexForBitsPerPixel..JGG
1052f9a8 D indexForScanlinePad..KGG
1001fdd8 U inet_addr
1001fa2c U inet_ntoa
100e87f0 T inflate
100e82ec T inflateEnd
100e8380 T inflateInit2_
100e8544 T inflateInit_
100e8e40 T inflateReset
100e8584 T inflateSetDictionary
100e8684 T inflateSync
100e5bb0 T inflate_blocks
100e595c T inflate_blocks_free
100e5ac8 T inflate_blocks_new
100e59c8 T inflate_blocks_reset
100e7034 T inflate_codes
100e6ff8 T inflate_codes_free
100e6f84 T inflate_codes_new
10535570 D inflate_copyright
100e7b6c T inflate_fast
100e9e4c T inflate_flush
105352b0 D inflate_mask
100e5904 T inflate_set_dictionary
100e9210 T inflate_trees_bits
100e92e8 T inflate_trees_dynamic
100e8ecc T inflate_trees_fixed
100e9184 T inflate_trees_free
100d5114 T initCIDFont..GLFB
100d4f68 T initFont
10530f38 D initMaxMetrics..JGO
10530f28 D initMinMetrics..IGO
100ca830 T init_fs_handlers
1053ef48 D ink_mask_lsb..IBO
1053ef40 D ink_mask_msb..HBO
1053c770 D inputFileP..DODB
10541bd8 D inputInfo
10552758 D io_clients..EBJC
00000000 U ioctl
10540140 D irixArgs
105400f0 D irixDfltKbdRepeat
10089200 T irixKernInit
1053a8b9 D isItTimeToYield
00000000 U isdigit
00000000 U isspace
00000000 U isupper
1053de30 D kbdKeymapName
1053eae0 D keyboard_map_tag..KGM
1001fa18 U kill
1053b71c D lastAtom
1053a638 D lastDeviceEventTime
1053eecc D lastEvent
1053b740 D lastfdesc
10547018 D lastfree..CNHB
10530f48 D lazy_cidrenderers..ADB
10531408 D lazy_renderer..CDB
10530f68 D lazy_renderers..OCB
1053eb08 D lbxClients
1053ed0c D lbxColormapPrivIndex..GEK
1053ead8 D lbx_font_private
10534ea0 D lbxevdelta..OI
10534ec8 D lbxevpad..PI
10535e7c D limitDataSpace
1053bd30 D limitNoFile
10535e80 D limitStackSpace
10551298 D linkInfo..JO
1001fa90 U listen
101380ac T loadSpeech
1001fdb0 U localeconv
1053eeb0 D logoScreenSaver
101a8fc0 T lookupCapabilityByVisualID
00000000 U lseek
10078a24 T main
1006bc4c T malloc
1053c720 D mallocdebug
100f8db8 T mbufPostSwapBuffer
100fa6c8 T mbufSetDrawBuffer
10089978 T memalign
00000000 U memcmp
00000000 U memcpy
00000000 U memmove
00000000 U memset
1001fab8 U mkdir
1001fb6c U mmap
10534c40 D modNames..LGE
1053eadc D modifier_map_tag..JHM
105528c4 D moninfoData
10531978 D movetemplate..BIGB
1001fb80 U munmap
1053def4 D nBoards..AGG
1053a8b0 D nClients..LLGC
1053de34 D nXDevices
105342f0 D nmbxAccAlphaSizeString
105342e0 D nmbxAccBlueSizeString
105342d0 D nmbxAccGreenSizeString
105342c0 D nmbxAccRedSizeString
105342a8 D nmbxAccumulationBufferString
10534298 D nmbxAlphaBufferString
10534200 D nmbxBestUpdateActionString
10534288 D nmbxBlueSizeString
1003df78 T nmbxCanSupportBuffers
10534388 D nmbxCaveatsString
10534378 D nmbxCmapGroupSizeString
100fc110 T nmbxDeliverEvents
10534248 D nmbxDepthBufferString
10551b98 D nmbxErrorBase
1053e44c D nmbxEventBase
10534318 D nmbxFrameBufferLayerString
10534278 D nmbxGreenSizeString
10534370 D nmbxHWRGBString
10036624 T nmbxLookupCapability
105341e8 D nmbxMaxDisplayBuffersString
10534230 D nmbxNondisplayBuffer1String
10534348 D nmbxNumMultisamplesString
10534218 D nmbxNumNondisplayBuffersString
10534300 D nmbxOpenGLCapableString
10534360 D nmbxPbufferCapableString
10534390 D nmbxRGBARenderOnlyString
10534268 D nmbxRedSizeString
1008c620 T nmbxScreenInit
105341e0 D nmbxScreenPrivateIndex
10534258 D nmbxStencilBufferString
10534310 D nmbxStereoString
10534330 D nmbxTransparentPixelString
105341e4 D nmbxWindowPrivateIndex
10542a80 D noAuthenticationData
10542a78 D noAuthenticationName
10530e48 D noScaleRenderers..HCB
1053bca0 D noTestExtensions
1053ea78 D noXkbExtension
1053e010 D noXkbKeymap
105467d8 D nonExistantChar..BIIB
1053b700 D numHandlers..JCH
105528c0 D numMonitors
10541bb0 D numSaveUndersViewable
1053b714 D num_fpes..HCK
105476c8 D oldHint..CLGB
10535050 D oneruns..GKHC
00000000 U open
1001fd74 U opendir
1001fc0c U openlog
10531718 D padlength..JOBB
100a59a4 T parseAFM
10541c8c D patternCache..CIM
10550e50 D pbufferThreshold
1005b708 T pcfReadFont
10105414 T pcfReadFontInfo
10071b48 T pcfUnloadFont
1001ff2c U pclose
1053e148 D perScreenInfo
1053a640 D permitOldBugs
00000000 U perror
10551768 D pexScreenPrivateIndex
10551f38 D pixel_end..KEK
1053ed14 D pixel_start..JEK
1053b6f4 D pixmapPrivateCount..FBH
101058a0 T pmfReadFont
1001ff18 U popen
1001fedc U pow
1053bd94 D printer_font_type..IEB
00000000 U printf
10530d00 D protocols..DIG
1053eaf0 D proxyList..BL
00000000 U qsort
1053eae4 D queried_tags..NBK
1053c780 D r..LODB
00000000 U rand
105401ec D rdScreenPrivateIndex
00000000 U read
100b6b00 T readCCM
100d53f4 T readCIDFont
100d51dc T readCIDType1Font
100d5248 T readFont
00000000 U readdir
10036688 T realloc
1001fd4c U recvfrom
1001fb1c U recvmsg
1002f5d4 T recycle
10039e7c T remove_fs_handlers
10543fa0 D renderers..FCB
1053bd78 D renderers..MIN
1053a628 D requestingClient
00000000 U rewind
1053eec0 D rgbPath
1053bd40 D rgb_dbm
1053a624 D rootCursor
10077818 T rrmCloseScreen
10033b70 T rrmEvent
1008d8c4 T rrmInit
1053ded4 D rrmOnlyClient..KCL
10551358 D rrmScreenPrivateIndex
1005e3a4 T rrmSetReservedDID
10060c70 T rrmUngrab
1055135c D rrmWindowPrivateIndex
10551ec0 D rtrn..BGE
101961f8 T sReplyXETrapGetAvail
10196304 T sReplyXETrapGetStats
10193280 T sReplyXTrapDispatch
10195dec T sXETrapConfig
10193910 T sXETrapDispatch
10195dac T sXETrapGetAvailable
101965ac T sXETrapGetCurrent
10195e3c T sXETrapGetLastInpTime
10195b18 T sXETrapGetStatistics
10195ba8 T sXETrapGetVersion
10195d6c T sXETrapReset
10195b58 T sXETrapSimulateXEvent
10195be8 T sXETrapStartTrap
10195ad8 T sXETrapStopTrap
1001fe14 U satsetid
105417b0 D savedScreenInfo
10535ec8 D scale
10530d68 D scaleRenderers..GCB
10117180 T scan_cidfont
10112640 T scan_cidtype1font
101144d0 T scan_font
101a74d0 T scan_token
10541640 D screenInfo
1052fac4 D screenIsSaved
1053b6e8 D screenPrivateCount
00000000 U select
1053bd24 D selfhosts..EMG
10163c74 T send_packet..BIG
1001fb30 U sendmsg
1001fd60 U sendto
10541794 D serverClient
105417a0 D serverGeneration
1053bcb4 D sessionSocket..OPJ
10160118 T set_font_authorizations
1001fe00 U setgid
1001fdec U setgroups
00000000 U setoserror
1001fd24 U setpgid
1001fe28 U setreuid
1001fd10 U setrlimit
1001fa7c U setsockopt
1001fcd4 U setvbuf
100779dc T sgiCapCloseScreen..DPF
100374a8 T sgiCapCreateGC..EPF
1053e0b8 D sgiCapGCIndex..CPF
105401e8 D sgiCapGeneration..BPF
105401e4 D sgiCapScreenPrivateIndex
10066720 T sgiCheckDevices
100778c4 T sgiCloseDevice
1007317c T sgiDbeAllocBackBufferName..EAG
1006e260 T sgiDbeGetVisualInfo..DAG
1004fde8 T sgiDbeSwapBuffers..FAG
10072aa4 T sgiIEClientGone
1008f7b0 T sgiIEInit
1053bd10 D sgiInputWrappers
10066e18 T sgiIterateDevices
10540118 D sgiKeySyms
1008fecc T sgiLookupKeymap
1008db38 T sgiMapButtons
1008df18 T sgiMapValuators
1053dee8 D sgiNoDriverDDX
1053deec D sgiNoDriverHeight
1053def0 D sgiNoDriverWidth
1053a5e8 D sgiNumStaticScreens
1008dc54 T sgiOpenDevice
10541c60 D sgiOverrideColorCompare
1008e7f8 T sgiRegisterInterest
101a8684 T sgiRemoveDevice
1008e974 T sgiResetDefaultFontPath
1053a5e0 D sgiScreens
1007e65c T sgiSetCursorPosition
1053ef08 D sgishmbufsize
100a0d78 T shared_space_malloc
10530ce8 D shmInfoFD..B
10542148 D shmPropInfo..MHM
1001fea0 U shmat
1053bc94 D shmbase..OBM
1001feb4 U shmctl
1001fec8 U shmdt
1053dec8 D shmiq
10092658 T shmiqInit
1053decc D shmiqLastEventTime..LO
1009274c T shmiqLink
10540108 D shmiqfds
1054214c D shmname..C
1001fb44 U shutdown
10532610 D si0..CODB
10534c60 D siMatchText..JIE
00000000 U sigaction
00000000 U sigaddset
00000000 U sigemptyset
1001fbbc U siglongjmp
00000000 U signal
1001fbd0 U sigsetjmp
10093018 T simpleAttachCursor
10092ee4 T simpleConstrainPointer
1013447c T simpleConstrainValuator
10066f28 T simpleCreateDevice
10092da4 T simpleKeyboardControl
10092a38 T simplePointerControl
10540130 D simplePtrFuncs
10092964 T simpleSGIKeyboardControl
101345c8 T simpleScalePointer
10092c84 T simpleSetPointer
101337cc T simpleSetResolution
10133f00 T simpleSetValuators
1053b704 D sizeHandlers..KCH
00000000 U sleep
10541c68 D sleepQueue..PAB
10135544 T snfReadFont
10135024 T snfReadFontInfo
10135430 T snfReadHeader
1001fa68 U socket
10550e4c D solidRootOverrideColorName
100fd728 T sp_begin_char_2d
100ffc88 T sp_begin_char_black
10101ea8 T sp_begin_char_screen
100fd6dc T sp_begin_contour_2d
100ffc48 T sp_begin_contour_black
10101a18 T sp_begin_contour_screen
10104178 T sp_begin_sub_char_out
1053ef80 D sp_bics_map
10535f44 D sp_bics_map_size
10139d88 T sp_build_all_bitmaps
1013a7c0 T sp_close_bitmap
101387e4 T sp_close_master_font
1013af58 T sp_compute_bounds
1013ab34 T sp_compute_props
10104168 T sp_curve_out
101018bc T sp_curve_screen
100fe33c T sp_end_char_2d
100fff60 T sp_end_char_black
101021ac T sp_end_char_screen
10104170 T sp_end_contour_out
10103c6c T sp_end_contour_screen
10104160 T sp_end_sub_char_out
1053bd98 D sp_fp_cur
101a1900 T sp_get_char_org..JNP
1005e328 T sp_get_cust_no
10543fd8 D sp_globals
100fd708 T sp_init_2d
1010189c T sp_init_black
10101a58 T sp_init_screen
100fd9f4 T sp_line_2d
10101098 T sp_line_black
10103c8c T sp_line_screen
10138714 T sp_load_char_data
100ca960 T sp_make_comp_char..NIAB
100ccc54 T sp_make_simp_char..OIAB
100932f0 T sp_make_standard_props
10139724 T sp_open_font
1013887c T sp_open_master
101a2264 T sp_plaid_tcb
100cccec T sp_proc_outl_data
101a1b18 T sp_read_bbox
10138530 T sp_report_error
10138668 T sp_reset_master
10101a60 T sp_scan_curve_screen
1011bdf4 T sp_set_specs
1053e08c D speechCloseDownProcSym
1053e090 D speechDispatchProcSym
1053e084 D speechExtensionEntry
1053e078 D speechExtensionHandle
1053e088 D speechInitSym
1053e094 D speechSwappedDispatchProcSym
00000000 U sprintf
10541c10 D sprite..KALB
1053a888 D spriteTrace..PILB
00000000 U sscanf
00000000 U stat
1053bcb8 D state..MHG
00000000 U strcasecmp
00000000 U strcat
00000000 U strchr
00000000 U strcmp
00000000 U strcpy
00000000 U strdup
1053ed64 D stream_in_compressed
1053ed6c D stream_in_plain
1053ed68 D stream_in_uncompressed
1053ed58 D stream_out_compressed
1053ed60 D stream_out_plain
1053ed5c D stream_out_uncompressed
1001f9dc U strerror
00000000 U strlen
00000000 U strncasecmp
00000000 U strncat
00000000 U strncmp
00000000 U strncpy
1001fb94 U strpbrk
00000000 U strrchr
00000000 U strstr
1001fd9c U strtod
00000000 U strtok
00000000 U strtol
10541bf0 D syncEvents..PIDC
1001f9f0 U sysconf
00000000 U syslog
1001ff04 U system
101a5e54 T t1_Allocate
100e3d78 T t1_ApplyContinuity
100fd64c T t1_ArgErr
10104440 T t1_Bezier
101a645c T t1_ChangeDirection
10104b60 T t1_ClosePath
100fcef8 T t1_Consume
100fce14 T t1_Copy
10104efc T t1_CopyPath
1010fc98 T t1_CopyRegion
101a6118 T t1_Destroy
100fcd28 T t1_Dup
1053f5f0 D t1_EmptyRegion
101a6e0c T t1_ILoc
10535f8c D t1_Identity
10136d4c T t1_InitSpaces
1011065c T t1_Interior
10104624 T t1_Join
10104a9c T t1_JoinSegment
101041bc T t1_KillPath
1010eb98 T t1_KillRegion
101043b8 T t1_Line
101042b4 T t1_Loc
1010ffa0 T t1_MoreWorkArea
10105194 T t1_PathXform
101a60bc T t1_Permanent
1014fe70 T t1_Phantom
100fd068 T t1_Pragmatics
101a6f10 T t1_QueryLoc
10136ca4 T t1_QuerySpace
1014fd88 T t1_Snap
1010ee38 T t1_SortSwath
101a6fa0 T t1_StepLine
10110074 T t1_SwathUnion
101372e4 T t1_Transform
100fd41c T t1_TypeErr
10136ad4 T t1_UnConvert
10535f90 D t1_User
101373f8 T t1_Xform
100f87e4 T tag_free..JAG
1053ead0 D tbNext..EBD
10551f10 D tbuf..LFE
1053a8c0 D terminateAtReset
10551ca0 D textBuffer..FBD
00000000 U time
10542988 D timeOutRtx..AIG
1053bd3c D timeTilFrob..FP
1053bd38 D timers..BP
1001fe50 U times
1053bcfc D timesThisConnection
1053c774 D tokenCharP..EODB
1053c758 D tokenLength
1053c754 D tokenMaxP
1053c750 D tokenStartP
1053c75c D tokenTooLong
1053c760 D tokenType
1053c768 D tokenValue
00000000 U tolower
1053b6e4 D totalClientSize
00000000 U toupper
00000000 U umask
1053c718 D uncombined..ENHB
00000000 U ungetc
00000000 U unlink
1053bca4 D userdefinedfontpath
100f8ab4 T valloc
1053525c D vcScreenPrivateIndex
1053be88 D vm_base
1053c72c D vm_free
1015f514 T vm_init
1053c728 D vm_next
1053c730 D vm_size
1001fbf8 U vsnprintf
1053b6ec D windowPrivateCount..JBH
1053b70c D workQueue
10530ae8 D workQueueLast..NN
1001fb08 U write
00000000 U writev
10063344 T xdevAddClientResource
1007ab04 T xdevAddDevice
1007a08c T xdevAddDeviceToCorePtr
100a7774 T xdevConstrainPointer
100a71c8 T xdevConstrainValuator
100a795c T xdevConstrainValuatorByID
1007a164 T xdevDeviceControl
100a73d4 T xdevDeviceControlByID
1007ad98 T xdevDeviceProc
100635a4 T xdevDeviceQuery
1006356c T xdevDeviceQueryByID
100a7414 T xdevGetMotionEvents
10079ea4 T xdevLookupDevice
10075198 T xdevRemoveDevice
100727bc T xdevRemoveResourceClient
100201cc T xdevScreenChange
1003d5e4 T xdevSendBtnEvent
10020a3c T xdevSendValEvents
1007af6c T xdevSetKeyboardDevice
100a7600 T xdevUnconstrainPointer
10530cf8 D xdm_udp_port..OJG
10542a98 D xdmcpGeneration..DKG
1014fb6c T xiFree
1014f780 T xiMalloc
1053ea94 D xkbDebugCtrls
1053ea90 D xkbDebugFlags
1054e978 D yy_yys
1054ebd0 D yy_yyv
105360a0 D yyact
1053fd10 D yybgin
1053c7d8 D yybufptr
1053c7dc D yybufsize
1053c7c8 D yychar
10536418 D yychk
1053f890 D yycrank
10536518 D yydef
1053c7c4 D yyerrflag
1053f878 D yyexca
1054ee28 D yyextra
1053d7e8 D yyfnd
1053c7d0 D yyleng
100a4778 T yylex
101a7dd0 T yylook
1054ee48 D yylstate
1053c7ac D yylval
10536620 D yymatch
1053c7d4 D yymorfg
10536618 D yyout
105361e0 D yypact
100a51b8 T yyparse
105362e0 D yypgo
1053fd14 D yyprevious
1053c7b8 D yyps
1053c7b4 D yypv
10536328 D yyr1
105363a0 D yyr2
1053f868 D yys
1053cfe8 D yysbuf
1053c7bc D yystate
1053f9b0 D yysvec
1053c7e8 D yytext
1053c7c0 D yytmp
1053661c D yytop
1053f86c D yyv
1053c7b0 D yyval
10533b28 D yyvstop
105352f8 D z_errmsg
1019b3b4 T zcalloc
1019b36c T zcfree
10534f50 D zeroruns..HKHC
1019b3a0 T zlibVersion
